Component: Arm Compiler for Embedded 6.19 Tool: armlink [5e73cb00]

==============================================================================

Section Cross References

    startup_stm32h747xx_cm7.o(RESET) refers to startup_stm32h747xx_cm7.o(STACK) for __initial_sp
    startup_stm32h747xx_cm7.o(RESET) refers to startup_stm32h747xx_cm7.o(.text) for Reset_Handler
    startup_stm32h747xx_cm7.o(RESET) refers to stm32h7xx_it_1.o(.text.NMI_Handler) for NMI_Handler
    startup_stm32h747xx_cm7.o(RESET) refers to stm32h7xx_it_1.o(.text.HardFault_Handler) for HardFault_Handler
    startup_stm32h747xx_cm7.o(RESET) refers to stm32h7xx_it_1.o(.text.MemManage_Handler) for MemManage_Handler
    startup_stm32h747xx_cm7.o(RESET) refers to stm32h7xx_it_1.o(.text.BusFault_Handler) for BusFault_Handler
    startup_stm32h747xx_cm7.o(RESET) refers to stm32h7xx_it_1.o(.text.UsageFault_Handler) for UsageFault_Handler
    startup_stm32h747xx_cm7.o(RESET) refers to stm32h7xx_it_1.o(.text.SVC_Handler) for SVC_Handler
    startup_stm32h747xx_cm7.o(RESET) refers to stm32h7xx_it_1.o(.text.DebugMon_Handler) for DebugMon_Handler
    startup_stm32h747xx_cm7.o(RESET) refers to stm32h7xx_it_1.o(.text.PendSV_Handler) for PendSV_Handler
    startup_stm32h747xx_cm7.o(RESET) refers to stm32h7xx_it_1.o(.text.SysTick_Handler) for SysTick_Handler
    startup_stm32h747xx_cm7.o(RESET) refers to stm32h7xx_it_1.o(.text.DMA1_Stream0_IRQHandler) for DMA1_Stream0_IRQHandler
    startup_stm32h747xx_cm7.o(RESET) refers to stm32h7xx_it_1.o(.text.DMA1_Stream1_IRQHandler) for DMA1_Stream1_IRQHandler
    startup_stm32h747xx_cm7.o(RESET) refers to stm32h7xx_it_1.o(.text.TIM3_IRQHandler) for TIM3_IRQHandler
    startup_stm32h747xx_cm7.o(RESET) refers to stm32h7xx_it_1.o(.text.USART1_IRQHandler) for USART1_IRQHandler
    startup_stm32h747xx_cm7.o(RESET) refers to stm32h7xx_it_1.o(.text.USART3_IRQHandler) for USART3_IRQHandler
    startup_stm32h747xx_cm7.o(RESET) refers to stm32h7xx_it_1.o(.text.UART4_IRQHandler) for UART4_IRQHandler
    startup_stm32h747xx_cm7.o(.text) refers to system_stm32h7xx_dualcore_boot_cm4_cm7.o(.text.SystemInit) for SystemInit
    startup_stm32h747xx_cm7.o(.text) refers to entry.o(.ARM.Collect$$$$00000000) for __main
    sdram_fmc_drv.o(.text.Ext_SDRAM_Init) refers to fmc.o(.bss.hsdram1) for hsdram1
    sdram_fmc_drv.o(.text.Ext_SDRAM_Init) refers to stm32h7xx_hal_sdram.o(.text.HAL_SDRAM_SendCommand) for HAL_SDRAM_SendCommand
    sdram_fmc_drv.o(.text.Ext_SDRAM_Init) refers to stm32h7xx_hal.o(.text.HAL_Delay) for HAL_Delay
    sdram_fmc_drv.o(.text.Ext_SDRAM_Init) refers to stm32h7xx_hal_sdram.o(.text.HAL_SDRAM_ProgramRefreshRate) for HAL_SDRAM_ProgramRefreshRate
    sdram_fmc_drv.o(.ARM.exidx.text.Ext_SDRAM_Init) refers to sdram_fmc_drv.o(.text.Ext_SDRAM_Init) for [Anonymous Symbol]
    sdram_fmc_drv.o(.ARM.exidx.text.TestExtSDRAM) refers to sdram_fmc_drv.o(.text.TestExtSDRAM) for [Anonymous Symbol]
    stm32h747i_discovery_qspi.o(.text.BSP_QSPI_Init) refers to stm32h747i_discovery_qspi.o(.bss.QSPIHandle) for QSPIHandle
    stm32h747i_discovery_qspi.o(.text.BSP_QSPI_Init) refers to stm32h7xx_hal_qspi.o(.text.HAL_QSPI_DeInit) for HAL_QSPI_DeInit
    stm32h747i_discovery_qspi.o(.text.BSP_QSPI_Init) refers to stm32h747i_discovery_qspi.o(.text.BSP_QSPI_MspInit) for BSP_QSPI_MspInit
    stm32h747i_discovery_qspi.o(.text.BSP_QSPI_Init) refers to stm32h7xx_hal_qspi.o(.text.HAL_QSPI_Init) for HAL_QSPI_Init
    stm32h747i_discovery_qspi.o(.text.BSP_QSPI_Init) refers to stm32h7xx_hal_qspi.o(.text.HAL_QSPI_Command) for HAL_QSPI_Command
    stm32h747i_discovery_qspi.o(.text.BSP_QSPI_Init) refers to stm32h747i_discovery_qspi.o(.text.QSPI_AutoPollingMemReady) for QSPI_AutoPollingMemReady
    stm32h747i_discovery_qspi.o(.text.BSP_QSPI_Init) refers to stm32h7xx_hal_qspi.o(.text.HAL_QSPI_AutoPolling) for HAL_QSPI_AutoPolling
    stm32h747i_discovery_qspi.o(.text.BSP_QSPI_Init) refers to stm32h7xx_hal_qspi.o(.text.HAL_QSPI_Receive) for HAL_QSPI_Receive
    stm32h747i_discovery_qspi.o(.text.BSP_QSPI_Init) refers to stm32h7xx_hal_qspi.o(.text.HAL_QSPI_Transmit) for HAL_QSPI_Transmit
    stm32h747i_discovery_qspi.o(.ARM.exidx.text.BSP_QSPI_Init) refers to stm32h747i_discovery_qspi.o(.text.BSP_QSPI_Init) for [Anonymous Symbol]
    stm32h747i_discovery_qspi.o(.text.BSP_QSPI_MspInit) refers to stm32h7xx_hal_gpio.o(.text.HAL_GPIO_Init) for HAL_GPIO_Init
    stm32h747i_discovery_qspi.o(.text.BSP_QSPI_MspInit) refers to stm32h7xx_hal_cortex.o(.text.HAL_NVIC_SetPriority) for HAL_NVIC_SetPriority
    stm32h747i_discovery_qspi.o(.text.BSP_QSPI_MspInit) refers to stm32h7xx_hal_cortex.o(.text.HAL_NVIC_EnableIRQ) for HAL_NVIC_EnableIRQ
    stm32h747i_discovery_qspi.o(.ARM.exidx.text.BSP_QSPI_MspInit) refers to stm32h747i_discovery_qspi.o(.text.BSP_QSPI_MspInit) for [Anonymous Symbol]
    stm32h747i_discovery_qspi.o(.text.BSP_QSPI_DeInit) refers to stm32h747i_discovery_qspi.o(.bss.QSPIHandle) for QSPIHandle
[...]
    [Anonymous Symbol]                       0x08004c08   Section        0  stm32h7xx_hal_sai.o(.text.HAL_SAI_Init)
    [Anonymous Symbol]                       0x08005048   Section        0  sai.o(.text.HAL_SAI_MspInit)
    [Anonymous Symbol]                       0x08005138   Section        0  stm32h7xx_hal_sdram.o(.text.HAL_SDRAM_Init)
    [Anonymous Symbol]                       0x08005188   Section        0  fmc.o(.text.HAL_SDRAM_MspInit)
    [Anonymous Symbol]                       0x08005288   Section        0  stm32h7xx_hal_sdram.o(.text.HAL_SDRAM_ProgramRefreshRate)
    [Anonymous Symbol]                       0x080052b8   Section        0  stm32h7xx_hal_sdram.o(.text.HAL_SDRAM_SendCommand)
    [Anonymous Symbol]                       0x080052f8   Section        0  stm32h7xx_hal.o(.text.HAL_SYSCFG_AnalogSwitchConfig)
    [Anonymous Symbol]                       0x08005310   Section        0  stm32h7xx_hal_tim_ex.o(.text.HAL_TIMEx_Break2Callback)
    [Anonymous Symbol]                       0x08005318   Section        0  stm32h7xx_hal_tim_ex.o(.text.HAL_TIMEx_BreakCallback)
    [Anonymous Symbol]                       0x08005320   Section        0  stm32h7xx_hal_tim_ex.o(.text.HAL_TIMEx_CommutCallback)
    [Anonymous Symbol]                       0x08005328   Section        0  stm32h7xx_hal_tim.o(.text.HAL_TIM_Base_Init)
    [Anonymous Symbol]                       0x08005388   Section        0  stm32h7xx_hal_tim.o(.text.HAL_TIM_Base_MspInit)
    [Anonymous Symbol]                       0x08005390   Section        0  stm32h7xx_hal_tim.o(.text.HAL_TIM_Base_Start_IT)
    [Anonymous Symbol]                       0x08005448   Section        0  stm32h7xx_hal_tim.o(.text.HAL_TIM_IC_CaptureCallback)
    [Anonymous Symbol]                       0x08005450   Section        0  stm32h7xx_hal_tim.o(.text.HAL_TIM_IRQHandler)
    [Anonymous Symbol]                       0x080055e0   Section        0  stm32h7xx_hal_tim.o(.text.HAL_TIM_OC_DelayElapsedCallback)
    [Anonymous Symbol]                       0x080055e8   Section        0  stm32h7xx_hal_tim.o(.text.HAL_TIM_PWM_PulseFinishedCallback)
    [Anonymous Symbol]                       0x080055f0   Section        0  main_1.o(.text.HAL_TIM_PeriodElapsedCallback)
    [Anonymous Symbol]                       0x08005608   Section        0  stm32h7xx_hal_tim.o(.text.HAL_TIM_TriggerCallback)
    [Anonymous Symbol]                       0x08005610   Section        0  stm32h7xx_hal_uart_ex.o(.text.HAL_UARTEx_DisableFifoMode)
    [Anonymous Symbol]                       0x08005648   Section        0  stm32h7xx_hal_uart_ex.o(.text.HAL_UARTEx_ReceiveToIdle_IT)
    [Anonymous Symbol]                       0x080056e0   Section        0  usart_1.o(.text.HAL_UARTEx_RxEventCallback)
    [Anonymous Symbol]                       0x08005780   Section        0  stm32h7xx_hal_uart_ex.o(.text.HAL_UARTEx_RxFifoFullCallback)
    [Anonymous Symbol]                       0x08005788   Section        0  stm32h7xx_hal_uart_ex.o(.text.HAL_UARTEx_SetRxFifoThreshold)
    [Anonymous Symbol]                       0x08005818   Section        0  stm32h7xx_hal_uart_ex.o(.text.HAL_UARTEx_SetTxFifoThreshold)
    [Anonymous Symbol]                       0x080058a8   Section        0  stm32h7xx_hal_uart_ex.o(.text.HAL_UARTEx_TxFifoEmptyCallback)
    [Anonymous Symbol]                       0x080058b0   Section        0  stm32h7xx_hal_uart_ex.o(.text.HAL_UARTEx_WakeupCallback)
    [Anonymous Symbol]                       0x080058b8   Section        0  stm32h7xx_hal_uart.o(.text.HAL_UART_ErrorCallback)
    [Anonymous Symbol]                       0x080058c0   Section        0  stm32h7xx_hal_uart.o(.text.HAL_UART_IRQHandler)
    [Anonymous Symbol]                       0x08006018   Section        0  stm32h7xx_hal_uart.o(.text.HAL_UART_Init)
    [Anonymous Symbol]                       0x08006080   Section        0  usart_1.o(.text.HAL_UART_MspInit)
    [Anonymous Symbol]                       0x080061f0   Section        0  stm32h7xx_hal_uart.o(.text.HAL_UART_RxCpltCallback)
    [Anonymous Symbol]                       0x080061f8   Section        0  stm32h7xx_hal_uart.o(.text.HAL_UART_Transmit)
    [Anonymous Symbol]                       0x080062c8   Section        0  stm32h7xx_hal_uart.o(.text.HAL_UART_TxCpltCallback)
    [Anonymous Symbol]                       0x080062d0   Section        0  stm32h7xx_it_1.o(.text.HardFault_Handler)
    [Anonymous Symbol]                       0x080062d8   Section        0  dcmi.o(.text.MX_DCMI_Init)
    [Anonymous Symbol]                       0x08006318   Section        0  dma_1.o(.text.MX_DMA_Init)
    [Anonymous Symbol]                       0x08006360   Section        0  fmc.o(.text.MX_FMC_Init)
    [Anonymous Symbol]                       0x080063c8   Section        0  gpio.o(.text.MX_GPIO_Init)
    [Anonymous Symbol]                       0x08006478   Section        0  i2c.o(.text.MX_I2C1_Init)
    [Anonymous Symbol]                       0x080064e8   Section        0  i2c.o(.text.MX_I2C2_Init)
    [Anonymous Symbol]                       0x08006558   Section        0  quadspi.o(.text.MX_QUADSPI_Init)
    [Anonymous Symbol]                       0x080065a0   Section        0  sai.o(.text.MX_SAI1_Init)
    [Anonymous Symbol]                       0x08006618   Section        0  usart_1.o(.text.MX_UART4_Init)
    [Anonymous Symbol]                       0x08006698   Section        0  usart_1.o(.text.MX_USART1_UART_Init)
    [Anonymous Symbol]                       0x08006718   Section        0  usart_1.o(.text.MX_USART3_UART_Init)
    [Anonymous Symbol]                       0x080067a0   Section        0  stm32h7xx_it_1.o(.text.MemManage_Handler)
    [Anonymous Symbol]                       0x080067a8   Section        0  stm32h7xx_it_1.o(.text.NMI_Handler)
    [Anonymous Symbol]                       0x080067b0   Section        0  stm32h7xx_it_1.o(.text.PendSV_Handler)
    RCCEx_PLL2_Config                        0x080067b9   Thumb Code   290  stm32h7xx_hal_rcc_ex.o(.text.RCCEx_PLL2_Config)
    [Anonymous Symbol]                       0x080067b8   Section        0  stm32h7xx_hal_rcc_ex.o(.text.RCCEx_PLL2_Config)
    RCCEx_PLL3_Config                        0x080068e1   Thumb Code   290  stm32h7xx_hal_rcc_ex.o(.text.RCCEx_PLL3_Config)
    [Anonymous Symbol]                       0x080068e0   Section        0  stm32h7xx_hal_rcc_ex.o(.text.RCCEx_PLL3_Config)
    [Anonymous Symbol]                       0x08006a08   Section        0  stm32h7xx_it_1.o(.text.SVC_Handler)
    [Anonymous Symbol]                       0x08006a10   Section        0  stm32h7xx_it_1.o(.text.SysTick_Handler)
    [Anonymous Symbol]                       0x08006a18   Section        0  main_1.o(.text.SystemClock_Config)
    [Anonymous Symbol]                       0x08006af8   Section        0  system_stm32h7xx_dualcore_boot_cm4_cm7.o(.text.SystemInit)
    [Anonymous Symbol]                       0x08006be0   Section        0  stm32h7xx_it_1.o(.text.TIM3_IRQHandler)
    [Anonymous Symbol]                       0x08006bf0   Section        0  stm32h7xx_hal_tim.o(.text.TIM_Base_SetConfig)
    [Anonymous Symbol]                       0x08006d48   Section        0  main_1.o(.text.TestMemoryLatency)
    [Anonymous Symbol]                       0x08007428   Section        0  gpio.o(.text.Tri_Color_LED_Init)
    [Anonymous Symbol]                       0x080074d0   Section        0  gpio.o(.text.Tri_LED_On)
    [Anonymous Symbol]                       0x08007518   Section        0  stm32h7xx_it_1.o(.text.UART4_IRQHandler)
    [Anonymous Symbol]                       0x08007540   Section        0  stm32h7xx_hal_uart.o(.text.UART_AdvFeatureConfig)
    [Anonymous Symbol]                       0x08007620   Section        0  stm32h7xx_hal_uart.o(.text.UART_CheckIdleState)
    UART_DMAAbortOnError                     0x08007799   Thumb Code    16  stm32h7xx_hal_uart.o(.text.UART_DMAAbortOnError)
    [Anonymous Symbol]                       0x08007798   Section        0  stm32h7xx_hal_uart.o(.text.UART_DMAAbortOnError)
    UART_RxISR_16BIT                         0x080077a9   Thumb Code   452  stm32h7xx_hal_uart.o(.text.UART_RxISR_16BIT)
    [Anonymous Symbol]                       0x080077a8   Section        0  stm32h7xx_hal_uart.o(.text.UART_RxISR_16BIT)
    UART_RxISR_16BIT_FIFOEN                  0x08007971   Thumb Code   820  stm32h7xx_hal_uart.o(.text.UART_RxISR_16BIT_FIFOEN)
    [Anonymous Symbol]                       0x08007970   Section        0  stm32h7xx_hal_uart.o(.text.UART_RxISR_16BIT_FIFOEN)
    UART_RxISR_8BIT                          0x08007ca9   Thumb Code   456  stm32h7xx_hal_uart.o(.text.UART_RxISR_8BIT)
    [Anonymous Symbol]                       0x08007ca8   Section        0  stm32h7xx_hal_uart.o(.text.UART_RxISR_8BIT)
    UART_RxISR_8BIT_FIFOEN                   0x08007e71   Thumb Code   824  stm32h7xx_hal_uart.o(.text.UART_RxISR_8BIT_FIFOEN)
    [Anonymous Symbol]                       0x08007e70   Section        0  stm32h7xx_hal_uart.o(.text.UART_RxISR_8BIT_FIFOEN)
    [Anonymous Symbol]                       0x080081a8   Section        0  stm32h7xx_hal_uart.o(.text.UART_SetConfig)
    [Anonymous Symbol]                       0x08008660   Section        0  stm32h7xx_hal_uart.o(.text.UART_Start_Receive_IT)
    [Anonymous Symbol]                       0x080088d8   Section        0  stm32h7xx_hal_uart.o(.text.UART_WaitOnFlagUntilTimeout)
    [Anonymous Symbol]                       0x08008bc8   Section        0  stm32h7xx_it_1.o(.text.USART1_IRQHandler)
    [Anonymous Symbol]                       0x08008bd8   Section        0  stm32h7xx_it_1.o(.text.USART3_IRQHandler)
    [Anonymous Symbol]                       0x08008be8   Section        0  stm32h7xx_it_1.o(.text.UsageFault_Handler)
    [Anonymous Symbol]                       0x08008bf0   Section        0  main_1.o(.text.fputc)
    [Anonymous Symbol]                       0x08008c18   Section        0  main_1.o(.text.main)
    i.__0printf                              0x080091f8   Section        0  printfa.o(i.__0printf)
    i.__scatterload_copy                     0x08009218   Section       14  handlers.o(i.__scatterload_copy)
    i.__scatterload_null                     0x08009226   Section        2  handlers.o(i.__scatterload_null)
    i.__scatterload_zeroinit                 0x08009228   Section       14  handlers.o(i.__scatterload_zeroinit)
    _fp_digits                               0x08009239   Thumb Code   366  printfa.o(i._fp_digits)
    i._fp_digits                             0x08009238   Section        0  printfa.o(i._fp_digits)
    _printf_core                             0x080093bd   Thumb Code  1744  printfa.o(i._printf_core)
    i._printf_core                           0x080093bc   Section        0  printfa.o(i._printf_core)
    _printf_post_padding                     0x08009a99   Thumb Code    36  printfa.o(i._printf_post_padding)
    i._printf_post_padding                   0x08009a98   Section        0  printfa.o(i._printf_post_padding)
    _printf_pre_padding                      0x08009abd   Thumb Code    46  printfa.o(i._printf_pre_padding)
    i._printf_pre_padding                    0x08009abc   Section        0  printfa.o(i._printf_pre_padding)
    i.puts                                   0x08009aec   Section        0  puts.o(i.puts)
    .Lswitch.table.UART_SetConfig.5          0x08009b10   Data           6  stm32h7xx_hal_uart.o(.rodata..Lswitch.table.UART_SetConfig.5)
    .Lswitch.table.UART_SetConfig.7          0x08009b16   Data           6  stm32h7xx_hal_uart.o(.rodata..Lswitch.table.UART_SetConfig.7)
    UARTEx_SetNbDataToProcess.numerator      0x08009b44   Data           8  stm32h7xx_hal_uart_ex.o(.rodata.cst8)
    [Anonymous Symbol]                       0x08009b44   Section        0  stm32h7xx_hal_uart_ex.o(.rodata.cst8)
    UARTEx_SetNbDataToProcess.denominator    0x08009b4c   Data           8  stm32h7xx_hal_uart_ex.o(.rodata.cst8)
    .L.str.14                                0x08009b54   Data          48  main_1.o(.rodata.str1.1)
    [Anonymous Symbol]                       0x08009b54   Section        0  main_1.o(.rodata.str1.1)
    .Lstr.28                                 0x08009b84   Data          39  main_1.o(.rodata.str1.1)
    .L.str.17                                0x08009bab   Data          47  main_1.o(.rodata.str1.1)
    .L.str.12                                0x08009bda   Data          29  main_1.o(.rodata.str1.1)
    .L.str.11                                0x08009bf7   Data          24  main_1.o(.rodata.str1.1)
    .Lstr.26                                 0x08009c0f   Data          30  main_1.o(.rodata.str1.1)
    .Lstr.27                                 0x08009c2d   Data          37  main_1.o(.rodata.str1.1)
    .L_MergedGlobals                         0x20001000   Data           8  stm32h7xx_hal.o(.data..L_MergedGlobals)
    [Anonymous Symbol]                       0x20001000   Section        0  stm32h7xx_hal.o(.data..L_MergedGlobals)
    .L_MergedGlobals                         0x20001008   Data           8  system_stm32h7xx_dualcore_boot_cm4_cm7.o(.data..L_MergedGlobals)
    [Anonymous Symbol]                       0x20001008   Section        0  system_stm32h7xx_dualcore_boot_cm4_cm7.o(.data..L_MergedGlobals)
    .L_MergedGlobals                         0x20001018   Data         124  sai.o(.bss..L_MergedGlobals)
    SAI1_client                              0x20001018   Data           4  sai.o(.bss..L_MergedGlobals)
    [Anonymous Symbol]                       0x20001018   Section        0  sai.o(.bss..L_MergedGlobals)
    FMC_Initialized                          0x20001094   Data           1  fmc.o(.bss.FMC_Initialized)
    [Anonymous Symbol]                       0x20001094   Section        0  fmc.o(.bss.FMC_Initialized)
    STACK                                    0x20001888   Section     1024  startup_stm32h747xx_cm7.o(STACK)

    Global Symbols

    Symbol Name                              Value     Ov Type        Size  Object(Section)

    BuildAttributes$$THM_ISAv4$E$P$D$K$B$S$7EM$VFPv5_D16$PE$PLD8$A:L22UL41UL21$X:L11$S22US41US21$IEEE1$IW$~IW$USESV6$~STKCKD$USESV7$~SHL$OTIME$ROPI$IEEEX$EBA8$MICROLIB$REQ8$PRES8$EABIv2 0x00000000   Number         0  anon$$obj.o ABSOLUTE
    __use_no_errno                           0x00000000   Number         0  useno.o ABSOLUTE
    __use_no_exception_handling              0x00000000   Number         0  useno.o ABSOLUTE
    __use_no_fp                              0x00000000   Number         0  useno.o ABSOLUTE
    __use_no_heap                            0x00000000   Number         0  useno.o ABSOLUTE
    __use_no_heap_region                     0x00000000   Number         0  useno.o ABSOLUTE
    __use_no_semihosting                     0x00000000   Number         0  useno.o ABSOLUTE
    __use_no_semihosting_swi                 0x00000000   Number         0  useno.o ABSOLUTE
    __use_no_signal_handling                 0x00000000   Number         0  useno.o ABSOLUTE
    _printf_a                                0x00000000   Number         0  printfstubs.o ABSOLUTE
    _printf_c                                0x00000000   Number         0  printfstubs.o ABSOLUTE
    _printf_charcount                        0x00000000   Number         0  printfstubs.o ABSOLUTE
    _printf_d                                0x00000000   Number         0  printfstubs.o ABSOLUTE
    _printf_e                                0x00000000   Number         0  printfstubs.o ABSOLUTE
    _printf_f                                0x00000000   Number         0  printfstubs.o ABSOLUTE
    _printf_flags                            0x00000000   Number         0  printfstubs.o ABSOLUTE
    _printf_fp_dec                           0x00000000   Number         0  printfstubs.o ABSOLUTE
    _printf_fp_hex                           0x00000000   Number         0  printfstubs.o ABSOLUTE
    _printf_g                                0x00000000   Number         0  printfstubs.o ABSOLUTE
    _printf_i                                0x00000000   Number         0  printfstubs.o ABSOLUTE
    _printf_int_dec                          0x00000000   Number         0  printfstubs.o ABSOLUTE
    _printf_l                                0x00000000   Number         0  printfstubs.o ABSOLUTE
    _printf_lc                               0x00000000   Number         0  printfstubs.o ABSOLUTE
    _printf_ll                               0x00000000   Number         0  printfstubs.o ABSOLUTE
    _printf_lld                              0x00000000   Number         0  printfstubs.o ABSOLUTE
    _printf_lli                              0x00000000   Number         0  printfstubs.o ABSOLUTE
    _printf_llo                              0x00000000   Number         0  printfstubs.o ABSOLUTE
    _printf_llu                              0x00000000   Number         0  printfstubs.o ABSOLUTE
    _printf_llx                              0x00000000   Number         0  printfstubs.o ABSOLUTE
    _printf_longlong_dec                     0x00000000   Number         0  printfstubs.o ABSOLUTE
    _printf_longlong_hex                     0x00000000   Number         0  printfstubs.o ABSOLUTE
    _printf_longlong_oct                     0x00000000   Number         0  printfstubs.o ABSOLUTE
    _printf_ls                               0x00000000   Number         0  printfstubs.o ABSOLUTE
    _printf_mbtowc                           0x00000000   Number         0  printfstubs.o ABSOLUTE
    _printf_n                                0x00000000   Number         0  printfstubs.o ABSOLUTE
    _printf_o                                0x00000000   Number         0  printfstubs.o ABSOLUTE
    _printf_p                                0x00000000   Number         0  printfstubs.o ABSOLUTE
    _printf_percent                          0x00000000   Number         0  printfstubs.o ABSOLUTE
    _printf_pre_padding                      0x00000000   Number         0  printfstubs.o ABSOLUTE
    _printf_return_value                     0x00000000   Number         0  printfstubs.o ABSOLUTE
    _printf_s                                0x00000000   Number         0  printfstubs.o ABSOLUTE
    _printf_sizespec                         0x00000000   Number         0  printfstubs.o ABSOLUTE
    _printf_str                              0x00000000   Number         0  printfstubs.o ABSOLUTE
    _printf_truncate_signed                  0x00000000   Number         0  printfstubs.o ABSOLUTE
    _printf_truncate_unsigned                0x00000000   Number         0  printfstubs.o ABSOLUTE
    _printf_u                                0x00000000   Number         0  printfstubs.o ABSOLUTE
    _printf_wc                               0x00000000   Number         0  printfstubs.o ABSOLUTE
    _printf_wctomb                           0x00000000   Number         0  printfstubs.o ABSOLUTE
    _printf_widthprec                        0x00000000   Number         0  printfstubs.o ABSOLUTE
    _printf_x                                0x00000000   Number         0  printfstubs.o ABSOLUTE
    __cpp_initialize__aeabi_                  - Undefined Weak Reference
    __cxa_finalize                            - Undefined Weak Reference
    __decompress                              - Undefined Weak Reference
    _clock_init                               - Undefined Weak Reference
    _microlib_exit                            - Undefined Weak Reference
    __Vectors_Size                           0x00000298   Number         0  startup_stm32h747xx_cm7.o ABSOLUTE
    __Vectors                                0x08000000   Data           4  startup_stm32h747xx_cm7.o(RESET)
    __Vectors_End                            0x08000298   Data           0  startup_stm32h747xx_cm7.o(RESET)
    __main                                   0x08000299   Thumb Code     0  entry.o(.ARM.Collect$$$$00000000)
    _main_stk                                0x08000299   Thumb Code     0  entry2.o(.ARM.Collect$$$$00000001)
    _main_scatterload                        0x0800029d   Thumb Code     0  entry5.o(.ARM.Collect$$$$00000004)
    __main_after_scatterload                 0x080002a1   Thumb Code     0  entry5.o(.ARM.Collect$$$$00000004)
    _main_clock                              0x080002a1   Thumb Code     0  entry7b.o(.ARM.Collect$$$$00000008)
    _main_cpp_init                           0x080002a1   Thumb Code     0  entry8b.o(.ARM.Collect$$$$0000000A)
    _main_init                               0x080002a1   Thumb Code     0  entry9a.o(.ARM.Collect$$$$0000000B)
    __rt_final_cpp                           0x080002a9   Thumb Code     0  entry10a.o(.ARM.Collect$$$$0000000D)
    __rt_final_exit                          0x080002a9   Thumb Code     0  entry11a.o(.ARM.Collect$$$$0000000F)
    Reset_Handler                            0x080002ad   Thumb Code     8  startup_stm32h747xx_cm7.o(.text)
    ADC3_IRQHandler                          0x080002c7   Thumb Code     0  startup_stm32h747xx_cm7.o(.text)
    ADC_IRQHandler                           0x080002c7   Thumb Code     0  startup_stm32h747xx_cm7.o(.text)
    BDMA_Channel0_IRQHandler                 0x080002c7   Thumb Code     0  startup_stm32h747xx_cm7.o(.text)
    BDMA_Channel1_IRQHandler                 0x080002c7   Thumb Code     0  startup_stm32h747xx_cm7.o(.text)
    BDMA_Channel2_IRQHandler                 0x080002c7   Thumb Code     0  startup_stm32h747xx_cm7.o(.text)
    BDMA_Channel3_IRQHandler                 0x080002c7   Thumb Code     0  startup_stm32h747xx_cm7.o(.text)
    BDMA_Channel4_IRQHandler                 0x080002c7   Thumb Code     0  startup_stm32h747xx_cm7.o(.text)
    BDMA_Channel5_IRQHandler                 0x080002c7   Thumb Code     0  startup_stm32h747xx_cm7.o(.text)
    BDMA_Channel6_IRQHandler                 0x080002c7   Thumb Code     0  startup_stm32h747xx_cm7.o(.text)
    BDMA_Channel7_IRQHandler                 0x080002c7   Thumb Code     0  startup_stm32h747xx_cm7.o(.text)
    CEC_IRQHandler                           0x080002c7   Thumb Code     0  startup_stm32h747xx_cm7.o(.text)
    CM4_SEV_IRQHandler                       0x080002c7   Thumb Code     0  startup_stm32h747xx_cm7.o(.text)
    CM7_SEV_IRQHandler                       0x080002c7   Thumb Code     0  startup_stm32h747xx_cm7.o(.text)
    COMP1_IRQHandler                         0x080002c7   Thumb Code     0  startup_stm32h747xx_cm7.o(.text)
    CRS_IRQHandler                           0x080002c7   Thumb Code     0  startup_stm32h747xx_cm7.o(.text)
    DCMI_IRQHandler                          0x080002c7   Thumb Code     0  startup_stm32h747xx_cm7.o(.text)
    DFSDM1_FLT0_IRQHandler                   0x080002c7   Thumb Code     0  startup_stm32h747xx_cm7.o(.text)
    DFSDM1_FLT1_IRQHandler                   0x080002c7   Thumb Code     0  startup_stm32h747xx_cm7.o(.text)
    DFSDM1_FLT2_IRQHandler                   0x080002c7   Thumb Code     0  startup_stm32h747xx_cm7.o(.text)
    DFSDM1_FLT3_IRQHandler                   0x080002c7   Thumb Code     0  startup_stm32h747xx_cm7.o(.text)
    DMA1_Stream2_IRQHandler                  0x080002c7   Thumb Code     0  startup_stm32h747xx_cm7.o(.text)
    DMA1_Stream3_IRQHandler                  0x080002c7   Thumb Code     0  startup_stm32h747xx_cm7.o(.text)
    DMA1_Stream4_IRQHandler                  0x080002c7   Thumb Code     0  startup_stm32h747xx_cm7.o(.text)
    DMA1_Stream5_IRQHandler                  0x080002c7   Thumb Code     0  startup_stm32h747xx_cm7.o(.text)
    DMA1_Stream6_IRQHandler                  0x080002c7   Thumb Code     0  startup_stm32h747xx_cm7.o(.text)
    DMA1_Stream7_IRQHandler                  0x080002c7   Thumb Code     0  startup_stm32h747xx_cm7.o(.text)
    DMA2D_IRQHandler                         0x080002c7   Thumb Code     0  startup_stm32h747xx_cm7.o(.text)
    DMA2_Stream0_IRQHandler                  0x080002c7   Thumb Code     0  startup_stm32h747xx_cm7.o(.text)
    DMA2_Stream1_IRQHandler                  0x080002c7   Thumb Code     0  startup_stm32h747xx_cm7.o(.text)
    DMA2_Stream2_IRQHandler                  0x080002c7   Thumb Code     0  startup_stm32h747xx_cm7.o(.text)
    DMA2_Stream3_IRQHandler                  0x080002c7   Thumb Code     0  startup_stm32h747xx_cm7.o(.text)
    DMA2_Stream4_IRQHandler                  0x080002c7   Thumb Code     0  startup_stm32h747xx_cm7.o(.text)
    DMA2_Stream5_IRQHandler                  0x080002c7   Thumb Code     0  startup_stm32h747xx_cm7.o(.text)
    DMA2_Stream6_IRQHandler                  0x080002c7   Thumb Code     0  startup_stm32h747xx_cm7.o(.text)
    DMA2_Stream7_IRQHandler                  0x080002c7   Thumb Code     0  startup_stm32h747xx_cm7.o(.text)
    DMAMUX1_OVR_IRQHandler                   0x080002c7   Thumb Code     0  startup_stm32h747xx_cm7.o(.text)
    DMAMUX2_OVR_IRQHandler                   0x080002c7   Thumb Code     0  startup_stm32h747xx_cm7.o(.text)
    DSI_IRQHandler                           0x080002c7   Thumb Code     0  startup_stm32h747xx_cm7.o(.text)
    ECC_IRQHandler                           0x080002c7   Thumb Code     0  startup_stm32h747xx_cm7.o(.text)
    ETH_IRQHandler                           0x080002c7   Thumb Code     0  startup_stm32h747xx_cm7.o(.text)
    ETH_WKUP_IRQHandler                      0x080002c7   Thumb Code     0  startup_stm32h747xx_cm7.o(.text)
    EXTI0_IRQHandler                         0x080002c7   Thumb Code     0  startup_stm32h747xx_cm7.o(.text)
    EXTI15_10_IRQHandler                     0x080002c7   Thumb Code     0  startup_stm32h747xx_cm7.o(.text)
    EXTI1_IRQHandler                         0x080002c7   Thumb Code     0  startup_stm32h747xx_cm7.o(.text)
    EXTI2_IRQHandler                         0x080002c7   Thumb Code     0  startup_stm32h747xx_cm7.o(.text)
    EXTI3_IRQHandler                         0x080002c7   Thumb Code     0  startup_stm32h747xx_cm7.o(.text)
    EXTI4_IRQHandler                         0x080002c7   Thumb Code     0  startup_stm32h747xx_cm7.o(.text)
    EXTI9_5_IRQHandler                       0x080002c7   Thumb Code     0  startup_stm32h747xx_cm7.o(.text)
    FDCAN1_IT0_IRQHandler                    0x080002c7   Thumb Code     0  startup_stm32h747xx_cm7.o(.text)
    FDCAN1_IT1_IRQHandler                    0x080002c7   Thumb Code     0  startup_stm32h747xx_cm7.o(.text)
    FDCAN2_IT0_IRQHandler                    0x080002c7   Thumb Code     0  startup_stm32h747xx_cm7.o(.text)
    FDCAN2_IT1_IRQHandler                    0x080002c7   Thumb Code     0  startup_stm32h747xx_cm7.o(.text)
    FDCAN_CAL_IRQHandler                     0x080002c7   Thumb Code     0  startup_stm32h747xx_cm7.o(.text)
    FLASH_IRQHandler                         0x080002c7   Thumb Code     0  startup_stm32h747xx_cm7.o(.text)
    FMC_IRQHandler                           0x080002c7   Thumb Code     0  startup_stm32h747xx_cm7.o(.text)
    FPU_IRQHandler                           0x080002c7   Thumb Code     0  startup_stm32h747xx_cm7.o(.text)
    HOLD_CORE_IRQHandler                     0x080002c7   Thumb Code     0  startup_stm32h747xx_cm7.o(.text)
    HRTIM1_FLT_IRQHandler                    0x080002c7   Thumb Code     0  startup_stm32h747xx_cm7.o(.text)
    HRTIM1_Master_IRQHandler                 0x080002c7   Thumb Code     0  startup_stm32h747xx_cm7.o(.text)
    HRTIM1_TIMA_IRQHandler                   0x080002c7   Thumb Code     0  startup_stm32h747xx_cm7.o(.text)
    HRTIM1_TIMB_IRQHandler                   0x080002c7   Thumb Code     0  startup_stm32h747xx_cm7.o(.text)
    HRTIM1_TIMC_IRQHandler                   0x080002c7   Thumb Code     0  startup_stm32h747xx_cm7.o(.text)
    HRTIM1_TIMD_IRQHandler                   0x080002c7   Thumb Code     0  startup_stm32h747xx_cm7.o(.text)
    HRTIM1_TIME_IRQHandler                   0x080002c7   Thumb Code     0  startup_stm32h747xx_cm7.o(.text)
    HSEM1_IRQHandler                         0x080002c7   Thumb Code     0  startup_stm32h747xx_cm7.o(.text)
    HSEM2_IRQHandler                         0x080002c7   Thumb Code     0  startup_stm32h747xx_cm7.o(.text)
    I2C1_ER_IRQHandler                       0x080002c7   Thumb Code     0  startup_stm32h747xx_cm7.o(.text)
    I2C1_EV_IRQHandler                       0x080002c7   Thumb Code     0  startup_stm32h747xx_cm7.o(.text)
    I2C2_ER_IRQHandler                       0x080002c7   Thumb Code     0  startup_stm32h747xx_cm7.o(.text)
    I2C2_EV_IRQHandler                       0x080002c7   Thumb Code     0  startup_stm32h747xx_cm7.o(.text)
    I2C3_ER_IRQHandler                       0x080002c7   Thumb Code     0  startup_stm32h747xx_cm7.o(.text)
    I2C3_EV_IRQHandler                       0x080002c7   Thumb Code     0  startup_stm32h747xx_cm7.o(.text)
    I2C4_ER_IRQHandler                       0x080002c7   Thumb Code     0  startup_stm32h747xx_cm7.o(.text)
    I2C4_EV_IRQHandler                       0x080002c7   Thumb Code     0  startup_stm32h747xx_cm7.o(.text)
    JPEG_IRQHandler                          0x080002c7   Thumb Code     0  startup_stm32h747xx_cm7.o(.text)
    LPTIM1_IRQHandler                        0x080002c7   Thumb Code     0  startup_stm32h747xx_cm7.o(.text)
    LPTIM2_IRQHandler                        0x080002c7   Thumb Code     0  startup_stm32h747xx_cm7.o(.text)
    LPTIM3_IRQHandler                        0x080002c7   Thumb Code     0  startup_stm32h747xx_cm7.o(.text)
    LPTIM4_IRQHandler                        0x080002c7   Thumb Code     0  startup_stm32h747xx_cm7.o(.text)
    LPTIM5_IRQHandler                        0x080002c7   Thumb Code     0  startup_stm32h747xx_cm7.o(.text)
    LPUART1_IRQHandler                       0x080002c7   Thumb Code     0  startup_stm32h747xx_cm7.o(.text)
    LTDC_ER_IRQHandler                       0x080002c7   Thumb Code     0  startup_stm32h747xx_cm7.o(.text)
    LTDC_IRQHandler                          0x080002c7   Thumb Code     0  startup_stm32h747xx_cm7.o(.text)
    MDIOS_IRQHandler                         0x080002c7   Thumb Code     0  startup_stm32h747xx_cm7.o(.text)
    MDIOS_WKUP_IRQHandler                    0x080002c7   Thumb Code     0  startup_stm32h747xx_cm7.o(.text)
    MDMA_IRQHandler                          0x080002c7   Thumb Code     0  startup_stm32h747xx_cm7.o(.text)
    OTG_FS_EP1_IN_IRQHandler                 0x080002c7   Thumb Code     0  startup_stm32h747xx_cm7.o(.text)
    OTG_FS_EP1_OUT_IRQHandler                0x080002c7   Thumb Code     0  startup_stm32h747xx_cm7.o(.text)
    OTG_FS_IRQHandler                        0x080002c7   Thumb Code     0  startup_stm32h747xx_cm7.o(.text)
    OTG_FS_WKUP_IRQHandler                   0x080002c7   Thumb Code     0  startup_stm32h747xx_cm7.o(.text)
    OTG_HS_EP1_IN_IRQHandler                 0x080002c7   Thumb Code     0  startup_stm32h747xx_cm7.o(.text)
    OTG_HS_EP1_OUT_IRQHandler                0x080002c7   Thumb Code     0  startup_stm32h747xx_cm7.o(.text)
    OTG_HS_IRQHandler                        0x080002c7   Thumb Code     0  startup_stm32h747xx_cm7.o(.text)
    OTG_HS_WKUP_IRQHandler                   0x080002c7   Thumb Code     0  startup_stm32h747xx_cm7.o(.text)
    PVD_AVD_IRQHandler                       0x080002c7   Thumb Code     0  startup_stm32h747xx_cm7.o(.text)
    QUADSPI_IRQHandler                       0x080002c7   Thumb Code     0  startup_stm32h747xx_cm7.o(.text)
    RCC_IRQHandler                           0x080002c7   Thumb Code     0  startup_stm32h747xx_cm7.o(.text)
    RNG_IRQHandler                           0x080002c7   Thumb Code     0  startup_stm32h747xx_cm7.o(.text)
    RTC_Alarm_IRQHandler                     0x080002c7   Thumb Code     0  startup_stm32h747xx_cm7.o(.text)
    RTC_WKUP_IRQHandler                      0x080002c7   Thumb Code     0  startup_stm32h747xx_cm7.o(.text)
    SAI1_IRQHandler                          0x080002c7   Thumb Code     0  startup_stm32h747xx_cm7.o(.text)
    SAI2_IRQHandler                          0x080002c7   Thumb Code     0  startup_stm32h747xx_cm7.o(.text)
    SAI3_IRQHandler                          0x080002c7   Thumb Code     0  startup_stm32h747xx_cm7.o(.text)
    SAI4_IRQHandler                          0x080002c7   Thumb Code     0  startup_stm32h747xx_cm7.o(.text)
    SDMMC1_IRQHandler                        0x080002c7   Thumb Code     0  startup_stm32h747xx_cm7.o(.text)
    SDMMC2_IRQHandler                        0x080002c7   Thumb Code     0  startup_stm32h747xx_cm7.o(.text)
    SPDIF_RX_IRQHandler                      0x080002c7   Thumb Code     0  startup_stm32h747xx_cm7.o(.text)
    SPI1_IRQHandler                          0x080002c7   Thumb Code     0  startup_stm32h747xx_cm7.o(.text)
    SPI2_IRQHandler                          0x080002c7   Thumb Code     0  startup_stm32h747xx_cm7.o(.text)
    SPI3_IRQHandler                          0x080002c7   Thumb Code     0  startup_stm32h747xx_cm7.o(.text)
    SPI4_IRQHandler                          0x080002c7   Thumb Code     0  startup_stm32h747xx_cm7.o(.text)
    SPI5_IRQHandler                          0x080002c7   Thumb Code     0  startup_stm32h747xx_cm7.o(.text)
    SPI6_IRQHandler                          0x080002c7   Thumb Code     0  startup_stm32h747xx_cm7.o(.text)
    SWPMI1_IRQHandler                        0x080002c7   Thumb Code     0  startup_stm32h747xx_cm7.o(.text)
    TAMP_STAMP_IRQHandler                    0x080002c7   Thumb Code     0  startup_stm32h747xx_cm7.o(.text)
    TIM15_IRQHandler                         0x080002c7   Thumb Code     0  startup_stm32h747xx_cm7.o(.text)
    TIM16_IRQHandler                         0x080002c7   Thumb Code     0  startup_stm32h747xx_cm7.o(.text)
    TIM17_IRQHandler                         0x080002c7   Thumb Code     0  startup_stm32h747xx_cm7.o(.text)
    TIM1_BRK_IRQHandler                      0x080002c7   Thumb Code     0  startup_stm32h747xx_cm7.o(.text)
    TIM1_CC_IRQHandler                       0x080002c7   Thumb Code     0  startup_stm32h747xx_cm7.o(.text)
    TIM1_TRG_COM_IRQHandler                  0x080002c7   Thumb Code     0  startup_stm32h747xx_cm7.o(.text)
    TIM1_UP_IRQHandler                       0x080002c7   Thumb Code     0  startup_stm32h747xx_cm7.o(.text)
    TIM2_IRQHandler                          0x080002c7   Thumb Code     0  startup_stm32h747xx_cm7.o(.text)
    TIM4_IRQHandler                          0x080002c7   Thumb Code     0  startup_stm32h747xx_cm7.o(.text)
    TIM5_IRQHandler                          0x080002c7   Thumb Code     0  startup_stm32h747xx_cm7.o(.text)
    TIM6_DAC_IRQHandler                      0x080002c7   Thumb Code     0  startup_stm32h747xx_cm7.o(.text)
    TIM7_IRQHandler                          0x080002c7   Thumb Code     0  startup_stm32h747xx_cm7.o(.text)
    TIM8_BRK_TIM12_IRQHandler                0x080002c7   Thumb Code     0  startup_stm32h747xx_cm7.o(.text)
    TIM8_CC_IRQHandler                       0x080002c7   Thumb Code     0  startup_stm32h747xx_cm7.o(.text)
    TIM8_TRG_COM_TIM14_IRQHandler            0x080002c7   Thumb Code     0  startup_stm32h747xx_cm7.o(.text)
    TIM8_UP_TIM13_IRQHandler                 0x080002c7   Thumb Code     0  startup_stm32h747xx_cm7.o(.text)
    UART5_IRQHandler                         0x080002c7   Thumb Code     0  startup_stm32h747xx_cm7.o(.text)
    UART7_IRQHandler                         0x080002c7   Thumb Code     0  startup_stm32h747xx_cm7.o(.text)
    UART8_IRQHandler                         0x080002c7   Thumb Code     0  startup_stm32h747xx_cm7.o(.text)
    USART2_IRQHandler                        0x080002c7   Thumb Code     0  startup_stm32h747xx_cm7.o(.text)
    USART6_IRQHandler                        0x080002c7   Thumb Code     0  startup_stm32h747xx_cm7.o(.text)
    WAKEUP_PIN_IRQHandler                    0x080002c7   Thumb Code     0  startup_stm32h747xx_cm7.o(.text)
    WWDG_IRQHandler                          0x080002c7   Thumb Code     0  startup_stm32h747xx_cm7.o(.text)
    WWDG_RST_IRQHandler                      0x080002c7   Thumb Code     0  startup_stm32h747xx_cm7.o(.text)
    __aeabi_uldivmod                         0x080002d1   Thumb Code    98  uldiv.o(.text)
    ___aeabi_memcpy8$move                    0x08000333   Thumb Code     0  memmovea.o(.text)
    __aeabi_memcpy                           0x08000333   Thumb Code    64  memmovea.o(.text)
    __aeabi_memcpy4                          0x08000333   Thumb Code     0  memmovea.o(.text)
    __aeabi_memmove                          0x08000333   Thumb Code     0  memmovea.o(.text)
    __aeabi_memmove4                         0x08000333   Thumb Code     0  memmovea.o(.text)
    __aeabi_memmove8                         0x08000333   Thumb Code     0  memmovea.o(.text)
    __aeabi_memset                           0x08000373   Thumb Code    14  memseta.o(.text)
    __aeabi_memset4                          0x08000373   Thumb Code     0  memseta.o(.text)
    __aeabi_memset8                          0x08000373   Thumb Code     0  memseta.o(.text)
    __aeabi_memclr                           0x08000381   Thumb Code     4  memseta.o(.text)
    __aeabi_memclr4                          0x08000381   Thumb Code     0  memseta.o(.text)
    __aeabi_memclr8                          0x08000381   Thumb Code     0  memseta.o(.text)
    _memset$wrapper                          0x08000385   Thumb Code    18  memseta.o(.text)
    __aeabi_ul2d                             0x08000397   Thumb Code    24  dfltul.o(.text)
    __aeabi_uidiv                            0x080003af   Thumb Code     0  uidiv.o(.text)
    __aeabi_uidivmod                         0x080003af   Thumb Code    44  uidiv.o(.text)
    __aeabi_llsl                             0x080003db   Thumb Code    30  llshl.o(.text)
    _ll_shift_l                              0x080003db   Thumb Code     0  llshl.o(.text)
    __aeabi_llsr                             0x080003f9   Thumb Code    32  llushr.o(.text)
    _ll_ushift_r                             0x080003f9   Thumb Code     0  llushr.o(.text)
    __I$use$fp                               0x08000419   Thumb Code     0  iusefp.o(.text)
    _double_round                            0x08000419   Thumb Code    30  depilogue.o(.text)
    _double_epilogue                         0x08000437   Thumb Code   156  depilogue.o(.text)
    __aeabi_dadd                             0x080004d3   Thumb Code   322  dadd.o(.text)
    __aeabi_dsub                             0x08000615   Thumb Code     6  dadd.o(.text)
    __aeabi_drsub                            0x0800061b   Thumb Code     6  dadd.o(.text)
    __aeabi_dmul                             0x08000621   Thumb Code   228  dmul.o(.text)
    __aeabi_ddiv                             0x08000705   Thumb Code   222  ddiv.o(.text)
    __aeabi_d2ulz                            0x080007e3   Thumb Code    48  dfixul.o(.text)
    __aeabi_cdrcmple                         0x08000815   Thumb Code    48  cdrcmple.o(.text)
    __scatterload                            0x08000845   Thumb Code    28  init.o(.text)
    __scatterload_rt2                        0x08000845   Thumb Code     0  init.o(.text)
    __aeabi_lasr                             0x08000869   Thumb Code    36  llsshr.o(.text)
    _ll_sshift_r                             0x08000869   Thumb Code     0  llsshr.o(.text)
    BusFault_Handler                         0x08000891   Thumb Code     2  stm32h7xx_it_1.o(.text.BusFault_Handler)
    DMA1_Stream0_IRQHandler                  0x08000899   Thumb Code    12  stm32h7xx_it_1.o(.text.DMA1_Stream0_IRQHandler)
    DMA1_Stream1_IRQHandler                  0x080008a9   Thumb Code    12  stm32h7xx_it_1.o(.text.DMA1_Stream1_IRQHandler)
    DebugMon_Handler                         0x080009e1   Thumb Code     2  stm32h7xx_it_1.o(.text.DebugMon_Handler)
    Error_Handler                            0x080009e9   Thumb Code    10  main_1.o(.text.Error_Handler)
    Ext_SDRAM_Init                           0x080009f9   Thumb Code   130  sdram_fmc_drv.o(.text.Ext_SDRAM_Init)
    FMC_SDRAM_Init                           0x08000a81   Thumb Code   146  stm32h7xx_ll_fmc.o(.text.FMC_SDRAM_Init)
    FMC_SDRAM_ProgramRefreshRate             0x08000b19   Thumb Code    22  stm32h7xx_ll_fmc.o(.text.FMC_SDRAM_ProgramRefreshRate)
    FMC_SDRAM_SendCommand                    0x08000b31   Thumb Code    46  stm32h7xx_ll_fmc.o(.text.FMC_SDRAM_SendCommand)
    FMC_SDRAM_Timing_Init                    0x08000b61   Thumb Code   218  stm32h7xx_ll_fmc.o(.text.FMC_SDRAM_Timing_Init)
    HAL_DCMI_Init                            0x08000c41   Thumb Code   156  stm32h7xx_hal_dcmi.o(.text.HAL_DCMI_Init)
    HAL_DCMI_MspInit                         0x08000ce1   Thumb Code   338  dcmi.o(.text.HAL_DCMI_MspInit)
    HAL_DMA_Abort                            0x08000e39   Thumb Code  1326  stm32h7xx_hal_dma.o(.text.HAL_DMA_Abort)
    HAL_DMA_Abort_IT                         0x08001369   Thumb Code   698  stm32h7xx_hal_dma.o(.text.HAL_DMA_Abort_IT)
    HAL_DMA_IRQHandler                       0x08001629   Thumb Code  2096  stm32h7xx_hal_dma.o(.text.HAL_DMA_IRQHandler)
    HAL_DMA_Init                             0x08001e59   Thumb Code  1638  stm32h7xx_hal_dma.o(.text.HAL_DMA_Init)
    HAL_Delay                                0x080024c1   Thumb Code    40  stm32h7xx_hal.o(.text.HAL_Delay)
    HAL_GPIO_Init                            0x080024e9   Thumb Code   426  stm32h7xx_hal_gpio.o(.text.HAL_GPIO_Init)
    HAL_GPIO_WritePin                        0x08002699   Thumb Code    10  stm32h7xx_hal_gpio.o(.text.HAL_GPIO_WritePin)
    HAL_GetREVID                             0x080026a9   Thumb Code    14  stm32h7xx_hal.o(.text.HAL_GetREVID)
    HAL_GetTick                              0x080026b9   Thumb Code    12  stm32h7xx_hal.o(.text.HAL_GetTick)
    HAL_HSEM_FastTake                        0x080026c9   Thumb Code    28  stm32h7xx_hal_hsem.o(.text.HAL_HSEM_FastTake)
    HAL_HSEM_Release                         0x080026e9   Thumb Code    18  stm32h7xx_hal_hsem.o(.text.HAL_HSEM_Release)
    HAL_I2CEx_ConfigAnalogFilter             0x08002701   Thumb Code    74  stm32h7xx_hal_i2c_ex.o(.text.HAL_I2CEx_ConfigAnalogFilter)
    HAL_I2CEx_ConfigDigitalFilter            0x08002751   Thumb Code    72  stm32h7xx_hal_i2c_ex.o(.text.HAL_I2CEx_ConfigDigitalFilter)
    HAL_I2C_Init                             0x08002799   Thumb Code   162  stm32h7xx_hal_i2c.o(.text.HAL_I2C_Init)
    HAL_I2C_MspInit                          0x08002841   Thumb Code   254  i2c.o(.text.HAL_I2C_MspInit)
    HAL_IncTick                              0x08002941   Thumb Code    26  stm32h7xx_hal.o(.text.HAL_IncTick)
    HAL_Init                                 0x08002961   Thumb Code   100  stm32h7xx_hal.o(.text.HAL_Init)
    HAL_InitTick                             0x080029c9   Thumb Code   164  stm32h7xx_hal_timebase_tim.o(.text.HAL_InitTick)
    HAL_MPU_ConfigRegion                     0x08002a71   Thumb Code    96  stm32h7xx_hal_cortex.o(.text.HAL_MPU_ConfigRegion)
    HAL_MPU_Disable                          0x08002ad1   Thumb Code    26  stm32h7xx_hal_cortex.o(.text.HAL_MPU_Disable)
    HAL_MPU_Enable                           0x08002af1   Thumb Code    32  stm32h7xx_hal_cortex.o(.text.HAL_MPU_Enable)
    HAL_MspInit                              0x08002b11   Thumb Code    32  stm32h7xx_hal_msp_1.o(.text.HAL_MspInit)
    HAL_NVIC_EnableIRQ                       0x08002b31   Thumb Code    34  stm32h7xx_hal_cortex.o(.text.HAL_NVIC_EnableIRQ)
    HAL_NVIC_SetPriority                     0x08002b59   Thumb Code    90  stm32h7xx_hal_cortex.o(.text.HAL_NVIC_SetPriority)
    HAL_NVIC_SetPriorityGrouping             0x08002bb9   Thumb Code    32  stm32h7xx_hal_cortex.o(.text.HAL_NVIC_SetPriorityGrouping)
    HAL_PWREx_ConfigSupply                   0x08002bd9   Thumb Code   132  stm32h7xx_hal_pwr_ex.o(.text.HAL_PWREx_ConfigSupply)
    HAL_QSPI_Init                            0x08002c61   Thumb Code   222  stm32h7xx_hal_qspi.o(.text.HAL_QSPI_Init)
    HAL_QSPI_MspInit                         0x08002d41   Thumb Code   228  quadspi.o(.text.HAL_QSPI_MspInit)
    HAL_RCCEx_GetD3PCLK1Freq                 0x08002e29   Thumb Code    38  stm32h7xx_hal_rcc_ex.o(.text.HAL_RCCEx_GetD3PCLK1Freq)
    HAL_RCCEx_GetPLL1ClockFreq               0x08002e51   Thumb Code   308  stm32h7xx_hal_rcc_ex.o(.text.HAL_RCCEx_GetPLL1ClockFreq)
    HAL_RCCEx_GetPLL2ClockFreq               0x08002f89   Thumb Code   300  stm32h7xx_hal_rcc_ex.o(.text.HAL_RCCEx_GetPLL2ClockFreq)
    HAL_RCCEx_GetPLL3ClockFreq               0x080030b9   Thumb Code   300  stm32h7xx_hal_rcc_ex.o(.text.HAL_RCCEx_GetPLL3ClockFreq)
    HAL_RCCEx_GetPeriphCLKFreq               0x080031e9   Thumb Code  1106  stm32h7xx_hal_rcc_ex.o(.text.HAL_RCCEx_GetPeriphCLKFreq)
    HAL_RCCEx_PeriphCLKConfig                0x08003641   Thumb Code  2940  stm32h7xx_hal_rcc_ex.o(.text.HAL_RCCEx_PeriphCLKConfig)
    HAL_RCC_ClockConfig                      0x080041c1   Thumb Code   616  stm32h7xx_hal_rcc.o(.text.HAL_RCC_ClockConfig)
    HAL_RCC_GetClockConfig                   0x08004429   Thumb Code    88  stm32h7xx_hal_rcc.o(.text.HAL_RCC_GetClockConfig)
    HAL_RCC_GetHCLKFreq                      0x08004481   Thumb Code    76  stm32h7xx_hal_rcc.o(.text.HAL_RCC_GetHCLKFreq)
    HAL_RCC_GetPCLK1Freq                     0x080044d1   Thumb Code    96  stm32h7xx_hal_rcc.o(.text.HAL_RCC_GetPCLK1Freq)
    HAL_RCC_GetPCLK2Freq                     0x08004531   Thumb Code    96  stm32h7xx_hal_rcc.o(.text.HAL_RCC_GetPCLK2Freq)
    HAL_RCC_GetSysClockFreq                  0x08004591   Thumb Code   280  stm32h7xx_hal_rcc.o(.text.HAL_RCC_GetSysClockFreq)
    HAL_RCC_OscConfig                        0x080046a9   Thumb Code  1376  stm32h7xx_hal_rcc.o(.text.HAL_RCC_OscConfig)
    HAL_SAI_Init                             0x08004c09   Thumb Code  1086  stm32h7xx_hal_sai.o(.text.HAL_SAI_Init)
    HAL_SAI_MspInit                          0x08005049   Thumb Code   236  sai.o(.text.HAL_SAI_MspInit)
    HAL_SDRAM_Init                           0x08005139   Thumb Code    80  stm32h7xx_hal_sdram.o(.text.HAL_SDRAM_Init)
    HAL_SDRAM_MspInit                        0x08005189   Thumb Code   250  fmc.o(.text.HAL_SDRAM_MspInit)
    HAL_SDRAM_ProgramRefreshRate             0x08005289   Thumb Code    48  stm32h7xx_hal_sdram.o(.text.HAL_SDRAM_ProgramRefreshRate)
    HAL_SDRAM_SendCommand                    0x080052b9   Thumb Code    58  stm32h7xx_hal_sdram.o(.text.HAL_SDRAM_SendCommand)
    HAL_SYSCFG_AnalogSwitchConfig            0x080052f9   Thumb Code    20  stm32h7xx_hal.o(.text.HAL_SYSCFG_AnalogSwitchConfig)
    HAL_TIMEx_Break2Callback                 0x08005311   Thumb Code     2  stm32h7xx_hal_tim_ex.o(.text.HAL_TIMEx_Break2Callback)
    HAL_TIMEx_BreakCallback                  0x08005319   Thumb Code     2  stm32h7xx_hal_tim_ex.o(.text.HAL_TIMEx_BreakCallback)
    HAL_TIMEx_CommutCallback                 0x08005321   Thumb Code     2  stm32h7xx_hal_tim_ex.o(.text.HAL_TIMEx_CommutCallback)
    HAL_TIM_Base_Init                        0x08005329   Thumb Code    96  stm32h7xx_hal_tim.o(.text.HAL_TIM_Base_Init)
    HAL_TIM_Base_MspInit                     0x08005389   Thumb Code     2  stm32h7xx_hal_tim.o(.text.HAL_TIM_Base_MspInit)
    HAL_TIM_Base_Start_IT                    0x08005391   Thumb Code   180  stm32h7xx_hal_tim.o(.text.HAL_TIM_Base_Start_IT)
    HAL_TIM_IC_CaptureCallback               0x08005449   Thumb Code     2  stm32h7xx_hal_tim.o(.text.HAL_TIM_IC_CaptureCallback)
    HAL_TIM_IRQHandler                       0x08005451   Thumb Code   396  stm32h7xx_hal_tim.o(.text.HAL_TIM_IRQHandler)
    HAL_TIM_OC_DelayElapsedCallback          0x080055e1   Thumb Code     2  stm32h7xx_hal_tim.o(.text.HAL_TIM_OC_DelayElapsedCallback)
    HAL_TIM_PWM_PulseFinishedCallback        0x080055e9   Thumb Code     2  stm32h7xx_hal_tim.o(.text.HAL_TIM_PWM_PulseFinishedCallback)
    HAL_TIM_PeriodElapsedCallback            0x080055f1   Thumb Code    20  main_1.o(.text.HAL_TIM_PeriodElapsedCallback)
    HAL_TIM_TriggerCallback                  0x08005609   Thumb Code     2  stm32h7xx_hal_tim.o(.text.HAL_TIM_TriggerCallback)
    HAL_UARTEx_DisableFifoMode               0x08005611   Thumb Code    54  stm32h7xx_hal_uart_ex.o(.text.HAL_UARTEx_DisableFifoMode)
    HAL_UARTEx_ReceiveToIdle_IT              0x08005649   Thumb Code   152  stm32h7xx_hal_uart_ex.o(.text.HAL_UARTEx_ReceiveToIdle_IT)
    HAL_UARTEx_RxEventCallback               0x080056e1   Thumb Code   154  usart_1.o(.text.HAL_UARTEx_RxEventCallback)
    HAL_UARTEx_RxFifoFullCallback            0x08005781   Thumb Code     2  stm32h7xx_hal_uart_ex.o(.text.HAL_UARTEx_RxFifoFullCallback)
    HAL_UARTEx_SetRxFifoThreshold            0x08005789   Thumb Code   144  stm32h7xx_hal_uart_ex.o(.text.HAL_UARTEx_SetRxFifoThreshold)
    HAL_UARTEx_SetTxFifoThreshold            0x08005819   Thumb Code   144  stm32h7xx_hal_uart_ex.o(.text.HAL_UARTEx_SetTxFifoThreshold)
    HAL_UARTEx_TxFifoEmptyCallback           0x080058a9   Thumb Code     2  stm32h7xx_hal_uart_ex.o(.text.HAL_UARTEx_TxFifoEmptyCallback)
    HAL_UARTEx_WakeupCallback                0x080058b1   Thumb Code     2  stm32h7xx_hal_uart_ex.o(.text.HAL_UARTEx_WakeupCallback)
    HAL_UART_ErrorCallback                   0x080058b9   Thumb Code     2  stm32h7xx_hal_uart.o(.text.HAL_UART_ErrorCallback)
    HAL_UART_IRQHandler                      0x080058c1   Thumb Code  1880  stm32h7xx_hal_uart.o(.text.HAL_UART_IRQHandler)
    HAL_UART_Init                            0x08006019   Thumb Code   102  stm32h7xx_hal_uart.o(.text.HAL_UART_Init)
    HAL_UART_MspInit                         0x08006081   Thumb Code   362  usart_1.o(.text.HAL_UART_MspInit)
    HAL_UART_RxCpltCallback                  0x080061f1   Thumb Code     2  stm32h7xx_hal_uart.o(.text.HAL_UART_RxCpltCallback)
    HAL_UART_Transmit                        0x080061f9   Thumb Code   206  stm32h7xx_hal_uart.o(.text.HAL_UART_Transmit)
    HAL_UART_TxCpltCallback                  0x080062c9   Thumb Code     2  stm32h7xx_hal_uart.o(.text.HAL_UART_TxCpltCallback)
    HardFault_Handler                        0x080062d1   Thumb Code     2  stm32h7xx_it_1.o(.text.HardFault_Handler)
    MX_DCMI_Init                             0x080062d9   Thumb Code    60  dcmi.o(.text.MX_DCMI_Init)
    MX_DMA_Init                              0x08006319   Thumb Code    68  dma_1.o(.text.MX_DMA_Init)
    MX_FMC_Init                              0x08006361   Thumb Code   104  fmc.o(.text.MX_FMC_Init)
    MX_GPIO_Init                             0x080063c9   Thumb Code   176  gpio.o(.text.MX_GPIO_Init)
    MX_I2C1_Init                             0x08006479   Thumb Code   106  i2c.o(.text.MX_I2C1_Init)
    MX_I2C2_Init                             0x080064e9   Thumb Code   106  i2c.o(.text.MX_I2C2_Init)
    MX_QUADSPI_Init                          0x08006559   Thumb Code    66  quadspi.o(.text.MX_QUADSPI_Init)
    MX_SAI1_Init                             0x080065a1   Thumb Code   120  sai.o(.text.MX_SAI1_Init)
    MX_UART4_Init                            0x08006619   Thumb Code   124  usart_1.o(.text.MX_UART4_Init)
    MX_USART1_UART_Init                      0x08006699   Thumb Code   124  usart_1.o(.text.MX_USART1_UART_Init)
    MX_USART3_UART_Init                      0x08006719   Thumb Code   132  usart_1.o(.text.MX_USART3_UART_Init)
    MemManage_Handler                        0x080067a1   Thumb Code     2  stm32h7xx_it_1.o(.text.MemManage_Handler)
    NMI_Handler                              0x080067a9   Thumb Code     2  stm32h7xx_it_1.o(.text.NMI_Handler)
    PendSV_Handler                           0x080067b1   Thumb Code     2  stm32h7xx_it_1.o(.text.PendSV_Handler)
    SVC_Handler                              0x08006a09   Thumb Code     2  stm32h7xx_it_1.o(.text.SVC_Handler)
    SysTick_Handler                          0x08006a11   Thumb Code     2  stm32h7xx_it_1.o(.text.SysTick_Handler)
    SystemClock_Config                       0x08006a19   Thumb Code   224  main_1.o(.text.SystemClock_Config)
    SystemInit                               0x08006af9   Thumb Code   226  system_stm32h7xx_dualcore_boot_cm4_cm7.o(.text.SystemInit)
    TIM3_IRQHandler                          0x08006be1   Thumb Code    12  stm32h7xx_it_1.o(.text.TIM3_IRQHandler)
    TIM_Base_SetConfig                       0x08006bf1   Thumb Code   344  stm32h7xx_hal_tim.o(.text.TIM_Base_SetConfig)
    TestMemoryLatency                        0x08006d49   Thumb Code  1592  main_1.o(.text.TestMemoryLatency)
    Tri_Color_LED_Init                       0x08007429   Thumb Code   166  gpio.o(.text.Tri_Color_LED_Init)
    Tri_LED_On                               0x080074d1   Thumb Code    68  gpio.o(.text.Tri_LED_On)
    UART4_IRQHandler                         0x08007519   Thumb Code    36  stm32h7xx_it_1.o(.text.UART4_IRQHandler)
    UART_AdvFeatureConfig                    0x08007541   Thumb Code   224  stm32h7xx_hal_uart.o(.text.UART_AdvFeatureConfig)
    UART_CheckIdleState                      0x08007621   Thumb Code   374  stm32h7xx_hal_uart.o(.text.UART_CheckIdleState)
    UART_SetConfig                           0x080081a9   Thumb Code  1196  stm32h7xx_hal_uart.o(.text.UART_SetConfig)
    UART_Start_Receive_IT                    0x08008661   Thumb Code   628  stm32h7xx_hal_uart.o(.text.UART_Start_Receive_IT)
    UART_WaitOnFlagUntilTimeout              0x080088d9   Thumb Code   746  stm32h7xx_hal_uart.o(.text.UART_WaitOnFlagUntilTimeout)
    USART1_IRQHandler                        0x08008bc9   Thumb Code    12  stm32h7xx_it_1.o(.text.USART1_IRQHandler)
    USART3_IRQHandler                        0x08008bd9   Thumb Code    12  stm32h7xx_it_1.o(.text.USART3_IRQHandler)
    UsageFault_Handler                       0x08008be9   Thumb Code     2  stm32h7xx_it_1.o(.text.UsageFault_Handler)
    fputc                                    0x08008bf1   Thumb Code    40  main_1.o(.text.fputc)
    main                                     0x08008c19   Thumb Code  1364  main_1.o(.text.main)
    __0printf                                0x080091f9   Thumb Code    22  printfa.o(i.__0printf)
    __1printf                                0x080091f9   Thumb Code     0  printfa.o(i.__0printf)
    __2printf                                0x080091f9   Thumb Code     0  printfa.o(i.__0printf)
    __c89printf                              0x080091f9   Thumb Code     0  printfa.o(i.__0printf)
    printf                                   0x080091f9   Thumb Code     0  printfa.o(i.__0printf)
    __scatterload_copy                       0x08009219   Thumb Code    14  handlers.o(i.__scatterload_copy)
    __scatterload_null                       0x08009227   Thumb Code     2  handlers.o(i.__scatterload_null)
    __scatterload_zeroinit                   0x08009229   Thumb Code    14  handlers.o(i.__scatterload_zeroinit)
    puts                                     0x08009aed   Thumb Code    30  puts.o(i.puts)
    D1CorePrescTable                         0x08009b1c   Data          16  system_stm32h7xx_dualcore_boot_cm4_cm7.o(.rodata.D1CorePrescTable)
    UARTPrescTable                           0x08009b2c   Data          24  stm32h7xx_hal_uart.o(.rodata.UARTPrescTable)
    Region$$Table$$Base                      0x08009c54   Number         0  anon$$obj.o(Region$$Table)
    Region$$Table$$Limit                     0x08009c74   Number         0  anon$$obj.o(Region$$Table)
    dtcm_buffer                              0x20000000   Data        4096  main_1.o(.ARM.__at_0x20000000)
    uwTickFreq                               0x20001000   Data           1  stm32h7xx_hal.o(.data..L_MergedGlobals)
    uwTickPrio                               0x20001004   Data           4  stm32h7xx_hal.o(.data..L_MergedGlobals)
    SystemCoreClock                          0x20001008   Data           4  system_stm32h7xx_dualcore_boot_cm4_cm7.o(.data..L_MergedGlobals)
    SystemD2Clock                            0x2000100c   Data           4  system_stm32h7xx_dualcore_boot_cm4_cm7.o(.data..L_MergedGlobals)
    sdram_buffer                             0x20001010   Data           4  main_1.o(.data.sdram_buffer)
    hdma_sai1_a                              0x2000101c   Data         120  sai.o(.bss..L_MergedGlobals)
    __stdout                                 0x20001098   Data          84  main_1.o(.bss.__stdout)
    dbg_rx_final_buf                         0x200010ec   Data         256  usart_1.o(.bss.dbg_rx_final_buf)
    dbg_rx_size                              0x200011ec   Data           1  usart_1.o(.bss.dbg_rx_size)
    dbg_rx_tmp_buf                           0x200011f0   Data         128  usart_1.o(.bss.dbg_rx_tmp_buf)
    hdcmi                                    0x20001270   Data          80  dcmi.o(.bss.hdcmi)
    hdma_dcmi                                0x200012c0   Data         120  dcmi.o(.bss.hdma_dcmi)
    hi2c1                                    0x20001338   Data          84  i2c.o(.bss.hi2c1)
    hi2c2                                    0x2000138c   Data          84  i2c.o(.bss.hi2c2)
    hqspi                                    0x200013e0   Data          76  quadspi.o(.bss.hqspi)
    hsai_BlockA1                             0x2000142c   Data         152  sai.o(.bss.hsai_BlockA1)
    hsdram1                                  0x200014c4   Data          52  fmc.o(.bss.hsdram1)
    htim3                                    0x200014f8   Data          76  stm32h7xx_hal_timebase_tim.o(.bss.htim3)
    huart1                                   0x20001544   Data         148  usart_1.o(.bss.huart1)
    huart3                                   0x200015d8   Data         148  usart_1.o(.bss.huart3)
    huart4                                   0x2000166c   Data         148  usart_1.o(.bss.huart4)
    uwTick                                   0x20001700   Data           4  stm32h7xx_hal.o(.bss.uwTick)
    wifi_rx_final_buf                        0x20001704   Data         256  usart_1.o(.bss.wifi_rx_final_buf)
    wifi_rx_tmp_buf                          0x20001804   Data         128  usart_1.o(.bss.wifi_rx_tmp_buf)
    __initial_sp                             0x20001c88   Data           0  startup_stm32h747xx_cm7.o(STACK)
    pdm_buffer                               0x24000000   Data         256  microphone_sai_drv.o(.ARM.__at_0x24000000)
    pcm_buffer                               0x24010000   Data         512  microphone_sai_drv.o(.ARM.__at_0x24010000)
    sram_buffer                              0x24030000   Data        4096  main_1.o(.ARM.__at_0x24030000)



==============================================================================

Memory Map of the image

  Image Entry point : 0x08000299

  Load Region LR_IROM1 (Base: 0x08000000, Size: 0x0000ac90, Max: 0x00100000, ABSOLUTE)

    Execution Region ER_IROM1 (Exec base: 0x08000000, Load base: 0x08000000, Size: 0x00009c74, Max: 0x00100000, ABSOLUTE)

    Exec Addr    Load Addr    Size         Type   Attr      Idx    E Section Name        Object

    0x08000000   0x08000000   0x00000298   Data   RO            3    RESET               startup_stm32h747xx_cm7.o
    0x08000298   0x08000298   0x00000000   Code   RO         2433  * .ARM.Collect$$$$00000000  mc_w.l(entry.o)
    0x08000298   0x08000298   0x00000004   Code   RO         2733    .ARM.Collect$$$$00000001  mc_w.l(entry2.o)
    0x0800029c   0x0800029c   0x00000004   Code   RO         2736    .ARM.Collect$$$$00000004  mc_w.l(entry5.o)
    0x080002a0   0x080002a0   0x00000000   Code   RO         2738    .ARM.Collect$$$$00000008  mc_w.l(entry7b.o)
    0x080002a0   0x080002a0   0x00000000   Code   RO         2740    .ARM.Collect$$$$0000000A  mc_w.l(entry8b.o)
    0x080002a0   0x080002a0   0x00000008   Code   RO         2741    .ARM.Collect$$$$0000000B  mc_w.l(entry9a.o)
    0x080002a8   0x080002a8   0x00000000   Code   RO         2743    .ARM.Collect$$$$0000000D  mc_w.l(entry10a.o)
    0x080002a8   0x080002a8   0x00000000   Code   RO         2745    .ARM.Collect$$$$0000000F  mc_w.l(entry11a.o)
    0x080002a8   0x080002a8   0x00000004   Code   RO         2734    .ARM.Collect$$$$00002712  mc_w.l(entry2.o)
    0x080002ac   0x080002ac   0x00000024   Code   RO            4    .text               startup_stm32h747xx_cm7.o
    0x080002d0   0x080002d0   0x00000062   Code   RO         2440    .text               mc_w.l(uldiv.o)
    0x08000332   0x08000332   0x00000040   Code   RO         2446    .text               mc_w.l(memmovea.o)
    0x08000372   0x08000372   0x00000024   Code   RO         2448    .text               mc_w.l(memseta.o)
    0x08000396   0x08000396   0x00000018   Code   RO         2715    .text               mf_w.l(dfltul.o)
    0x080003ae   0x080003ae   0x0000002c   Code   RO         2756    .text               mc_w.l(uidiv.o)
    0x080003da   0x080003da   0x0000001e   Code   RO         2758    .text               mc_w.l(llshl.o)
    0x080003f8   0x080003f8   0x00000020   Code   RO         2760    .text               mc_w.l(llushr.o)
    0x08000418   0x08000418   0x00000000   Code   RO         2769    .text               mc_w.l(iusefp.o)
    0x08000418   0x08000418   0x000000ba   Code   RO         2772    .text               mf_w.l(depilogue.o)
    0x080004d2   0x080004d2   0x0000014e   Code   RO         2774    .text               mf_w.l(dadd.o)
    0x08000620   0x08000620   0x000000e4   Code   RO         2776    .text               mf_w.l(dmul.o)
    0x08000704   0x08000704   0x000000de   Code   RO         2778    .text               mf_w.l(ddiv.o)
    0x080007e2   0x080007e2   0x00000030   Code   RO         2780    .text               mf_w.l(dfixul.o)
    0x08000812   0x08000812   0x00000002   PAD
    0x08000814   0x08000814   0x00000030   Code   RO         2782    .text               mf_w.l(cdrcmple.o)
    0x08000844   0x08000844   0x00000024   Code   RO         2786    .text               mc_w.l(init.o)
    0x08000868   0x08000868   0x00000024   Code   RO         2788    .text               mc_w.l(llsshr.o)
    0x0800088c   0x0800088c   0x00000004   PAD
    0x08000890   0x08000890   0x00000002   Code   RO          296    .text.BusFault_Handler  stm32h7xx_it_1.o
    0x08000892   0x08000892   0x00000006   PAD
    0x08000898   0x08000898   0x0000000c   Code   RO          308    .text.DMA1_Stream0_IRQHandler  stm32h7xx_it_1.o
    0x080008a4   0x080008a4   0x00000004   PAD
    0x080008a8   0x080008a8   0x0000000c   Code   RO          310    .text.DMA1_Stream1_IRQHandler  stm32h7xx_it_1.o
    0x080008b4   0x080008b4   0x00000004   PAD
    0x080008b8   0x080008b8   0x00000128   Code   RO          672    .text.DMA_CalcBaseAndBitshift  stm32h7xx_hal_dma.o
    0x080009e0   0x080009e0   0x00000002   Code   RO          302    .text.DebugMon_Handler  stm32h7xx_it_1.o
    0x080009e2   0x080009e2   0x00000006   PAD
    0x080009e8   0x080009e8   0x0000000a   Code   RO          121    .text.Error_Handler  main_1.o
    0x080009f2   0x080009f2   0x00000006   PAD
    0x080009f8   0x080009f8   0x00000082   Code   RO           11    .text.Ext_SDRAM_Init  sdram_fmc_drv.o
    0x08000a7a   0x08000a7a   0x00000006   PAD
    0x08000a80   0x08000a80   0x00000092   Code   RO         1270    .text.FMC_SDRAM_Init  stm32h7xx_ll_fmc.o
    0x08000b12   0x08000b12   0x00000006   PAD
    0x08000b18   0x08000b18   0x00000016   Code   RO         1282    .text.FMC_SDRAM_ProgramRefreshRate  stm32h7xx_ll_fmc.o
    0x08000b2e   0x08000b2e   0x00000002   PAD
    0x08000b30   0x08000b30   0x0000002e   Code   RO         1280    .text.FMC_SDRAM_SendCommand  stm32h7xx_ll_fmc.o
    0x08000b5e   0x08000b5e   0x00000002   PAD
    0x08000b60   0x08000b60   0x000000da   Code   RO         1272    .text.FMC_SDRAM_Timing_Init  stm32h7xx_ll_fmc.o
    0x08000c3a   0x08000c3a   0x00000006   PAD
    0x08000c40   0x08000c40   0x0000009c   Code   RO          399    .text.HAL_DCMI_Init  stm32h7xx_hal_dcmi.o
    0x08000cdc   0x08000cdc   0x00000004   PAD
    0x08000ce0   0x08000ce0   0x00000152   Code   RO          170    .text.HAL_DCMI_MspInit  dcmi.o
    0x08000e32   0x08000e32   0x00000006   PAD
    0x08000e38   0x08000e38   0x0000052e   Code   RO          682    .text.HAL_DMA_Abort  stm32h7xx_hal_dma.o
    0x08001366   0x08001366   0x00000002   PAD
    0x08001368   0x08001368   0x000002ba   Code   RO          684    .text.HAL_DMA_Abort_IT  stm32h7xx_hal_dma.o
    0x08001622   0x08001622   0x00000006   PAD
    0x08001628   0x08001628   0x00000830   Code   RO          688    .text.HAL_DMA_IRQHandler  stm32h7xx_hal_dma.o
    0x08001e58   0x08001e58   0x00000666   Code   RO          670    .text.HAL_DMA_Init  stm32h7xx_hal_dma.o
    0x080024be   0x080024be   0x00000002   PAD
    0x080024c0   0x080024c0   0x00000028   Code   RO          934    .text.HAL_Delay     stm32h7xx_hal.o
    0x080024e8   0x080024e8   0x000001aa   Code   RO          616    .text.HAL_GPIO_Init  stm32h7xx_hal_gpio.o
    0x08002692   0x08002692   0x00000006   PAD
    0x08002698   0x08002698   0x0000000a   Code   RO          622    .text.HAL_GPIO_WritePin  stm32h7xx_hal_gpio.o
    0x080026a2   0x080026a2   0x00000006   PAD
    0x080026a8   0x080026a8   0x0000000e   Code   RO          942    .text.HAL_GetREVID  stm32h7xx_hal.o
    0x080026b6   0x080026b6   0x00000002   PAD
    0x080026b8   0x080026b8   0x0000000c   Code   RO          926    .text.HAL_GetTick   stm32h7xx_hal.o
    0x080026c4   0x080026c4   0x00000004   PAD
    0x080026c8   0x080026c8   0x0000001c   Code   RO          642    .text.HAL_HSEM_FastTake  stm32h7xx_hal_hsem.o
    0x080026e4   0x080026e4   0x00000004   PAD
    0x080026e8   0x080026e8   0x00000012   Code   RO          646    .text.HAL_HSEM_Release  stm32h7xx_hal_hsem.o
    0x080026fa   0x080026fa   0x00000006   PAD
    0x08002700   0x08002700   0x0000004a   Code   RO         1198    .text.HAL_I2CEx_ConfigAnalogFilter  stm32h7xx_hal_i2c_ex.o
    0x0800274a   0x0800274a   0x00000006   PAD
    0x08002750   0x08002750   0x00000048   Code   RO         1200    .text.HAL_I2CEx_ConfigDigitalFilter  stm32h7xx_hal_i2c_ex.o
    0x08002798   0x08002798   0x000000a2   Code   RO         1046    .text.HAL_I2C_Init  stm32h7xx_hal_i2c.o
    0x0800283a   0x0800283a   0x00000006   PAD
    0x08002840   0x08002840   0x000000fe   Code   RO          214    .text.HAL_I2C_MspInit  i2c.o
    0x0800293e   0x0800293e   0x00000002   PAD
    0x08002940   0x08002940   0x0000001a   Code   RO          924    .text.HAL_IncTick   stm32h7xx_hal.o
    0x0800295a   0x0800295a   0x00000006   PAD
    0x08002960   0x08002960   0x00000064   Code   RO          914    .text.HAL_Init      stm32h7xx_hal.o
    0x080029c4   0x080029c4   0x00000004   PAD
    0x080029c8   0x080029c8   0x000000a4   Code   RO          335    .text.HAL_InitTick  stm32h7xx_hal_timebase_tim.o
    0x08002a6c   0x08002a6c   0x00000004   PAD
    0x08002a70   0x08002a70   0x00000060   Code   RO          369    .text.HAL_MPU_ConfigRegion  stm32h7xx_hal_cortex.o
    0x08002ad0   0x08002ad0   0x0000001a   Code   RO          365    .text.HAL_MPU_Disable  stm32h7xx_hal_cortex.o
    0x08002aea   0x08002aea   0x00000006   PAD
    0x08002af0   0x08002af0   0x00000020   Code   RO          367    .text.HAL_MPU_Enable  stm32h7xx_hal_cortex.o
    0x08002b10   0x08002b10   0x00000020   Code   RO          327    .text.HAL_MspInit   stm32h7xx_hal_msp_1.o
    0x08002b30   0x08002b30   0x00000022   Code   RO          355    .text.HAL_NVIC_EnableIRQ  stm32h7xx_hal_cortex.o
    0x08002b52   0x08002b52   0x00000006   PAD
    0x08002b58   0x08002b58   0x0000005a   Code   RO          353    .text.HAL_NVIC_SetPriority  stm32h7xx_hal_cortex.o
    0x08002bb2   0x08002bb2   0x00000006   PAD
    0x08002bb8   0x08002bb8   0x00000020   Code   RO          351    .text.HAL_NVIC_SetPriorityGrouping  stm32h7xx_hal_cortex.o
    0x08002bd8   0x08002bd8   0x00000084   Code   RO          820    .text.HAL_PWREx_ConfigSupply  stm32h7xx_hal_pwr_ex.o
    0x08002c5c   0x08002c5c   0x00000004   PAD
    0x08002c60   0x08002c60   0x000000de   Code   RO         1356    .text.HAL_QSPI_Init  stm32h7xx_hal_qspi.o
    0x08002d3e   0x08002d3e   0x00000002   PAD
    0x08002d40   0x08002d40   0x000000e4   Code   RO          230    .text.HAL_QSPI_MspInit  quadspi.o
    0x08002e24   0x08002e24   0x00000004   PAD
    0x08002e28   0x08002e28   0x00000026   Code   RO          501    .text.HAL_RCCEx_GetD3PCLK1Freq  stm32h7xx_hal_rcc_ex.o
    0x08002e4e   0x08002e4e   0x00000002   PAD
    0x08002e50   0x08002e50   0x00000134   Code   RO          495    .text.HAL_RCCEx_GetPLL1ClockFreq  stm32h7xx_hal_rcc_ex.o
    0x08002f84   0x08002f84   0x00000004   PAD
    0x08002f88   0x08002f88   0x0000012c   Code   RO          497    .text.HAL_RCCEx_GetPLL2ClockFreq  stm32h7xx_hal_rcc_ex.o
    0x080030b4   0x080030b4   0x00000004   PAD
    0x080030b8   0x080030b8   0x0000012c   Code   RO          499    .text.HAL_RCCEx_GetPLL3ClockFreq  stm32h7xx_hal_rcc_ex.o
    0x080031e4   0x080031e4   0x00000004   PAD
    0x080031e8   0x080031e8   0x00000452   Code   RO          493    .text.HAL_RCCEx_GetPeriphCLKFreq  stm32h7xx_hal_rcc_ex.o
    0x0800363a   0x0800363a   0x00000006   PAD
    0x08003640   0x08003640   0x00000b7c   Code   RO          485    .text.HAL_RCCEx_PeriphCLKConfig  stm32h7xx_hal_rcc_ex.o
    0x080041bc   0x080041bc   0x00000004   PAD
    0x080041c0   0x080041c0   0x00000268   Code   RO          453    .text.HAL_RCC_ClockConfig  stm32h7xx_hal_rcc.o
    0x08004428   0x08004428   0x00000058   Code   RO          471    .text.HAL_RCC_GetClockConfig  stm32h7xx_hal_rcc.o
    0x08004480   0x08004480   0x0000004c   Code   RO          463    .text.HAL_RCC_GetHCLKFreq  stm32h7xx_hal_rcc.o
    0x080044cc   0x080044cc   0x00000004   PAD
    0x080044d0   0x080044d0   0x00000060   Code   RO          465    .text.HAL_RCC_GetPCLK1Freq  stm32h7xx_hal_rcc.o
    0x08004530   0x08004530   0x00000060   Code   RO          467    .text.HAL_RCC_GetPCLK2Freq  stm32h7xx_hal_rcc.o
    0x08004590   0x08004590   0x00000118   Code   RO          455    .text.HAL_RCC_GetSysClockFreq  stm32h7xx_hal_rcc.o
    0x080046a8   0x080046a8   0x00000560   Code   RO          451    .text.HAL_RCC_OscConfig  stm32h7xx_hal_rcc.o
    0x08004c08   0x08004c08   0x0000043e   Code   RO         1440    .text.HAL_SAI_Init  stm32h7xx_hal_sai.o
    0x08005046   0x08005046   0x00000002   PAD
    0x08005048   0x08005048   0x000000ec   Code   RO          245    .text.HAL_SAI_MspInit  sai.o
    0x08005134   0x08005134   0x00000004   PAD
    0x08005138   0x08005138   0x00000050   Code   RO         1296    .text.HAL_SDRAM_Init  stm32h7xx_hal_sdram.o
    0x08005188   0x08005188   0x000000fa   Code   RO          195    .text.HAL_SDRAM_MspInit  fmc.o
    0x08005282   0x08005282   0x00000006   PAD
    0x08005288   0x08005288   0x00000030   Code   RO         1340    .text.HAL_SDRAM_ProgramRefreshRate  stm32h7xx_hal_sdram.o
    0x080052b8   0x080052b8   0x0000003a   Code   RO         1338    .text.HAL_SDRAM_SendCommand  stm32h7xx_hal_sdram.o
    0x080052f2   0x080052f2   0x00000006   PAD
    0x080052f8   0x080052f8   0x00000014   Code   RO          964    .text.HAL_SYSCFG_AnalogSwitchConfig  stm32h7xx_hal.o
    0x0800530c   0x0800530c   0x00000004   PAD
    0x08005310   0x08005310   0x00000002   Code   RO         1846    .text.HAL_TIMEx_Break2Callback  stm32h7xx_hal_tim_ex.o
    0x08005312   0x08005312   0x00000006   PAD
    0x08005318   0x08005318   0x00000002   Code   RO         1844    .text.HAL_TIMEx_BreakCallback  stm32h7xx_hal_tim_ex.o
    0x0800531a   0x0800531a   0x00000006   PAD
    0x08005320   0x08005320   0x00000002   Code   RO         1840    .text.HAL_TIMEx_CommutCallback  stm32h7xx_hal_tim_ex.o
    0x08005322   0x08005322   0x00000006   PAD
    0x08005328   0x08005328   0x00000060   Code   RO         1533    .text.HAL_TIM_Base_Init  stm32h7xx_hal_tim.o
    0x08005388   0x08005388   0x00000002   Code   RO         1535    .text.HAL_TIM_Base_MspInit  stm32h7xx_hal_tim.o
    0x0800538a   0x0800538a   0x00000006   PAD
    0x08005390   0x08005390   0x000000b4   Code   RO         1547    .text.HAL_TIM_Base_Start_IT  stm32h7xx_hal_tim.o
    0x08005444   0x08005444   0x00000004   PAD
    0x08005448   0x08005448   0x00000002   Code   RO         1669    .text.HAL_TIM_IC_CaptureCallback  stm32h7xx_hal_tim.o
    0x0800544a   0x0800544a   0x00000006   PAD
    0x08005450   0x08005450   0x0000018c   Code   RO         1667    .text.HAL_TIM_IRQHandler  stm32h7xx_hal_tim.o
    0x080055dc   0x080055dc   0x00000004   PAD
    0x080055e0   0x080055e0   0x00000002   Code   RO         1671    .text.HAL_TIM_OC_DelayElapsedCallback  stm32h7xx_hal_tim.o
    0x080055e2   0x080055e2   0x00000006   PAD
    0x080055e8   0x080055e8   0x00000002   Code   RO         1673    .text.HAL_TIM_PWM_PulseFinishedCallback  stm32h7xx_hal_tim.o
    0x080055ea   0x080055ea   0x00000006   PAD
    0x080055f0   0x080055f0   0x00000014   Code   RO          129    .text.HAL_TIM_PeriodElapsedCallback  main_1.o
    0x08005604   0x08005604   0x00000004   PAD
    0x08005608   0x08005608   0x00000002   Code   RO         1677    .text.HAL_TIM_TriggerCallback  stm32h7xx_hal_tim.o
    0x0800560a   0x0800560a   0x00000006   PAD
    0x08005610   0x08005610   0x00000036   Code   RO         2023    .text.HAL_UARTEx_DisableFifoMode  stm32h7xx_hal_uart_ex.o
    0x08005646   0x08005646   0x00000002   PAD
    0x08005648   0x08005648   0x00000098   Code   RO         2031    .text.HAL_UARTEx_ReceiveToIdle_IT  stm32h7xx_hal_uart_ex.o
    0x080056e0   0x080056e0   0x0000009a   Code   RO          269    .text.HAL_UARTEx_RxEventCallback  usart_1.o
    0x0800577a   0x0800577a   0x00000006   PAD
    0x08005780   0x08005780   0x00000002   Code   RO         2009    .text.HAL_UARTEx_RxFifoFullCallback  stm32h7xx_hal_uart_ex.o
    0x08005782   0x08005782   0x00000006   PAD
    0x08005788   0x08005788   0x00000090   Code   RO         2027    .text.HAL_UARTEx_SetRxFifoThreshold  stm32h7xx_hal_uart_ex.o
    0x08005818   0x08005818   0x00000090   Code   RO         2025    .text.HAL_UARTEx_SetTxFifoThreshold  stm32h7xx_hal_uart_ex.o
    0x080058a8   0x080058a8   0x00000002   Code   RO         2011    .text.HAL_UARTEx_TxFifoEmptyCallback  stm32h7xx_hal_uart_ex.o
    0x080058aa   0x080058aa   0x00000006   PAD
    0x080058b0   0x080058b0   0x00000002   Code   RO         2007    .text.HAL_UARTEx_WakeupCallback  stm32h7xx_hal_uart_ex.o
    0x080058b2   0x080058b2   0x00000006   PAD
    0x080058b8   0x080058b8   0x00000002   Code   RO         1948    .text.HAL_UART_ErrorCallback  stm32h7xx_hal_uart.o
    0x080058ba   0x080058ba   0x00000006   PAD
    0x080058c0   0x080058c0   0x00000758   Code   RO         1944    .text.HAL_UART_IRQHandler  stm32h7xx_hal_uart.o
    0x08006018   0x08006018   0x00000066   Code   RO         1860    .text.HAL_UART_Init  stm32h7xx_hal_uart.o
    0x0800607e   0x0800607e   0x00000002   PAD
    0x08006080   0x08006080   0x0000016a   Code   RO          265    .text.HAL_UART_MspInit  usart_1.o
    0x080061ea   0x080061ea   0x00000006   PAD
    0x080061f0   0x080061f0   0x00000002   Code   RO         1956    .text.HAL_UART_RxCpltCallback  stm32h7xx_hal_uart.o
    0x080061f2   0x080061f2   0x00000006   PAD
    0x080061f8   0x080061f8   0x000000ce   Code   RO         1880    .text.HAL_UART_Transmit  stm32h7xx_hal_uart.o
    0x080062c6   0x080062c6   0x00000002   PAD
    0x080062c8   0x080062c8   0x00000002   Code   RO         1952    .text.HAL_UART_TxCpltCallback  stm32h7xx_hal_uart.o
    0x080062ca   0x080062ca   0x00000006   PAD
    0x080062d0   0x080062d0   0x00000002   Code   RO          292    .text.HardFault_Handler  stm32h7xx_it_1.o
    0x080062d2   0x080062d2   0x00000006   PAD
    0x080062d8   0x080062d8   0x0000003c   Code   RO          168    .text.MX_DCMI_Init  dcmi.o
    0x08006314   0x08006314   0x00000004   PAD
    0x08006318   0x08006318   0x00000044   Code   RO          184    .text.MX_DMA_Init   dma_1.o
    0x0800635c   0x0800635c   0x00000004   PAD
    0x08006360   0x08006360   0x00000068   Code   RO          193    .text.MX_FMC_Init   fmc.o
    0x080063c8   0x080063c8   0x000000b0   Code   RO          158    .text.MX_GPIO_Init  gpio.o
    0x08006478   0x08006478   0x0000006a   Code   RO          210    .text.MX_I2C1_Init  i2c.o
    0x080064e2   0x080064e2   0x00000006   PAD
    0x080064e8   0x080064e8   0x0000006a   Code   RO          212    .text.MX_I2C2_Init  i2c.o
    0x08006552   0x08006552   0x00000006   PAD
    0x08006558   0x08006558   0x00000042   Code   RO          228    .text.MX_QUADSPI_Init  quadspi.o
    0x0800659a   0x0800659a   0x00000006   PAD
    0x080065a0   0x080065a0   0x00000078   Code   RO          243    .text.MX_SAI1_Init  sai.o
    0x08006618   0x08006618   0x0000007c   Code   RO          259    .text.MX_UART4_Init  usart_1.o
    0x08006694   0x08006694   0x00000004   PAD
    0x08006698   0x08006698   0x0000007c   Code   RO          261    .text.MX_USART1_UART_Init  usart_1.o
    0x08006714   0x08006714   0x00000004   PAD
    0x08006718   0x08006718   0x00000084   Code   RO          263    .text.MX_USART3_UART_Init  usart_1.o
    0x0800679c   0x0800679c   0x00000004   PAD
    0x080067a0   0x080067a0   0x00000002   Code   RO          294    .text.MemManage_Handler  stm32h7xx_it_1.o
    0x080067a2   0x080067a2   0x00000006   PAD
    0x080067a8   0x080067a8   0x00000002   Code   RO          290    .text.NMI_Handler   stm32h7xx_it_1.o
    0x080067aa   0x080067aa   0x00000006   PAD
    0x080067b0   0x080067b0   0x00000002   Code   RO          304    .text.PendSV_Handler  stm32h7xx_it_1.o
    0x080067b2   0x080067b2   0x00000006   PAD
    0x080067b8   0x080067b8   0x00000122   Code   RO          487    .text.RCCEx_PLL2_Config  stm32h7xx_hal_rcc_ex.o
    0x080068da   0x080068da   0x00000006   PAD
    0x080068e0   0x080068e0   0x00000122   Code   RO          489    .text.RCCEx_PLL3_Config  stm32h7xx_hal_rcc_ex.o
    0x08006a02   0x08006a02   0x00000006   PAD
    0x08006a08   0x08006a08   0x00000002   Code   RO          300    .text.SVC_Handler   stm32h7xx_it_1.o
    0x08006a0a   0x08006a0a   0x00000006   PAD
    0x08006a10   0x08006a10   0x00000002   Code   RO          306    .text.SysTick_Handler  stm32h7xx_it_1.o
    0x08006a12   0x08006a12   0x00000006   PAD
    0x08006a18   0x08006a18   0x000000e0   Code   RO          119    .text.SystemClock_Config  main_1.o
    0x08006af8   0x08006af8   0x000000e2   Code   RO         2046    .text.SystemInit    system_stm32h7xx_dualcore_boot_cm4_cm7.o
    0x08006bda   0x08006bda   0x00000006   PAD
    0x08006be0   0x08006be0   0x0000000c   Code   RO          312    .text.TIM3_IRQHandler  stm32h7xx_it_1.o
    0x08006bec   0x08006bec   0x00000004   PAD
    0x08006bf0   0x08006bf0   0x00000158   Code   RO         1537    .text.TIM_Base_SetConfig  stm32h7xx_hal_tim.o
    0x08006d48   0x08006d48   0x000006e0   Code   RO          125    .text.TestMemoryLatency  main_1.o
    0x08007428   0x08007428   0x000000a6   Code   RO          150    .text.Tri_Color_LED_Init  gpio.o
    0x080074ce   0x080074ce   0x00000002   PAD
    0x080074d0   0x080074d0   0x00000044   Code   RO          154    .text.Tri_LED_On    gpio.o
    0x08007514   0x08007514   0x00000004   PAD
    0x08007518   0x08007518   0x00000024   Code   RO          318    .text.UART4_IRQHandler  stm32h7xx_it_1.o
    0x0800753c   0x0800753c   0x00000004   PAD
    0x08007540   0x08007540   0x000000e0   Code   RO         1866    .text.UART_AdvFeatureConfig  stm32h7xx_hal_uart.o
    0x08007620   0x08007620   0x00000176   Code   RO         1868    .text.UART_CheckIdleState  stm32h7xx_hal_uart.o
    0x08007796   0x08007796   0x00000002   PAD
    0x08007798   0x08007798   0x00000010   Code   RO         1946    .text.UART_DMAAbortOnError  stm32h7xx_hal_uart.o
    0x080077a8   0x080077a8   0x000001c4   Code   RO         1986    .text.UART_RxISR_16BIT  stm32h7xx_hal_uart.o
    0x0800796c   0x0800796c   0x00000004   PAD
    0x08007970   0x08007970   0x00000334   Code   RO         1982    .text.UART_RxISR_16BIT_FIFOEN  stm32h7xx_hal_uart.o
    0x08007ca4   0x08007ca4   0x00000004   PAD
    0x08007ca8   0x08007ca8   0x000001c8   Code   RO         1988    .text.UART_RxISR_8BIT  stm32h7xx_hal_uart.o
    0x08007e70   0x08007e70   0x00000338   Code   RO         1984    .text.UART_RxISR_8BIT_FIFOEN  stm32h7xx_hal_uart.o
    0x080081a8   0x080081a8   0x000004b4   Code   RO         1864    .text.UART_SetConfig  stm32h7xx_hal_uart.o
    0x0800865c   0x0800865c   0x00000004   PAD
    0x08008660   0x08008660   0x00000274   Code   RO         1898    .text.UART_Start_Receive_IT  stm32h7xx_hal_uart.o
    0x080088d4   0x080088d4   0x00000004   PAD
    0x080088d8   0x080088d8   0x000002ea   Code   RO         1882    .text.UART_WaitOnFlagUntilTimeout  stm32h7xx_hal_uart.o
    0x08008bc2   0x08008bc2   0x00000006   PAD
    0x08008bc8   0x08008bc8   0x0000000c   Code   RO          314    .text.USART1_IRQHandler  stm32h7xx_it_1.o
    0x08008bd4   0x08008bd4   0x00000004   PAD
    0x08008bd8   0x08008bd8   0x0000000c   Code   RO          316    .text.USART3_IRQHandler  stm32h7xx_it_1.o
    0x08008be4   0x08008be4   0x00000004   PAD
    0x08008be8   0x08008be8   0x00000002   Code   RO          298    .text.UsageFault_Handler  stm32h7xx_it_1.o
    0x08008bea   0x08008bea   0x00000006   PAD
    0x08008bf0   0x08008bf0   0x00000028   Code   RO          115    .text.fputc         main_1.o
    0x08008c18   0x08008c18   0x000005e0   Code   RO          117    .text.main          main_1.o
    0x080091f8   0x080091f8   0x00000020   Code   RO         2687    i.__0printf         mc_w.l(printfa.o)
    0x08009218   0x08009218   0x0000000e   Code   RO         2794    i.__scatterload_copy  mc_w.l(handlers.o)
    0x08009226   0x08009226   0x00000002   Code   RO         2795    i.__scatterload_null  mc_w.l(handlers.o)
    0x08009228   0x08009228   0x0000000e   Code   RO         2796    i.__scatterload_zeroinit  mc_w.l(handlers.o)
    0x08009236   0x08009236   0x00000002   PAD
    0x08009238   0x08009238   0x00000184   Code   RO         2694    i._fp_digits        mc_w.l(printfa.o)
    0x080093bc   0x080093bc   0x000006dc   Code   RO         2695    i._printf_core      mc_w.l(printfa.o)
    0x08009a98   0x08009a98   0x00000024   Code   RO         2696    i._printf_post_padding  mc_w.l(printfa.o)
    0x08009abc   0x08009abc   0x0000002e   Code   RO         2697    i._printf_pre_padding  mc_w.l(printfa.o)
    0x08009aea   0x08009aea   0x00000002   PAD
    0x08009aec   0x08009aec   0x00000024   Code   RO         2436    i.puts              mc_w.l(puts.o)
    0x08009b10   0x08009b10   0x00000006   Data   RO         1995    .rodata..Lswitch.table.UART_SetConfig.5  stm32h7xx_hal_uart.o
    0x08009b16   0x08009b16   0x00000006   Data   RO         1996    .rodata..Lswitch.table.UART_SetConfig.7  stm32h7xx_hal_uart.o
    0x08009b1c   0x08009b1c   0x00000010   Data   RO         2050    .rodata.D1CorePrescTable  system_stm32h7xx_dualcore_boot_cm4_cm7.o
    0x08009b2c   0x08009b2c   0x00000018   Data   RO         1994    .rodata.UARTPrescTable  stm32h7xx_hal_uart.o
    0x08009b44   0x08009b44   0x00000010   Data   RO         2037    .rodata.cst8        stm32h7xx_hal_uart_ex.o
    0x08009b54   0x08009b54   0x000000fe   Data   RO          136    .rodata.str1.1      main_1.o
    0x08009c52   0x08009c52   0x00000002   PAD
    0x08009c54   0x08009c54   0x00000020   Data   RO         2793    Region$$Table       anon$$obj.o


    Execution Region RW_IRAM1 (Exec base: 0x20000000, Load base: 0x08009c78, Size: 0x00001c88, Max: 0x00020000, ABSOLUTE)

    Exec Addr    Load Addr    Size         Type   Attr      Idx    E Section Name        Object

    0x20000000   0x08009c78   0x00001000   Data   RW          134    .ARM.__at_0x20000000  main_1.o
    0x20001000   0x0800ac78   0x00000008   Data   RW         1037    .data..L_MergedGlobals  stm32h7xx_hal.o
    0x20001008   0x0800ac80   0x00000008   Data   RW         2051    .data..L_MergedGlobals  system_stm32h7xx_dualcore_boot_cm4_cm7.o
    0x20001010   0x0800ac88   0x00000004   Data   RW          133    .data.sdram_buffer  main_1.o
    0x20001014   0x0800ac8c   0x00000004   PAD
    0x20001018        -       0x0000007c   Zero   RW          250    .bss..L_MergedGlobals  sai.o
    0x20001094        -       0x00000001   Zero   RW          200    .bss.FMC_Initialized  fmc.o
    0x20001095   0x0800ac8c   0x00000003   PAD
    0x20001098        -       0x00000054   Zero   RW          140    .bss.__stdout       main_1.o
    0x200010ec        -       0x00000100   Zero   RW          279    .bss.dbg_rx_final_buf  usart_1.o
    0x200011ec        -       0x00000001   Zero   RW          271    .bss.dbg_rx_size    usart_1.o
    0x200011ed   0x0800ac8c   0x00000003   PAD
    0x200011f0        -       0x00000080   Zero   RW          278    .bss.dbg_rx_tmp_buf  usart_1.o
    0x20001270        -       0x00000050   Zero   RW          174    .bss.hdcmi          dcmi.o
    0x200012c0        -       0x00000078   Zero   RW          175    .bss.hdma_dcmi      dcmi.o
    0x20001338        -       0x00000054   Zero   RW          218    .bss.hi2c1          i2c.o
    0x2000138c        -       0x00000054   Zero   RW          219    .bss.hi2c2          i2c.o
    0x200013e0        -       0x0000004c   Zero   RW          234    .bss.hqspi          quadspi.o
    0x2000142c        -       0x00000098   Zero   RW          249    .bss.hsai_BlockA1   sai.o
    0x200014c4        -       0x00000034   Zero   RW          199    .bss.hsdram1        fmc.o
    0x200014f8        -       0x0000004c   Zero   RW          341    .bss.htim3          stm32h7xx_hal_timebase_tim.o
    0x20001544        -       0x00000094   Zero   RW          276    .bss.huart1         usart_1.o
    0x200015d8        -       0x00000094   Zero   RW          277    .bss.huart3         usart_1.o
    0x2000166c        -       0x00000094   Zero   RW          275    .bss.huart4         usart_1.o
    0x20001700        -       0x00000004   Zero   RW         1036    .bss.uwTick         stm32h7xx_hal.o
    0x20001704        -       0x00000100   Zero   RW          281    .bss.wifi_rx_final_buf  usart_1.o
    0x20001804        -       0x00000080   Zero   RW          280    .bss.wifi_rx_tmp_buf  usart_1.o
    0x20001884   0x0800ac8c   0x00000004   PAD
    0x20001888        -       0x00000400   Zero   RW            1    STACK               startup_stm32h747xx_cm7.o



  Load Region LR$$.ARM.__at_0x24000000 (Base: 0x24000000, Size: 0x00000100, Max: 0x00000100, ABSOLUTE)

    Execution Region ER$$.ARM.__at_0x24000000 (Exec base: 0x24000000, Load base: 0x24000000, Size: 0x00000100, Max: 0x00000100, ABSOLUTE, UNINIT)

    Exec Addr    Load Addr    Size         Type   Attr      Idx    E Section Name        Object

    0x24000000   0x24000000   0x00000100   Data   RW           62    .ARM.__at_0x24000000  microphone_sai_drv.o



  Load Region LR$$.ARM.__at_0x24010000 (Base: 0x24010000, Size: 0x00000200, Max: 0x00000200, ABSOLUTE)

    Execution Region ER$$.ARM.__at_0x24010000 (Exec base: 0x24010000, Load base: 0x24010000, Size: 0x00000200, Max: 0x00000200, ABSOLUTE, UNINIT)

    Exec Addr    Load Addr    Size         Type   Attr      Idx    E Section Name        Object

    0x24010000   0x24010000   0x00000200   Data   RW           63    .ARM.__at_0x24010000  microphone_sai_drv.o



  Load Region LR$$.ARM.__at_0x24030000 (Base: 0x24030000, Size: 0x00001000, Max: 0x00001000, ABSOLUTE)

    Execution Region ER$$.ARM.__at_0x24030000 (Exec base: 0x24030000, Load base: 0x24030000, Size: 0x00001000, Max: 0x00001000, ABSOLUTE, UNINIT)

    Exec Addr    Load Addr    Size         Type   Attr      Idx    E Section Name        Object

    0x24030000   0x24030000   0x00001000   Data   RW          135    .ARM.__at_0x24030000  main_1.o


==============================================================================

Image component sizes


      Code (inc. data)   RO Data    RW Data    ZI Data      Debug   Object Name

       398          0          0          0        200       6634   dcmi.o
        68          0          0          0          0       5571   dma_1.o
       354          0          0          0         53       8393   fmc.o
       410          0          0          0          0       4230   gpio.o
       466          0          0          0        168       8487   i2c.o
      3558        308        254       8196         84      20048   main_1.o
         0          0          0        768          0       2188   microphone_sai_drv.o
       294          0          0          0         76       8115   quadspi.o
       356          0          0          0        276       8694   sai.o
       130          0          0          0          0       8701   sdram_fmc_drv.o
        36          8        664          0       1024        824   startup_stm32h747xx_cm7.o
       212          0          0          8          4      17198   stm32h7xx_hal.o
       310          0          0          0          0      12375   stm32h7xx_hal_cortex.o
       156          0          0          0          0       9327   stm32h7xx_hal_dcmi.o
      6054         54          0          0          0      18177   stm32h7xx_hal_dma.o
       436          0          0          0          0       7166   stm32h7xx_hal_gpio.o
        46          0          0          0          0       3233   stm32h7xx_hal_hsem.o
       162          0          0          0          0      58633   stm32h7xx_hal_i2c.o
       146          0          0          0          0       7609   stm32h7xx_hal_i2c_ex.o
        32          0          0          0          0       2206   stm32h7xx_hal_msp_1.o
       132          0          0          0          0      11918   stm32h7xx_hal_pwr_ex.o
       222          0          0          0          0      23313   stm32h7xx_hal_qspi.o
      2628         16          0          0          0      11717   stm32h7xx_hal_rcc.o
      5572        226          0          0          0      20782   stm32h7xx_hal_rcc_ex.o
      1086          8          0          0          0      22863   stm32h7xx_hal_sai.o
       186          0          0          0          0      15263   stm32h7xx_hal_sdram.o
      1026          0          0          0          0      64436   stm32h7xx_hal_tim.o
         6          0          0          0          0      25422   stm32h7xx_hal_tim_ex.o
       164          0          0          0         76       9928   stm32h7xx_hal_timebase_tim.o
      7938        332         36          0          0      42593   stm32h7xx_hal_uart.o
       500          0         16          0          0      11572   stm32h7xx_hal_uart_ex.o
       114          0          0          0          0       7246   stm32h7xx_it_1.o
       432          0          0          0          0       9092   stm32h7xx_ll_fmc.o
       226          0         16          8          0       6240   system_stm32h7xx_dualcore_boot_cm4_cm7.o
       896          0          0          0       1213      12836   usart_1.o

    ----------------------------------------------------------------------
     35212        968       1020       8980       3188     513030   Object Totals
         0          0         32          0          0          0   (incl. Generated)
       460         16          2          0         14          0   (incl. Padding)

    ----------------------------------------------------------------------

      Code (inc. data)   RO Data    RW Data    ZI Data      Debug   Library Member Name

         0          0          0          0          0          0   entry.o
         0          0          0          0          0          0   entry10a.o
         0          0          0          0          0          0   entry11a.o
         8          4          0          0          0          0   entry2.o
         4          0          0          0          0          0   entry5.o
         0          0          0          0          0          0   entry7b.o
         0          0          0          0          0          0   entry8b.o
         8          4          0          0          0          0   entry9a.o
        30          0          0          0          0          0   handlers.o
        36          8          0          0          0         68   init.o
         0          0          0          0          0          0   iusefp.o
        30          0          0          0          0         68   llshl.o
        36          0          0          0          0         68   llsshr.o
        32          0          0          0          0         68   llushr.o
        64          0          0          0          0         76   memmovea.o
        36          0          0          0          0        108   memseta.o
      2258         90          0          0          0        452   printfa.o
        36          6          0          0          0         80   puts.o
        44          0          0          0          0         80   uidiv.o
        98          0          0          0          0         92   uldiv.o
        48          0          0          0          0         68   cdrcmple.o
       334          0          0          0          0        148   dadd.o
       222          0          0          0          0        100   ddiv.o
       186          0          0          0          0        176   depilogue.o
        48          0          0          0          0         68   dfixul.o
        24          0          0          0          0         76   dfltul.o
       228          0          0          0          0         96   dmul.o

    ----------------------------------------------------------------------
      3820        112          0          0          0       1892   Library Totals
        10          0          0          0          0          0   (incl. Padding)

    ----------------------------------------------------------------------

      Code (inc. data)   RO Data    RW Data    ZI Data      Debug   Library Name

      2720        112          0          0          0       1160   mc_w.l
      1090          0          0          0          0        732   mf_w.l

    ----------------------------------------------------------------------
      3820        112          0          0          0       1892   Library Totals

    ----------------------------------------------------------------------

==============================================================================


      Code (inc. data)   RO Data    RW Data    ZI Data      Debug   

     39032       1080       1020       8980       3188     513498   Grand Totals
     39032       1080       1020       8980       3188     513498   ELF Image Totals
     39032       1080       1020       8980          0          0   ROM Totals

==============================================================================

    Total RO  Size (Code + RO Data)                40052 (  39.11kB)
    Total RW  Size (RW Data + ZI Data)             12168 (  11.88kB)
    Total ROM Size (Code + RO Data + RW Data)      49032 (  47.88kB)

==============================================================================

