Component: Arm Compiler for Embedded 6.22 Tool: armlink [5ee90200]

==============================================================================

Section Cross References

    startup_stm32h747xx_cm7.o(RESET) refers to startup_stm32h747xx_cm7.o(STACK) for __initial_sp
    startup_stm32h747xx_cm7.o(RESET) refers to startup_stm32h747xx_cm7.o(.text) for Reset_Handler
    startup_stm32h747xx_cm7.o(RESET) refers to stm32h7xx_it_1.o(.text.NMI_Handler) for NMI_Handler
    startup_stm32h747xx_cm7.o(RESET) refers to stm32h7xx_it_1.o(.text.HardFault_Handler) for HardFault_Handler
    startup_stm32h747xx_cm7.o(RESET) refers to stm32h7xx_it_1.o(.text.MemManage_Handler) for MemManage_Handler
    startup_stm32h747xx_cm7.o(RESET) refers to stm32h7xx_it_1.o(.text.BusFault_Handler) for BusFault_Handler
    startup_stm32h747xx_cm7.o(RESET) refers to stm32h7xx_it_1.o(.text.UsageFault_Handler) for UsageFault_Handler
    startup_stm32h747xx_cm7.o(RESET) refers to stm32h7xx_it_1.o(.text.SVC_Handler) for SVC_Handler
    startup_stm32h747xx_cm7.o(RESET) refers to stm32h7xx_it_1.o(.text.DebugMon_Handler) for DebugMon_Handler
    startup_stm32h747xx_cm7.o(RESET) refers to stm32h7xx_it_1.o(.text.PendSV_Handler) for PendSV_Handler
    startup_stm32h747xx_cm7.o(RESET) refers to stm32h7xx_it_1.o(.text.SysTick_Handler) for SysTick_Handler
    startup_stm32h747xx_cm7.o(RESET) refers to stm32h7xx_it_1.o(.text.DMA1_Stream0_IRQHandler) for DMA1_Stream0_IRQHandler
    startup_stm32h747xx_cm7.o(RESET) refers to stm32h7xx_it_1.o(.text.DMA1_Stream1_IRQHandler) for DMA1_Stream1_IRQHandler
    startup_stm32h747xx_cm7.o(RESET) refers to stm32h7xx_it_1.o(.text.TIM3_IRQHandler) for TIM3_IRQHandler
    startup_stm32h747xx_cm7.o(RESET) refers to stm32h7xx_it_1.o(.text.USART1_IRQHandler) for USART1_IRQHandler
    startup_stm32h747xx_cm7.o(RESET) refers to stm32h7xx_it_1.o(.text.USART3_IRQHandler) for USART3_IRQHandler
    startup_stm32h747xx_cm7.o(RESET) refers to stm32h7xx_it_1.o(.text.UART4_IRQHandler) for UART4_IRQHandler
    startup_stm32h747xx_cm7.o(.text) refers to system_stm32h7xx_dualcore_boot_cm4_cm7.o(.text.SystemInit) for SystemInit
    startup_stm32h747xx_cm7.o(.text) refers to entry.o(.ARM.Collect$$$$00000000) for __main
    sdram_fmc_drv.o(.text.Ext_SDRAM_Init) refers to fmc.o(.bss.hsdram1) for hsdram1
    sdram_fmc_drv.o(.text.Ext_SDRAM_Init) refers to stm32h7xx_hal_sdram.o(.text.HAL_SDRAM_SendCommand) for HAL_SDRAM_SendCommand
    sdram_fmc_drv.o(.text.Ext_SDRAM_Init) refers to stm32h7xx_hal.o(.text.HAL_Delay) for HAL_Delay
    sdram_fmc_drv.o(.text.Ext_SDRAM_Init) refers to stm32h7xx_hal_sdram.o(.text.HAL_SDRAM_ProgramRefreshRate) for HAL_SDRAM_ProgramRefreshRate
    sdram_fmc_drv.o(.ARM.exidx.text.Ext_SDRAM_Init) refers to sdram_fmc_drv.o(.text.Ext_SDRAM_Init) for [Anonymous Symbol]
    sdram_fmc_drv.o(.ARM.exidx.text.TestExtSDRAM) refers to sdram_fmc_drv.o(.text.TestExtSDRAM) for [Anonymous Symbol]
    microphone_sai_drv.o(.text.Start_PDM_Receive) refers to sai.o(.bss.hsai_BlockA1) for hsai_BlockA1
    microphone_sai_drv.o(.text.Start_PDM_Receive) refers to microphone_sai_drv.o(.ARM.__at_0x24000000) for pdm_buffer
    microphone_sai_drv.o(.text.Start_PDM_Receive) refers to stm32h7xx_hal_sai.o(.text.HAL_SAI_Receive_DMA) for HAL_SAI_Receive_DMA
    microphone_sai_drv.o(.text.Start_PDM_Receive) refers to main_1.o(.text.Error_Handler) for Error_Handler
    microphone_sai_drv.o(.ARM.exidx.text.Start_PDM_Receive) refers to microphone_sai_drv.o(.text.Start_PDM_Receive) for [Anonymous Symbol]
    microphone_sai_drv.o(.text.USER_PDM_Filter_Init) refers to microphone_sai_drv.o(.bss.PDM_FilterHandler) for PDM_FilterHandler
    microphone_sai_drv.o(.text.USER_PDM_Filter_Init) refers to pdm_filter.o(i.PDM_Filter_Init) for PDM_Filter_Init
    microphone_sai_drv.o(.text.USER_PDM_Filter_Init) refers to microphone_sai_drv.o(.bss.PDM_FilterConfig) for PDM_FilterConfig
    microphone_sai_drv.o(.text.USER_PDM_Filter_Init) refers to pdm_filter.o(i.PDM_Filter_setConfig) for PDM_Filter_setConfig
    microphone_sai_drv.o(.ARM.exidx.text.USER_PDM_Filter_Init) refers to microphone_sai_drv.o(.text.USER_PDM_Filter_Init) for [Anonymous Symbol]
    microphone_sai_drv.o(.text.Process_PDM_To_PCM) refers to microphone_sai_drv.o(.ARM.__at_0x24000000) for pdm_buffer
    microphone_sai_drv.o(.text.Process_PDM_To_PCM) refers to microphone_sai_drv.o(.ARM.__at_0x24010000) for pcm_buffer
    microphone_sai_drv.o(.text.Process_PDM_To_PCM) refers to microphone_sai_drv.o(.bss.PDM_FilterHandler) for PDM_FilterHandler
    microphone_sai_drv.o(.text.Process_PDM_To_PCM) refers to pdm_filter.o(i.PDM_Filter) for PDM_Filter
    microphone_sai_drv.o(.ARM.exidx.text.Process_PDM_To_PCM) refers to microphone_sai_drv.o(.text.Process_PDM_To_PCM) for [Anonymous Symbol]
    qspi_flash_drv.o(.text.W25Q256JVFIQ_PageWrite) refers to quadspi.o(.bss.hqspi) for hqspi
    qspi_flash_drv.o(.text.W25Q256JVFIQ_PageWrite) refers to stm32h7xx_hal_qspi.o(.text.HAL_QSPI_Command) for HAL_QSPI_Command
[...]
    HRTIM1_TIME_IRQHandler                   0x080002c7   Thumb Code     0  startup_stm32h747xx_cm7.o(.text)
    HSEM1_IRQHandler                         0x080002c7   Thumb Code     0  startup_stm32h747xx_cm7.o(.text)
    HSEM2_IRQHandler                         0x080002c7   Thumb Code     0  startup_stm32h747xx_cm7.o(.text)
    I2C1_ER_IRQHandler                       0x080002c7   Thumb Code     0  startup_stm32h747xx_cm7.o(.text)
    I2C1_EV_IRQHandler                       0x080002c7   Thumb Code     0  startup_stm32h747xx_cm7.o(.text)
    I2C2_ER_IRQHandler                       0x080002c7   Thumb Code     0  startup_stm32h747xx_cm7.o(.text)
    I2C2_EV_IRQHandler                       0x080002c7   Thumb Code     0  startup_stm32h747xx_cm7.o(.text)
    I2C3_ER_IRQHandler                       0x080002c7   Thumb Code     0  startup_stm32h747xx_cm7.o(.text)
    I2C3_EV_IRQHandler                       0x080002c7   Thumb Code     0  startup_stm32h747xx_cm7.o(.text)
    I2C4_ER_IRQHandler                       0x080002c7   Thumb Code     0  startup_stm32h747xx_cm7.o(.text)
    I2C4_EV_IRQHandler                       0x080002c7   Thumb Code     0  startup_stm32h747xx_cm7.o(.text)
    JPEG_IRQHandler                          0x080002c7   Thumb Code     0  startup_stm32h747xx_cm7.o(.text)
    LPTIM1_IRQHandler                        0x080002c7   Thumb Code     0  startup_stm32h747xx_cm7.o(.text)
    LPTIM2_IRQHandler                        0x080002c7   Thumb Code     0  startup_stm32h747xx_cm7.o(.text)
    LPTIM3_IRQHandler                        0x080002c7   Thumb Code     0  startup_stm32h747xx_cm7.o(.text)
    LPTIM4_IRQHandler                        0x080002c7   Thumb Code     0  startup_stm32h747xx_cm7.o(.text)
    LPTIM5_IRQHandler                        0x080002c7   Thumb Code     0  startup_stm32h747xx_cm7.o(.text)
    LPUART1_IRQHandler                       0x080002c7   Thumb Code     0  startup_stm32h747xx_cm7.o(.text)
    LTDC_ER_IRQHandler                       0x080002c7   Thumb Code     0  startup_stm32h747xx_cm7.o(.text)
    LTDC_IRQHandler                          0x080002c7   Thumb Code     0  startup_stm32h747xx_cm7.o(.text)
    MDIOS_IRQHandler                         0x080002c7   Thumb Code     0  startup_stm32h747xx_cm7.o(.text)
    MDIOS_WKUP_IRQHandler                    0x080002c7   Thumb Code     0  startup_stm32h747xx_cm7.o(.text)
    MDMA_IRQHandler                          0x080002c7   Thumb Code     0  startup_stm32h747xx_cm7.o(.text)
    OTG_FS_EP1_IN_IRQHandler                 0x080002c7   Thumb Code     0  startup_stm32h747xx_cm7.o(.text)
    OTG_FS_EP1_OUT_IRQHandler                0x080002c7   Thumb Code     0  startup_stm32h747xx_cm7.o(.text)
    OTG_FS_IRQHandler                        0x080002c7   Thumb Code     0  startup_stm32h747xx_cm7.o(.text)
    OTG_FS_WKUP_IRQHandler                   0x080002c7   Thumb Code     0  startup_stm32h747xx_cm7.o(.text)
    OTG_HS_EP1_IN_IRQHandler                 0x080002c7   Thumb Code     0  startup_stm32h747xx_cm7.o(.text)
    OTG_HS_EP1_OUT_IRQHandler                0x080002c7   Thumb Code     0  startup_stm32h747xx_cm7.o(.text)
    OTG_HS_IRQHandler                        0x080002c7   Thumb Code     0  startup_stm32h747xx_cm7.o(.text)
    OTG_HS_WKUP_IRQHandler                   0x080002c7   Thumb Code     0  startup_stm32h747xx_cm7.o(.text)
    PVD_AVD_IRQHandler                       0x080002c7   Thumb Code     0  startup_stm32h747xx_cm7.o(.text)
    QUADSPI_IRQHandler                       0x080002c7   Thumb Code     0  startup_stm32h747xx_cm7.o(.text)
    RCC_IRQHandler                           0x080002c7   Thumb Code     0  startup_stm32h747xx_cm7.o(.text)
    RNG_IRQHandler                           0x080002c7   Thumb Code     0  startup_stm32h747xx_cm7.o(.text)
    RTC_Alarm_IRQHandler                     0x080002c7   Thumb Code     0  startup_stm32h747xx_cm7.o(.text)
    RTC_WKUP_IRQHandler                      0x080002c7   Thumb Code     0  startup_stm32h747xx_cm7.o(.text)
    SAI1_IRQHandler                          0x080002c7   Thumb Code     0  startup_stm32h747xx_cm7.o(.text)
    SAI2_IRQHandler                          0x080002c7   Thumb Code     0  startup_stm32h747xx_cm7.o(.text)
    SAI3_IRQHandler                          0x080002c7   Thumb Code     0  startup_stm32h747xx_cm7.o(.text)
    SAI4_IRQHandler                          0x080002c7   Thumb Code     0  startup_stm32h747xx_cm7.o(.text)
    SDMMC1_IRQHandler                        0x080002c7   Thumb Code     0  startup_stm32h747xx_cm7.o(.text)
    SDMMC2_IRQHandler                        0x080002c7   Thumb Code     0  startup_stm32h747xx_cm7.o(.text)
    SPDIF_RX_IRQHandler                      0x080002c7   Thumb Code     0  startup_stm32h747xx_cm7.o(.text)
    SPI1_IRQHandler                          0x080002c7   Thumb Code     0  startup_stm32h747xx_cm7.o(.text)
    SPI2_IRQHandler                          0x080002c7   Thumb Code     0  startup_stm32h747xx_cm7.o(.text)
    SPI3_IRQHandler                          0x080002c7   Thumb Code     0  startup_stm32h747xx_cm7.o(.text)
    SPI4_IRQHandler                          0x080002c7   Thumb Code     0  startup_stm32h747xx_cm7.o(.text)
    SPI5_IRQHandler                          0x080002c7   Thumb Code     0  startup_stm32h747xx_cm7.o(.text)
    SPI6_IRQHandler                          0x080002c7   Thumb Code     0  startup_stm32h747xx_cm7.o(.text)
    SWPMI1_IRQHandler                        0x080002c7   Thumb Code     0  startup_stm32h747xx_cm7.o(.text)
    TAMP_STAMP_IRQHandler                    0x080002c7   Thumb Code     0  startup_stm32h747xx_cm7.o(.text)
    TIM15_IRQHandler                         0x080002c7   Thumb Code     0  startup_stm32h747xx_cm7.o(.text)
    TIM16_IRQHandler                         0x080002c7   Thumb Code     0  startup_stm32h747xx_cm7.o(.text)
    TIM17_IRQHandler                         0x080002c7   Thumb Code     0  startup_stm32h747xx_cm7.o(.text)
    TIM1_BRK_IRQHandler                      0x080002c7   Thumb Code     0  startup_stm32h747xx_cm7.o(.text)
    TIM1_CC_IRQHandler                       0x080002c7   Thumb Code     0  startup_stm32h747xx_cm7.o(.text)
    TIM1_TRG_COM_IRQHandler                  0x080002c7   Thumb Code     0  startup_stm32h747xx_cm7.o(.text)
    TIM1_UP_IRQHandler                       0x080002c7   Thumb Code     0  startup_stm32h747xx_cm7.o(.text)
    TIM2_IRQHandler                          0x080002c7   Thumb Code     0  startup_stm32h747xx_cm7.o(.text)
    TIM4_IRQHandler                          0x080002c7   Thumb Code     0  startup_stm32h747xx_cm7.o(.text)
    TIM5_IRQHandler                          0x080002c7   Thumb Code     0  startup_stm32h747xx_cm7.o(.text)
    TIM6_DAC_IRQHandler                      0x080002c7   Thumb Code     0  startup_stm32h747xx_cm7.o(.text)
    TIM7_IRQHandler                          0x080002c7   Thumb Code     0  startup_stm32h747xx_cm7.o(.text)
    TIM8_BRK_TIM12_IRQHandler                0x080002c7   Thumb Code     0  startup_stm32h747xx_cm7.o(.text)
    TIM8_CC_IRQHandler                       0x080002c7   Thumb Code     0  startup_stm32h747xx_cm7.o(.text)
    TIM8_TRG_COM_TIM14_IRQHandler            0x080002c7   Thumb Code     0  startup_stm32h747xx_cm7.o(.text)
    TIM8_UP_TIM13_IRQHandler                 0x080002c7   Thumb Code     0  startup_stm32h747xx_cm7.o(.text)
    UART5_IRQHandler                         0x080002c7   Thumb Code     0  startup_stm32h747xx_cm7.o(.text)
    UART7_IRQHandler                         0x080002c7   Thumb Code     0  startup_stm32h747xx_cm7.o(.text)
    UART8_IRQHandler                         0x080002c7   Thumb Code     0  startup_stm32h747xx_cm7.o(.text)
    USART2_IRQHandler                        0x080002c7   Thumb Code     0  startup_stm32h747xx_cm7.o(.text)
    USART6_IRQHandler                        0x080002c7   Thumb Code     0  startup_stm32h747xx_cm7.o(.text)
    WAKEUP_PIN_IRQHandler                    0x080002c7   Thumb Code     0  startup_stm32h747xx_cm7.o(.text)
    WWDG_IRQHandler                          0x080002c7   Thumb Code     0  startup_stm32h747xx_cm7.o(.text)
    WWDG_RST_IRQHandler                      0x080002c7   Thumb Code     0  startup_stm32h747xx_cm7.o(.text)
    __aeabi_uldivmod                         0x080002d1   Thumb Code    98  uldiv.o(.text)
    ___aeabi_memcpy8$move                    0x08000333   Thumb Code     0  memmovea.o(.text)
    __aeabi_memcpy                           0x08000333   Thumb Code    64  memmovea.o(.text)
    __aeabi_memcpy4                          0x08000333   Thumb Code     0  memmovea.o(.text)
    __aeabi_memmove                          0x08000333   Thumb Code     0  memmovea.o(.text)
    __aeabi_memmove4                         0x08000333   Thumb Code     0  memmovea.o(.text)
    __aeabi_memmove8                         0x08000333   Thumb Code     0  memmovea.o(.text)
    __aeabi_memset                           0x08000373   Thumb Code    14  memseta.o(.text)
    __aeabi_memset4                          0x08000373   Thumb Code     0  memseta.o(.text)
    __aeabi_memset8                          0x08000373   Thumb Code     0  memseta.o(.text)
    __aeabi_memclr                           0x08000381   Thumb Code     4  memseta.o(.text)
    __aeabi_memclr4                          0x08000381   Thumb Code     0  memseta.o(.text)
    __aeabi_memclr8                          0x08000381   Thumb Code     0  memseta.o(.text)
    _memset$wrapper                          0x08000385   Thumb Code    18  memseta.o(.text)
    strlen                                   0x08000397   Thumb Code    14  strlen.o(.text)
    __aeabi_uidiv                            0x080003a5   Thumb Code     0  uidiv.o(.text)
    __aeabi_uidivmod                         0x080003a5   Thumb Code    44  uidiv.o(.text)
    __aeabi_llsl                             0x080003d1   Thumb Code    30  llshl.o(.text)
    _ll_shift_l                              0x080003d1   Thumb Code     0  llshl.o(.text)
    __aeabi_llsr                             0x080003ef   Thumb Code    32  llushr.o(.text)
    _ll_ushift_r                             0x080003ef   Thumb Code     0  llushr.o(.text)
    __I$use$fp                               0x0800040f   Thumb Code     0  iusefp.o(.text)
    _double_round                            0x0800040f   Thumb Code    30  depilogue.o(.text)
    _double_epilogue                         0x0800042d   Thumb Code   156  depilogue.o(.text)
    __aeabi_dadd                             0x080004c9   Thumb Code   322  dadd.o(.text)
    __aeabi_dsub                             0x0800060b   Thumb Code     6  dadd.o(.text)
    __aeabi_drsub                            0x08000611   Thumb Code     6  dadd.o(.text)
    __aeabi_dmul                             0x08000617   Thumb Code   228  dmul.o(.text)
    __aeabi_ddiv                             0x080006fb   Thumb Code   222  ddiv.o(.text)
    __aeabi_d2ulz                            0x080007d9   Thumb Code    48  dfixul.o(.text)
    __aeabi_cdrcmple                         0x08000809   Thumb Code    48  cdrcmple.o(.text)
    __scatterload                            0x08000839   Thumb Code    38  init.o(.text)
    __scatterload_rt2                        0x08000839   Thumb Code     0  init.o(.text)
    __aeabi_lasr                             0x08000869   Thumb Code    36  llsshr.o(.text)
    _ll_sshift_r                             0x08000869   Thumb Code     0  llsshr.o(.text)
    BusFault_Handler                         0x08000891   Thumb Code     2  stm32h7xx_it_1.o(.text.BusFault_Handler)
    DMA1_Stream0_IRQHandler                  0x08000899   Thumb Code    12  stm32h7xx_it_1.o(.text.DMA1_Stream0_IRQHandler)
    DMA1_Stream1_IRQHandler                  0x080008a9   Thumb Code    12  stm32h7xx_it_1.o(.text.DMA1_Stream1_IRQHandler)
    DebugMon_Handler                         0x080009d1   Thumb Code     2  stm32h7xx_it_1.o(.text.DebugMon_Handler)
    Error_Handler                            0x080009d9   Thumb Code    10  main_1.o(.text.Error_Handler)
    Ext_SDRAM_Init                           0x080009e9   Thumb Code   130  sdram_fmc_drv.o(.text.Ext_SDRAM_Init)
    FMC_SDRAM_Init                           0x08000a71   Thumb Code   134  stm32h7xx_ll_fmc.o(.text.FMC_SDRAM_Init)
    FMC_SDRAM_ProgramRefreshRate             0x08000af9   Thumb Code    22  stm32h7xx_ll_fmc.o(.text.FMC_SDRAM_ProgramRefreshRate)
    FMC_SDRAM_SendCommand                    0x08000b11   Thumb Code    46  stm32h7xx_ll_fmc.o(.text.FMC_SDRAM_SendCommand)
    FMC_SDRAM_Timing_Init                    0x08000b41   Thumb Code   216  stm32h7xx_ll_fmc.o(.text.FMC_SDRAM_Timing_Init)
    HAL_DCMI_Init                            0x08000c19   Thumb Code   162  stm32h7xx_hal_dcmi.o(.text.HAL_DCMI_Init)
    HAL_DCMI_MspInit                         0x08000cc1   Thumb Code   346  dcmi.o(.text.HAL_DCMI_MspInit)
    HAL_DMA_Abort                            0x08000e21   Thumb Code  1248  stm32h7xx_hal_dma.o(.text.HAL_DMA_Abort)
    HAL_DMA_Abort_IT                         0x08001301   Thumb Code   664  stm32h7xx_hal_dma.o(.text.HAL_DMA_Abort_IT)
    HAL_DMA_IRQHandler                       0x08001599   Thumb Code  2684  stm32h7xx_hal_dma.o(.text.HAL_DMA_IRQHandler)
    HAL_DMA_Init                             0x08002019   Thumb Code  1566  stm32h7xx_hal_dma.o(.text.HAL_DMA_Init)
    HAL_Delay                                0x08002639   Thumb Code    40  stm32h7xx_hal.o(.text.HAL_Delay)
    HAL_GPIO_Init                            0x08002661   Thumb Code   418  stm32h7xx_hal_gpio.o(.text.HAL_GPIO_Init)
    HAL_GPIO_WritePin                        0x08002809   Thumb Code    10  stm32h7xx_hal_gpio.o(.text.HAL_GPIO_WritePin)
    HAL_GetREVID                             0x08002819   Thumb Code    14  stm32h7xx_hal.o(.text.HAL_GetREVID)
    HAL_GetTick                              0x08002829   Thumb Code    12  stm32h7xx_hal.o(.text.HAL_GetTick)
    HAL_HSEM_FastTake                        0x08002839   Thumb Code    28  stm32h7xx_hal_hsem.o(.text.HAL_HSEM_FastTake)
    HAL_HSEM_Release                         0x08002859   Thumb Code    18  stm32h7xx_hal_hsem.o(.text.HAL_HSEM_Release)
    HAL_I2CEx_ConfigAnalogFilter             0x08002871   Thumb Code    74  stm32h7xx_hal_i2c_ex.o(.text.HAL_I2CEx_ConfigAnalogFilter)
    HAL_I2CEx_ConfigDigitalFilter            0x080028c1   Thumb Code    72  stm32h7xx_hal_i2c_ex.o(.text.HAL_I2CEx_ConfigDigitalFilter)
    HAL_I2C_Init                             0x08002909   Thumb Code   164  stm32h7xx_hal_i2c.o(.text.HAL_I2C_Init)
    HAL_I2C_MspInit                          0x080029b1   Thumb Code   252  i2c.o(.text.HAL_I2C_MspInit)
    HAL_IncTick                              0x08002ab1   Thumb Code    26  stm32h7xx_hal.o(.text.HAL_IncTick)
    HAL_Init                                 0x08002ad1   Thumb Code   100  stm32h7xx_hal.o(.text.HAL_Init)
    HAL_InitTick                             0x08002b39   Thumb Code   168  stm32h7xx_hal_timebase_tim.o(.text.HAL_InitTick)
    HAL_MPU_ConfigRegion                     0x08002be1   Thumb Code    94  stm32h7xx_hal_cortex.o(.text.HAL_MPU_ConfigRegion)
    HAL_MPU_Disable                          0x08002c41   Thumb Code    26  stm32h7xx_hal_cortex.o(.text.HAL_MPU_Disable)
    HAL_MPU_Enable                           0x08002c61   Thumb Code    32  stm32h7xx_hal_cortex.o(.text.HAL_MPU_Enable)
    HAL_MspInit                              0x08002c81   Thumb Code    32  stm32h7xx_hal_msp_1.o(.text.HAL_MspInit)
    HAL_NVIC_EnableIRQ                       0x08002ca1   Thumb Code    34  stm32h7xx_hal_cortex.o(.text.HAL_NVIC_EnableIRQ)
    HAL_NVIC_SetPriority                     0x08002cc9   Thumb Code    90  stm32h7xx_hal_cortex.o(.text.HAL_NVIC_SetPriority)
    HAL_NVIC_SetPriorityGrouping             0x08002d29   Thumb Code    32  stm32h7xx_hal_cortex.o(.text.HAL_NVIC_SetPriorityGrouping)
    HAL_PWREx_ConfigSupply                   0x08002d49   Thumb Code   130  stm32h7xx_hal_pwr_ex.o(.text.HAL_PWREx_ConfigSupply)
    HAL_QSPI_Command                         0x08002dd1   Thumb Code   232  stm32h7xx_hal_qspi.o(.text.HAL_QSPI_Command)
    HAL_QSPI_Init                            0x08002eb9   Thumb Code   212  stm32h7xx_hal_qspi.o(.text.HAL_QSPI_Init)
    HAL_QSPI_MspInit                         0x08002f91   Thumb Code   240  quadspi.o(.text.HAL_QSPI_MspInit)
    HAL_QSPI_Receive                         0x08003081   Thumb Code   310  stm32h7xx_hal_qspi.o(.text.HAL_QSPI_Receive)
    HAL_QSPI_Transmit                        0x080031b9   Thumb Code   294  stm32h7xx_hal_qspi.o(.text.HAL_QSPI_Transmit)
    HAL_RCCEx_GetD3PCLK1Freq                 0x080032e1   Thumb Code    38  stm32h7xx_hal_rcc_ex.o(.text.HAL_RCCEx_GetD3PCLK1Freq)
    HAL_RCCEx_GetPLL1ClockFreq               0x08003309   Thumb Code   284  stm32h7xx_hal_rcc_ex.o(.text.HAL_RCCEx_GetPLL1ClockFreq)
    HAL_RCCEx_GetPLL2ClockFreq               0x08003439   Thumb Code   280  stm32h7xx_hal_rcc_ex.o(.text.HAL_RCCEx_GetPLL2ClockFreq)
    HAL_RCCEx_GetPLL3ClockFreq               0x08003561   Thumb Code   280  stm32h7xx_hal_rcc_ex.o(.text.HAL_RCCEx_GetPLL3ClockFreq)
    HAL_RCCEx_GetPeriphCLKFreq               0x08003689   Thumb Code   974  stm32h7xx_hal_rcc_ex.o(.text.HAL_RCCEx_GetPeriphCLKFreq)
    HAL_RCCEx_PeriphCLKConfig                0x08003a59   Thumb Code  2670  stm32h7xx_hal_rcc_ex.o(.text.HAL_RCCEx_PeriphCLKConfig)
    HAL_RCC_ClockConfig                      0x080044c9   Thumb Code   586  stm32h7xx_hal_rcc.o(.text.HAL_RCC_ClockConfig)
    HAL_RCC_GetClockConfig                   0x08004719   Thumb Code    88  stm32h7xx_hal_rcc.o(.text.HAL_RCC_GetClockConfig)
    HAL_RCC_GetHCLKFreq                      0x08004771   Thumb Code    76  stm32h7xx_hal_rcc.o(.text.HAL_RCC_GetHCLKFreq)
    HAL_RCC_GetPCLK1Freq                     0x080047c1   Thumb Code    96  stm32h7xx_hal_rcc.o(.text.HAL_RCC_GetPCLK1Freq)
    HAL_RCC_GetPCLK2Freq                     0x08004821   Thumb Code    96  stm32h7xx_hal_rcc.o(.text.HAL_RCC_GetPCLK2Freq)
    HAL_RCC_GetSysClockFreq                  0x08004881   Thumb Code   252  stm32h7xx_hal_rcc.o(.text.HAL_RCC_GetSysClockFreq)
    HAL_RCC_OscConfig                        0x08004991   Thumb Code  1582  stm32h7xx_hal_rcc.o(.text.HAL_RCC_OscConfig)
    HAL_SAI_Init                             0x08004fc1   Thumb Code  1040  stm32h7xx_hal_sai.o(.text.HAL_SAI_Init)
    HAL_SAI_MspInit                          0x080053d1   Thumb Code   236  sai.o(.text.HAL_SAI_MspInit)
    HAL_SDRAM_Init                           0x080054c1   Thumb Code    80  stm32h7xx_hal_sdram.o(.text.HAL_SDRAM_Init)
    HAL_SDRAM_MspInit                        0x08005511   Thumb Code   264  fmc.o(.text.HAL_SDRAM_MspInit)
    HAL_SDRAM_ProgramRefreshRate             0x08005619   Thumb Code    58  stm32h7xx_hal_sdram.o(.text.HAL_SDRAM_ProgramRefreshRate)
    HAL_SDRAM_SendCommand                    0x08005659   Thumb Code    68  stm32h7xx_hal_sdram.o(.text.HAL_SDRAM_SendCommand)
    HAL_SYSCFG_AnalogSwitchConfig            0x080056a1   Thumb Code    20  stm32h7xx_hal.o(.text.HAL_SYSCFG_AnalogSwitchConfig)
    HAL_TIMEx_Break2Callback                 0x080056b9   Thumb Code     2  stm32h7xx_hal_tim_ex.o(.text.HAL_TIMEx_Break2Callback)
    HAL_TIMEx_BreakCallback                  0x080056c1   Thumb Code     2  stm32h7xx_hal_tim_ex.o(.text.HAL_TIMEx_BreakCallback)
    HAL_TIMEx_CommutCallback                 0x080056c9   Thumb Code     2  stm32h7xx_hal_tim_ex.o(.text.HAL_TIMEx_CommutCallback)
    HAL_TIM_Base_Init                        0x080056d1   Thumb Code    96  stm32h7xx_hal_tim.o(.text.HAL_TIM_Base_Init)
    HAL_TIM_Base_MspInit                     0x08005731   Thumb Code     2  stm32h7xx_hal_tim.o(.text.HAL_TIM_Base_MspInit)
    HAL_TIM_Base_Start_IT                    0x08005739   Thumb Code   178  stm32h7xx_hal_tim.o(.text.HAL_TIM_Base_Start_IT)
    HAL_TIM_IC_CaptureCallback               0x080057f1   Thumb Code     2  stm32h7xx_hal_tim.o(.text.HAL_TIM_IC_CaptureCallback)
    HAL_TIM_IRQHandler                       0x080057f9   Thumb Code   392  stm32h7xx_hal_tim.o(.text.HAL_TIM_IRQHandler)
    HAL_TIM_OC_DelayElapsedCallback          0x08005981   Thumb Code     2  stm32h7xx_hal_tim.o(.text.HAL_TIM_OC_DelayElapsedCallback)
    HAL_TIM_PWM_PulseFinishedCallback        0x08005989   Thumb Code     2  stm32h7xx_hal_tim.o(.text.HAL_TIM_PWM_PulseFinishedCallback)
    HAL_TIM_PeriodElapsedCallback            0x08005991   Thumb Code    20  main_1.o(.text.HAL_TIM_PeriodElapsedCallback)
    HAL_TIM_TriggerCallback                  0x080059a9   Thumb Code     2  stm32h7xx_hal_tim.o(.text.HAL_TIM_TriggerCallback)
    HAL_UARTEx_DisableFifoMode               0x080059b1   Thumb Code    54  stm32h7xx_hal_uart_ex.o(.text.HAL_UARTEx_DisableFifoMode)
    HAL_UARTEx_ReceiveToIdle_IT              0x080059e9   Thumb Code    90  stm32h7xx_hal_uart_ex.o(.text.HAL_UARTEx_ReceiveToIdle_IT)
    HAL_UARTEx_RxEventCallback               0x08005a49   Thumb Code   148  usart_1.o(.text.HAL_UARTEx_RxEventCallback)
    HAL_UARTEx_RxFifoFullCallback            0x08005ae1   Thumb Code     2  stm32h7xx_hal_uart_ex.o(.text.HAL_UARTEx_RxFifoFullCallback)
    HAL_UARTEx_SetRxFifoThreshold            0x08005ae9   Thumb Code   146  stm32h7xx_hal_uart_ex.o(.text.HAL_UARTEx_SetRxFifoThreshold)
    HAL_UARTEx_SetTxFifoThreshold            0x08005b81   Thumb Code   146  stm32h7xx_hal_uart_ex.o(.text.HAL_UARTEx_SetTxFifoThreshold)
    HAL_UARTEx_TxFifoEmptyCallback           0x08005c19   Thumb Code     2  stm32h7xx_hal_uart_ex.o(.text.HAL_UARTEx_TxFifoEmptyCallback)
    HAL_UARTEx_WakeupCallback                0x08005c21   Thumb Code     2  stm32h7xx_hal_uart_ex.o(.text.HAL_UARTEx_WakeupCallback)
    HAL_UART_ErrorCallback                   0x08005c29   Thumb Code     2  stm32h7xx_hal_uart.o(.text.HAL_UART_ErrorCallback)
    HAL_UART_IRQHandler                      0x08005c31   Thumb Code   926  stm32h7xx_hal_uart.o(.text.HAL_UART_IRQHandler)
    HAL_UART_Init                            0x08005fd1   Thumb Code    98  stm32h7xx_hal_uart.o(.text.HAL_UART_Init)
    HAL_UART_MspInit                         0x08006039   Thumb Code   364  usart_1.o(.text.HAL_UART_MspInit)
    HAL_UART_RxCpltCallback                  0x080061a9   Thumb Code     2  stm32h7xx_hal_uart.o(.text.HAL_UART_RxCpltCallback)
    HAL_UART_Transmit                        0x080061b1   Thumb Code   202  stm32h7xx_hal_uart.o(.text.HAL_UART_Transmit)
    HAL_UART_TxCpltCallback                  0x08006281   Thumb Code     2  stm32h7xx_hal_uart.o(.text.HAL_UART_TxCpltCallback)
    HardFault_Handler                        0x08006289   Thumb Code     2  stm32h7xx_it_1.o(.text.HardFault_Handler)
    MX_DCMI_Init                             0x08006291   Thumb Code    60  dcmi.o(.text.MX_DCMI_Init)
    MX_DMA_Init                              0x080062d1   Thumb Code    68  dma_1.o(.text.MX_DMA_Init)
    MX_FMC_Init                              0x08006319   Thumb Code   104  fmc.o(.text.MX_FMC_Init)
    MX_GPIO_Init                             0x08006381   Thumb Code   218  gpio.o(.text.MX_GPIO_Init)
    MX_I2C1_Init                             0x08006461   Thumb Code   106  i2c.o(.text.MX_I2C1_Init)
    MX_I2C2_Init                             0x080064d1   Thumb Code   106  i2c.o(.text.MX_I2C2_Init)
    MX_QUADSPI_Init                          0x08006541   Thumb Code    66  quadspi.o(.text.MX_QUADSPI_Init)
    MX_SAI1_Init                             0x08006589   Thumb Code   120  sai.o(.text.MX_SAI1_Init)
    MX_UART4_Init                            0x08006601   Thumb Code   124  usart_1.o(.text.MX_UART4_Init)
    MX_USART1_UART_Init                      0x08006681   Thumb Code   124  usart_1.o(.text.MX_USART1_UART_Init)
    MX_USART3_UART_Init                      0x08006701   Thumb Code   132  usart_1.o(.text.MX_USART3_UART_Init)
    MemManage_Handler                        0x08006789   Thumb Code     2  stm32h7xx_it_1.o(.text.MemManage_Handler)
    NMI_Handler                              0x08006791   Thumb Code     2  stm32h7xx_it_1.o(.text.NMI_Handler)
    PendSV_Handler                           0x08006799   Thumb Code     2  stm32h7xx_it_1.o(.text.PendSV_Handler)
    SVC_Handler                              0x08006bb9   Thumb Code     2  stm32h7xx_it_1.o(.text.SVC_Handler)
    SysTick_Handler                          0x08006bc1   Thumb Code     2  stm32h7xx_it_1.o(.text.SysTick_Handler)
    SystemClock_Config                       0x08006bc9   Thumb Code   198  main_1.o(.text.SystemClock_Config)
    SystemInit                               0x08006c91   Thumb Code   226  system_stm32h7xx_dualcore_boot_cm4_cm7.o(.text.SystemInit)
    TIM3_IRQHandler                          0x08006d79   Thumb Code    12  stm32h7xx_it_1.o(.text.TIM3_IRQHandler)
    TIM_Base_SetConfig                       0x08006d89   Thumb Code   316  stm32h7xx_hal_tim.o(.text.TIM_Base_SetConfig)
    Tri_Color_LED_Init                       0x08006ec9   Thumb Code   168  gpio.o(.text.Tri_Color_LED_Init)
    Tri_LED_Off                              0x08006f71   Thumb Code    60  gpio.o(.text.Tri_LED_Off)
    Tri_LED_On                               0x08006fb1   Thumb Code    60  gpio.o(.text.Tri_LED_On)
    UART4_IRQHandler                         0x08006ff1   Thumb Code    36  stm32h7xx_it_1.o(.text.UART4_IRQHandler)
    UART_AdvFeatureConfig                    0x08007019   Thumb Code   224  stm32h7xx_hal_uart.o(.text.UART_AdvFeatureConfig)
    UART_CheckIdleState                      0x080070f9   Thumb Code   186  stm32h7xx_hal_uart.o(.text.UART_CheckIdleState)
    UART_SetConfig                           0x08007711   Thumb Code  1088  stm32h7xx_hal_uart.o(.text.UART_SetConfig)
    UART_Start_Receive_IT                    0x08007b59   Thumb Code   284  stm32h7xx_hal_uart.o(.text.UART_Start_Receive_IT)
    UART_WaitOnFlagUntilTimeout              0x08007c79   Thumb Code   310  stm32h7xx_hal_uart.o(.text.UART_WaitOnFlagUntilTimeout)
    USART1_IRQHandler                        0x08007db1   Thumb Code    12  stm32h7xx_it_1.o(.text.USART1_IRQHandler)
    USART3_IRQHandler                        0x08007dc1   Thumb Code    12  stm32h7xx_it_1.o(.text.USART3_IRQHandler)
    UsageFault_Handler                       0x08007dd1   Thumb Code     2  stm32h7xx_it_1.o(.text.UsageFault_Handler)
    W25Q256JVFIQ_EraseSector                 0x08007dd9   Thumb Code   214  qspi_flash_drv.o(.text.W25Q256JVFIQ_EraseSector)
    W25Q256JVFIQ_PageWrite                   0x08007eb1   Thumb Code   236  qspi_flash_drv.o(.text.W25Q256JVFIQ_PageWrite)
    W25Q256JVFIQ_Read                        0x08007fa1   Thumb Code    96  qspi_flash_drv.o(.text.W25Q256JVFIQ_Read)
    arm_convolve_HWC_u4_u4_u4_icn            0x08008001   Thumb Code  1598  arm_convolve_hwc_u4_u4_u4_icn.o(.text.arm_convolve_HWC_u4_u4_u4_icn)
    arm_convolve_HWC_u8_u4_u4_icn            0x08008641   Thumb Code  1664  arm_convolve_hwc_u8_u4_u4_icn.o(.text.arm_convolve_HWC_u8_u4_u4_icn)
    arm_depthwise_separable_conv_HWC_u4_u4_u4_icn 0x08008cc1   Thumb Code  1222  arm_depthwise_separable_conv_hwc_u4_u4_u4_icn.o(.text.arm_depthwise_separable_conv_HWC_u4_u4_u4_icn)
    arm_nn_mat_mult_kernel_reordered_u4_int16_u4_icn 0x08009189   Thumb Code   650  arm_nn_mat_mult_kernel_reordered_u4_int16_u4_icn.o(.text.arm_nn_mat_mult_kernel_reordered_u4_int16_u4_icn)
    arm_u4_to_int16_reordered                0x08009419   Thumb Code   252  arm_u4_to_int16_reordered.o(.text.arm_u4_to_int16_reordered)
    arm_u8_to_int16_reordered                0x08009519   Thumb Code   122  arm_u8_to_int16_reordered.o(.text.arm_u8_to_int16_reordered)
    fputc                                    0x08009599   Thumb Code    20  main_1.o(.text.fputc)
    invoke_layers                            0x080095b1   Thumb Code  2604  main_1.o(.text.invoke_layers)
    main                                     0x08009fe1   Thumb Code   824  main_1.o(.text.main)
    __0printf                                0x0800a3ad   Thumb Code    22  printfa.o(i.__0printf)
    __1printf                                0x0800a3ad   Thumb Code     0  printfa.o(i.__0printf)
    __2printf                                0x0800a3ad   Thumb Code     0  printfa.o(i.__0printf)
    __c89printf                              0x0800a3ad   Thumb Code     0  printfa.o(i.__0printf)
    printf                                   0x0800a3ad   Thumb Code     0  printfa.o(i.__0printf)
    __scatterload_copy                       0x0800a3cd   Thumb Code    14  handlers.o(i.__scatterload_copy)
    __scatterload_null                       0x0800a3db   Thumb Code     2  handlers.o(i.__scatterload_null)
    __scatterload_zeroinit                   0x0800a3dd   Thumb Code    14  handlers.o(i.__scatterload_zeroinit)
    putchar                                  0x0800aca1   Thumb Code     6  putchar.o(i.putchar)
    puts                                     0x0800acad   Thumb Code    30  puts.o(i.puts)
    BIAS_0                                   0x0800acdc   Data          32  main_1.o(.rodata.BIAS_0)
    BIAS_1                                   0x0800acfc   Data          32  main_1.o(.rodata.BIAS_1)
    BIAS_10                                  0x0800ad1c   Data         256  main_1.o(.rodata.BIAS_10)
    BIAS_11                                  0x0800ae1c   Data         256  main_1.o(.rodata.BIAS_11)
    BIAS_12                                  0x0800af1c   Data         512  main_1.o(.rodata.BIAS_12)
    BIAS_13                                  0x0800b11c   Data         512  main_1.o(.rodata.BIAS_13)
    BIAS_14                                  0x0800b31c   Data         512  main_1.o(.rodata.BIAS_14)
    BIAS_15                                  0x0800b51c   Data         512  main_1.o(.rodata.BIAS_15)
    BIAS_16                                  0x0800b71c   Data         512  main_1.o(.rodata.BIAS_16)
    BIAS_17                                  0x0800b91c   Data         512  main_1.o(.rodata.BIAS_17)
    BIAS_18                                  0x0800bb1c   Data         512  main_1.o(.rodata.BIAS_18)
    BIAS_19                                  0x0800bd1c   Data         512  main_1.o(.rodata.BIAS_19)
    BIAS_2                                   0x0800bf1c   Data          64  main_1.o(.rodata.BIAS_2)
    BIAS_20                                  0x0800bf5c   Data         512  main_1.o(.rodata.BIAS_20)
    BIAS_21                                  0x0800c15c   Data         512  main_1.o(.rodata.BIAS_21)
    BIAS_22                                  0x0800c35c   Data         512  main_1.o(.rodata.BIAS_22)
    BIAS_23                                  0x0800c55c   Data         512  main_1.o(.rodata.BIAS_23)
    BIAS_24                                  0x0800c75c   Data        1024  main_1.o(.rodata.BIAS_24)
    BIAS_25                                  0x0800cb5c   Data        1024  main_1.o(.rodata.BIAS_25)
    BIAS_26                                  0x0800cf5c   Data        1024  main_1.o(.rodata.BIAS_26)
    BIAS_3                                   0x0800d35c   Data          64  main_1.o(.rodata.BIAS_3)
    BIAS_4                                   0x0800d39c   Data         128  main_1.o(.rodata.BIAS_4)
    BIAS_5                                   0x0800d41c   Data         128  main_1.o(.rodata.BIAS_5)
    BIAS_6                                   0x0800d49c   Data         128  main_1.o(.rodata.BIAS_6)
    BIAS_7                                   0x0800d51c   Data         128  main_1.o(.rodata.BIAS_7)
    BIAS_8                                   0x0800d59c   Data         256  main_1.o(.rodata.BIAS_8)
    BIAS_9                                   0x0800d69c   Data         256  main_1.o(.rodata.BIAS_9)
    D1CorePrescTable                         0x0800d79c   Data          16  system_stm32h7xx_dualcore_boot_cm4_cm7.o(.rodata.D1CorePrescTable)
    M_ZERO_0                                 0x0800d7ac   Data          32  main_1.o(.rodata.M_ZERO_0)
    M_ZERO_1                                 0x0800d7cc   Data          32  main_1.o(.rodata.M_ZERO_1)
    M_ZERO_10                                0x0800d7ec   Data         256  main_1.o(.rodata.M_ZERO_10)
    M_ZERO_11                                0x0800d8ec   Data         256  main_1.o(.rodata.M_ZERO_11)
    M_ZERO_12                                0x0800d9ec   Data         512  main_1.o(.rodata.M_ZERO_12)
    M_ZERO_13                                0x0800dbec   Data         512  main_1.o(.rodata.M_ZERO_13)
    M_ZERO_14                                0x0800ddec   Data         512  main_1.o(.rodata.M_ZERO_14)
    M_ZERO_15                                0x0800dfec   Data         512  main_1.o(.rodata.M_ZERO_15)
    M_ZERO_16                                0x0800e1ec   Data         512  main_1.o(.rodata.M_ZERO_16)
    M_ZERO_17                                0x0800e3ec   Data         512  main_1.o(.rodata.M_ZERO_17)
    M_ZERO_18                                0x0800e5ec   Data         512  main_1.o(.rodata.M_ZERO_18)
    M_ZERO_19                                0x0800e7ec   Data         512  main_1.o(.rodata.M_ZERO_19)
    M_ZERO_2                                 0x0800e9ec   Data          64  main_1.o(.rodata.M_ZERO_2)
    M_ZERO_20                                0x0800ea2c   Data         512  main_1.o(.rodata.M_ZERO_20)
    M_ZERO_21                                0x0800ec2c   Data         512  main_1.o(.rodata.M_ZERO_21)
    M_ZERO_22                                0x0800ee2c   Data         512  main_1.o(.rodata.M_ZERO_22)
    M_ZERO_23                                0x0800f02c   Data         512  main_1.o(.rodata.M_ZERO_23)
    M_ZERO_24                                0x0800f22c   Data        1024  main_1.o(.rodata.M_ZERO_24)
    M_ZERO_25                                0x0800f62c   Data        1024  main_1.o(.rodata.M_ZERO_25)
    M_ZERO_26                                0x0800fa2c   Data        1024  main_1.o(.rodata.M_ZERO_26)
    M_ZERO_3                                 0x0800fe2c   Data          64  main_1.o(.rodata.M_ZERO_3)
    M_ZERO_4                                 0x0800fe6c   Data         128  main_1.o(.rodata.M_ZERO_4)
    M_ZERO_5                                 0x0800feec   Data         128  main_1.o(.rodata.M_ZERO_5)
    M_ZERO_6                                 0x0800ff6c   Data         128  main_1.o(.rodata.M_ZERO_6)
    M_ZERO_7                                 0x0800ffec   Data         128  main_1.o(.rodata.M_ZERO_7)
    M_ZERO_8                                 0x0801006c   Data         256  main_1.o(.rodata.M_ZERO_8)
    M_ZERO_9                                 0x0801016c   Data         256  main_1.o(.rodata.M_ZERO_9)
    N_ZERO_0                                 0x0801026c   Data           8  main_1.o(.rodata.N_ZERO_0)
    N_ZERO_1                                 0x08010274   Data           8  main_1.o(.rodata.N_ZERO_1)
    N_ZERO_10                                0x0801027c   Data          64  main_1.o(.rodata.N_ZERO_10)
    N_ZERO_11                                0x080102bc   Data          64  main_1.o(.rodata.N_ZERO_11)
    N_ZERO_12                                0x080102fc   Data         128  main_1.o(.rodata.N_ZERO_12)
    N_ZERO_13                                0x0801037c   Data         128  main_1.o(.rodata.N_ZERO_13)
    N_ZERO_14                                0x080103fc   Data         128  main_1.o(.rodata.N_ZERO_14)
    N_ZERO_15                                0x0801047c   Data         128  main_1.o(.rodata.N_ZERO_15)
    N_ZERO_16                                0x080104fc   Data         128  main_1.o(.rodata.N_ZERO_16)
    N_ZERO_17                                0x0801057c   Data         128  main_1.o(.rodata.N_ZERO_17)
    N_ZERO_18                                0x080105fc   Data         128  main_1.o(.rodata.N_ZERO_18)
    N_ZERO_19                                0x0801067c   Data         128  main_1.o(.rodata.N_ZERO_19)
    N_ZERO_2                                 0x080106fc   Data          16  main_1.o(.rodata.N_ZERO_2)
    N_ZERO_20                                0x0801070c   Data         128  main_1.o(.rodata.N_ZERO_20)
    N_ZERO_21                                0x0801078c   Data         128  main_1.o(.rodata.N_ZERO_21)
    N_ZERO_22                                0x0801080c   Data         128  main_1.o(.rodata.N_ZERO_22)
    N_ZERO_23                                0x0801088c   Data         128  main_1.o(.rodata.N_ZERO_23)
    N_ZERO_24                                0x0801090c   Data         256  main_1.o(.rodata.N_ZERO_24)
    N_ZERO_25                                0x08010a0c   Data         256  main_1.o(.rodata.N_ZERO_25)
    N_ZERO_26                                0x08010b0c   Data         256  main_1.o(.rodata.N_ZERO_26)
    N_ZERO_3                                 0x08010c0c   Data          16  main_1.o(.rodata.N_ZERO_3)
    N_ZERO_4                                 0x08010c1c   Data          32  main_1.o(.rodata.N_ZERO_4)
    N_ZERO_5                                 0x08010c3c   Data          32  main_1.o(.rodata.N_ZERO_5)
    N_ZERO_6                                 0x08010c5c   Data          32  main_1.o(.rodata.N_ZERO_6)
    N_ZERO_7                                 0x08010c7c   Data          32  main_1.o(.rodata.N_ZERO_7)
    N_ZERO_8                                 0x08010c9c   Data          64  main_1.o(.rodata.N_ZERO_8)
    N_ZERO_9                                 0x08010cdc   Data          64  main_1.o(.rodata.N_ZERO_9)
    UARTPrescTable                           0x08010d1c   Data          24  stm32h7xx_hal_uart.o(.rodata.UARTPrescTable)
    WEIGHT_0                                 0x08010d34   Data         288  main_1.o(.rodata.WEIGHT_0)
    WEIGHT_1                                 0x08010e54   Data          36  main_1.o(.rodata.WEIGHT_1)
    WEIGHT_10                                0x08010e78   Data        2048  main_1.o(.rodata.WEIGHT_10)
    WEIGHT_11                                0x08011678   Data         288  main_1.o(.rodata.WEIGHT_11)
    WEIGHT_12                                0x08011798   Data        4096  main_1.o(.rodata.WEIGHT_12)
    WEIGHT_13                                0x08012798   Data         576  main_1.o(.rodata.WEIGHT_13)
    WEIGHT_14                                0x080129d8   Data        8192  main_1.o(.rodata.WEIGHT_14)
    WEIGHT_15                                0x080149d8   Data         576  main_1.o(.rodata.WEIGHT_15)
    WEIGHT_16                                0x08014c18   Data        8192  main_1.o(.rodata.WEIGHT_16)
    WEIGHT_17                                0x08016c18   Data         576  main_1.o(.rodata.WEIGHT_17)
    WEIGHT_18                                0x08016e58   Data        8192  main_1.o(.rodata.WEIGHT_18)
    WEIGHT_19                                0x08018e58   Data         576  main_1.o(.rodata.WEIGHT_19)
    WEIGHT_2                                 0x08019098   Data          64  main_1.o(.rodata.WEIGHT_2)
    WEIGHT_20                                0x080190d8   Data        8192  main_1.o(.rodata.WEIGHT_20)
    WEIGHT_21                                0x0801b0d8   Data         576  main_1.o(.rodata.WEIGHT_21)
    WEIGHT_22                                0x0801b318   Data        8192  main_1.o(.rodata.WEIGHT_22)
    WEIGHT_23                                0x0801d318   Data         576  main_1.o(.rodata.WEIGHT_23)
    WEIGHT_24                                0x0801d558   Data       16384  main_1.o(.rodata.WEIGHT_24)
    WEIGHT_25                                0x08021558   Data        1152  main_1.o(.rodata.WEIGHT_25)
    WEIGHT_26                                0x080219d8   Data       32768  main_1.o(.rodata.WEIGHT_26)
    WEIGHT_3                                 0x080299d8   Data          72  main_1.o(.rodata.WEIGHT_3)
    WEIGHT_4                                 0x08029a20   Data         256  main_1.o(.rodata.WEIGHT_4)
    WEIGHT_5                                 0x08029b20   Data         144  main_1.o(.rodata.WEIGHT_5)
    WEIGHT_6                                 0x08029bb0   Data         512  main_1.o(.rodata.WEIGHT_6)
    WEIGHT_7                                 0x08029db0   Data         144  main_1.o(.rodata.WEIGHT_7)
    WEIGHT_8                                 0x08029e40   Data        1024  main_1.o(.rodata.WEIGHT_8)
    WEIGHT_9                                 0x0802a240   Data         288  main_1.o(.rodata.WEIGHT_9)
    input_image                              0x0802a370   Data       102400  main_1.o(.rodata.input_image)
    Region$$Table$$Base                      0x080434c8   Number         0  anon$$obj.o(Region$$Table)
    Region$$Table$$Limit                     0x080434e8   Number         0  anon$$obj.o(Region$$Table)
    dtcm_buffer                              0x20000000   Data        4096  main_1.o(.ARM.__at_0x20000000)
    SystemCoreClock                          0x20001000   Data           4  system_stm32h7xx_dualcore_boot_cm4_cm7.o(.data.SystemCoreClock)
    SystemD2Clock                            0x20001004   Data           4  system_stm32h7xx_dualcore_boot_cm4_cm7.o(.data.SystemD2Clock)
    uwTickFreq                               0x20001008   Data           1  stm32h7xx_hal.o(.data.uwTickFreq)
    uwTickPrio                               0x2000100c   Data           4  stm32h7xx_hal.o(.data.uwTickPrio)
    __stdout                                 0x20001018   Data          84  main_1.o(.bss.__stdout)
    dbg_rx_final_buf                         0x2001726c   Data         256  usart_1.o(.bss.dbg_rx_final_buf)
    dbg_rx_size                              0x2001736c   Data           1  usart_1.o(.bss.dbg_rx_size)
    dbg_rx_tmp_buf                           0x20017370   Data         128  usart_1.o(.bss.dbg_rx_tmp_buf)
    hdcmi                                    0x200173f0   Data          80  dcmi.o(.bss.hdcmi)
    hdma_dcmi                                0x20017440   Data         120  dcmi.o(.bss.hdma_dcmi)
    hdma_sai1_a                              0x200174b8   Data         120  sai.o(.bss.hdma_sai1_a)
    hi2c1                                    0x20017530   Data          84  i2c.o(.bss.hi2c1)
    hi2c2                                    0x20017584   Data          84  i2c.o(.bss.hi2c2)
    hqspi                                    0x200175d8   Data          76  quadspi.o(.bss.hqspi)
    hsai_BlockA1                             0x20017624   Data         152  sai.o(.bss.hsai_BlockA1)
    hsdram1                                  0x200176bc   Data          52  fmc.o(.bss.hsdram1)
    htim3                                    0x200176f0   Data          76  stm32h7xx_hal_timebase_tim.o(.bss.htim3)
    huart1                                   0x2001773c   Data         148  usart_1.o(.bss.huart1)
    huart3                                   0x200177d0   Data         148  usart_1.o(.bss.huart3)
    huart4                                   0x20017864   Data         148  usart_1.o(.bss.huart4)
    uwTick                                   0x200178f8   Data           4  stm32h7xx_hal.o(.bss.uwTick)
    wifi_rx_final_buf                        0x200178fc   Data         256  usart_1.o(.bss.wifi_rx_final_buf)
    wifi_rx_tmp_buf                          0x200179fc   Data         128  usart_1.o(.bss.wifi_rx_tmp_buf)
    __initial_sp                             0x20017e80   Data           0  startup_stm32h747xx_cm7.o(STACK)
    pdm_buffer                               0x24000000   Data         256  microphone_sai_drv.o(.ARM.__at_0x24000000)
    pcm_buffer                               0x24010000   Data         512  microphone_sai_drv.o(.ARM.__at_0x24010000)
    sram_buffer                              0x24030000   Data        4096  main_1.o(.ARM.__at_0x24030000)



==============================================================================

Memory Map of the image

  Image Entry point : 0x08000299

  Load Region LR_IROM1 (Base: 0x08000000, Size: 0x000444f8, Max: 0x00100000, ABSOLUTE)

    Execution Region ER_IROM1 (Exec base: 0x08000000, Load base: 0x08000000, Size: 0x000434e8, Max: 0x00100000, ABSOLUTE)

    Exec Addr    Load Addr    Size         Type   Attr      Idx    E Section Name        Object

    0x08000000   0x08000000   0x00000298   Data   RO            3    RESET               startup_stm32h747xx_cm7.o
    0x08000298   0x08000298   0x00000000   Code   RO         2582  * .ARM.Collect$$$$00000000  mc_w.l(entry.o)
    0x08000298   0x08000298   0x00000004   Code   RO         2886    .ARM.Collect$$$$00000001  mc_w.l(entry2.o)
    0x0800029c   0x0800029c   0x00000004   Code   RO         2889    .ARM.Collect$$$$00000004  mc_w.l(entry5.o)
    0x080002a0   0x080002a0   0x00000000   Code   RO         2891    .ARM.Collect$$$$00000008  mc_w.l(entry7b.o)
    0x080002a0   0x080002a0   0x00000000   Code   RO         2893    .ARM.Collect$$$$0000000A  mc_w.l(entry8b.o)
    0x080002a0   0x080002a0   0x00000008   Code   RO         2894    .ARM.Collect$$$$0000000B  mc_w.l(entry9a.o)
    0x080002a8   0x080002a8   0x00000000   Code   RO         2896    .ARM.Collect$$$$0000000D  mc_w.l(entry10a.o)
    0x080002a8   0x080002a8   0x00000000   Code   RO         2898    .ARM.Collect$$$$0000000F  mc_w.l(entry11a.o)
    0x080002a8   0x080002a8   0x00000004   Code   RO         2887    .ARM.Collect$$$$00002712  mc_w.l(entry2.o)
    0x080002ac   0x080002ac   0x00000024   Code   RO            4    .text               startup_stm32h747xx_cm7.o
    0x080002d0   0x080002d0   0x00000062   Code   RO         2591    .text               mc_w.l(uldiv.o)
    0x08000332   0x08000332   0x00000040   Code   RO         2597    .text               mc_w.l(memmovea.o)
    0x08000372   0x08000372   0x00000024   Code   RO         2599    .text               mc_w.l(memseta.o)
    0x08000396   0x08000396   0x0000000e   Code   RO         2601    .text               mc_w.l(strlen.o)
    0x080003a4   0x080003a4   0x0000002c   Code   RO         2909    .text               mc_w.l(uidiv.o)
    0x080003d0   0x080003d0   0x0000001e   Code   RO         2911    .text               mc_w.l(llshl.o)
    0x080003ee   0x080003ee   0x00000020   Code   RO         2913    .text               mc_w.l(llushr.o)
    0x0800040e   0x0800040e   0x00000000   Code   RO         2922    .text               mc_w.l(iusefp.o)
    0x0800040e   0x0800040e   0x000000ba   Code   RO         2925    .text               mf_w.l(depilogue.o)
    0x080004c8   0x080004c8   0x0000014e   Code   RO         2927    .text               mf_w.l(dadd.o)
    0x08000616   0x08000616   0x000000e4   Code   RO         2929    .text               mf_w.l(dmul.o)
    0x080006fa   0x080006fa   0x000000de   Code   RO         2931    .text               mf_w.l(ddiv.o)
    0x080007d8   0x080007d8   0x00000030   Code   RO         2933    .text               mf_w.l(dfixul.o)
    0x08000808   0x08000808   0x00000030   Code   RO         2935    .text               mf_w.l(cdrcmple.o)
    0x08000838   0x08000838   0x00000030   Code   RO         2939    .text               mc_w.l(init.o)
    0x08000868   0x08000868   0x00000024   Code   RO         2941    .text               mc_w.l(llsshr.o)
    0x0800088c   0x0800088c   0x00000004   PAD
    0x08000890   0x08000890   0x00000002   Code   RO          390    .text.BusFault_Handler  stm32h7xx_it_1.o
    0x08000892   0x08000892   0x00000006   PAD
    0x08000898   0x08000898   0x0000000c   Code   RO          402    .text.DMA1_Stream0_IRQHandler  stm32h7xx_it_1.o
    0x080008a4   0x080008a4   0x00000004   PAD
    0x080008a8   0x080008a8   0x0000000c   Code   RO          404    .text.DMA1_Stream1_IRQHandler  stm32h7xx_it_1.o
    0x080008b4   0x080008b4   0x00000004   PAD
    0x080008b8   0x080008b8   0x00000118   Code   RO          823    .text.DMA_CalcBaseAndBitshift  stm32h7xx_hal_dma.o
    0x080009d0   0x080009d0   0x00000002   Code   RO          396    .text.DebugMon_Handler  stm32h7xx_it_1.o
    0x080009d2   0x080009d2   0x00000006   PAD
    0x080009d8   0x080009d8   0x0000000a   Code   RO           93    .text.Error_Handler  main_1.o
    0x080009e2   0x080009e2   0x00000006   PAD
    0x080009e8   0x080009e8   0x00000082   Code   RO           11    .text.Ext_SDRAM_Init  sdram_fmc_drv.o
    0x08000a6a   0x08000a6a   0x00000006   PAD
    0x08000a70   0x08000a70   0x00000086   Code   RO         1420    .text.FMC_SDRAM_Init  stm32h7xx_ll_fmc.o
    0x08000af6   0x08000af6   0x00000002   PAD
    0x08000af8   0x08000af8   0x00000016   Code   RO         1432    .text.FMC_SDRAM_ProgramRefreshRate  stm32h7xx_ll_fmc.o
    0x08000b0e   0x08000b0e   0x00000002   PAD
    0x08000b10   0x08000b10   0x0000002e   Code   RO         1430    .text.FMC_SDRAM_SendCommand  stm32h7xx_ll_fmc.o
    0x08000b3e   0x08000b3e   0x00000002   PAD
    0x08000b40   0x08000b40   0x000000d8   Code   RO         1422    .text.FMC_SDRAM_Timing_Init  stm32h7xx_ll_fmc.o
    0x08000c18   0x08000c18   0x000000a2   Code   RO          550    .text.HAL_DCMI_Init  stm32h7xx_hal_dcmi.o
    0x08000cba   0x08000cba   0x00000006   PAD
    0x08000cc0   0x08000cc0   0x0000015a   Code   RO          263    .text.HAL_DCMI_MspInit  dcmi.o
    0x08000e1a   0x08000e1a   0x00000006   PAD
    0x08000e20   0x08000e20   0x000004e0   Code   RO          833    .text.HAL_DMA_Abort  stm32h7xx_hal_dma.o
    0x08001300   0x08001300   0x00000298   Code   RO          835    .text.HAL_DMA_Abort_IT  stm32h7xx_hal_dma.o
    0x08001598   0x08001598   0x00000a7c   Code   RO          839    .text.HAL_DMA_IRQHandler  stm32h7xx_hal_dma.o
    0x08002014   0x08002014   0x00000004   PAD
    0x08002018   0x08002018   0x0000061e   Code   RO          821    .text.HAL_DMA_Init  stm32h7xx_hal_dma.o
    0x08002636   0x08002636   0x00000002   PAD
    0x08002638   0x08002638   0x00000028   Code   RO         1085    .text.HAL_Delay     stm32h7xx_hal.o
    0x08002660   0x08002660   0x000001a2   Code   RO          767    .text.HAL_GPIO_Init  stm32h7xx_hal_gpio.o
    0x08002802   0x08002802   0x00000006   PAD
    0x08002808   0x08002808   0x0000000a   Code   RO          773    .text.HAL_GPIO_WritePin  stm32h7xx_hal_gpio.o
    0x08002812   0x08002812   0x00000006   PAD
    0x08002818   0x08002818   0x0000000e   Code   RO         1093    .text.HAL_GetREVID  stm32h7xx_hal.o
    0x08002826   0x08002826   0x00000002   PAD
    0x08002828   0x08002828   0x0000000c   Code   RO         1077    .text.HAL_GetTick   stm32h7xx_hal.o
    0x08002834   0x08002834   0x00000004   PAD
    0x08002838   0x08002838   0x0000001c   Code   RO          793    .text.HAL_HSEM_FastTake  stm32h7xx_hal_hsem.o
    0x08002854   0x08002854   0x00000004   PAD
    0x08002858   0x08002858   0x00000012   Code   RO          797    .text.HAL_HSEM_Release  stm32h7xx_hal_hsem.o
    0x0800286a   0x0800286a   0x00000006   PAD
    0x08002870   0x08002870   0x0000004a   Code   RO         1348    .text.HAL_I2CEx_ConfigAnalogFilter  stm32h7xx_hal_i2c_ex.o
    0x080028ba   0x080028ba   0x00000006   PAD
    0x080028c0   0x080028c0   0x00000048   Code   RO         1350    .text.HAL_I2CEx_ConfigDigitalFilter  stm32h7xx_hal_i2c_ex.o
    0x08002908   0x08002908   0x000000a4   Code   RO         1198    .text.HAL_I2C_Init  stm32h7xx_hal_i2c.o
    0x080029ac   0x080029ac   0x00000004   PAD
    0x080029b0   0x080029b0   0x000000fc   Code   RO          307    .text.HAL_I2C_MspInit  i2c.o
    0x08002aac   0x08002aac   0x00000004   PAD
    0x08002ab0   0x08002ab0   0x0000001a   Code   RO         1075    .text.HAL_IncTick   stm32h7xx_hal.o
    0x08002aca   0x08002aca   0x00000006   PAD
    0x08002ad0   0x08002ad0   0x00000064   Code   RO         1065    .text.HAL_Init      stm32h7xx_hal.o
    0x08002b34   0x08002b34   0x00000004   PAD
    0x08002b38   0x08002b38   0x000000a8   Code   RO          429    .text.HAL_InitTick  stm32h7xx_hal_timebase_tim.o
    0x08002be0   0x08002be0   0x0000005e   Code   RO          520    .text.HAL_MPU_ConfigRegion  stm32h7xx_hal_cortex.o
    0x08002c3e   0x08002c3e   0x00000002   PAD
    0x08002c40   0x08002c40   0x0000001a   Code   RO          516    .text.HAL_MPU_Disable  stm32h7xx_hal_cortex.o
    0x08002c5a   0x08002c5a   0x00000006   PAD
    0x08002c60   0x08002c60   0x00000020   Code   RO          518    .text.HAL_MPU_Enable  stm32h7xx_hal_cortex.o
    0x08002c80   0x08002c80   0x00000020   Code   RO          421    .text.HAL_MspInit   stm32h7xx_hal_msp_1.o
    0x08002ca0   0x08002ca0   0x00000022   Code   RO          506    .text.HAL_NVIC_EnableIRQ  stm32h7xx_hal_cortex.o
    0x08002cc2   0x08002cc2   0x00000006   PAD
    0x08002cc8   0x08002cc8   0x0000005a   Code   RO          504    .text.HAL_NVIC_SetPriority  stm32h7xx_hal_cortex.o
    0x08002d22   0x08002d22   0x00000006   PAD
    0x08002d28   0x08002d28   0x00000020   Code   RO          502    .text.HAL_NVIC_SetPriorityGrouping  stm32h7xx_hal_cortex.o
    0x08002d48   0x08002d48   0x00000082   Code   RO          971    .text.HAL_PWREx_ConfigSupply  stm32h7xx_hal_pwr_ex.o
    0x08002dca   0x08002dca   0x00000006   PAD
    0x08002dd0   0x08002dd0   0x000000e8   Code   RO         1536    .text.HAL_QSPI_Command  stm32h7xx_hal_qspi.o
    0x08002eb8   0x08002eb8   0x000000d4   Code   RO         1506    .text.HAL_QSPI_Init  stm32h7xx_hal_qspi.o
    0x08002f8c   0x08002f8c   0x00000004   PAD
    0x08002f90   0x08002f90   0x000000f0   Code   RO          323    .text.HAL_QSPI_MspInit  quadspi.o
    0x08003080   0x08003080   0x00000136   Code   RO         1544    .text.HAL_QSPI_Receive  stm32h7xx_hal_qspi.o
    0x080031b6   0x080031b6   0x00000002   PAD
    0x080031b8   0x080031b8   0x00000126   Code   RO         1542    .text.HAL_QSPI_Transmit  stm32h7xx_hal_qspi.o
    0x080032de   0x080032de   0x00000002   PAD
    0x080032e0   0x080032e0   0x00000026   Code   RO          652    .text.HAL_RCCEx_GetD3PCLK1Freq  stm32h7xx_hal_rcc_ex.o
    0x08003306   0x08003306   0x00000002   PAD
    0x08003308   0x08003308   0x0000012c   Code   RO          646    .text.HAL_RCCEx_GetPLL1ClockFreq  stm32h7xx_hal_rcc_ex.o
    0x08003434   0x08003434   0x00000004   PAD
    0x08003438   0x08003438   0x00000128   Code   RO          648    .text.HAL_RCCEx_GetPLL2ClockFreq  stm32h7xx_hal_rcc_ex.o
    0x08003560   0x08003560   0x00000128   Code   RO          650    .text.HAL_RCCEx_GetPLL3ClockFreq  stm32h7xx_hal_rcc_ex.o
    0x08003688   0x08003688   0x000003ce   Code   RO          644    .text.HAL_RCCEx_GetPeriphCLKFreq  stm32h7xx_hal_rcc_ex.o
    0x08003a56   0x08003a56   0x00000002   PAD
    0x08003a58   0x08003a58   0x00000a6e   Code   RO          636    .text.HAL_RCCEx_PeriphCLKConfig  stm32h7xx_hal_rcc_ex.o
    0x080044c6   0x080044c6   0x00000002   PAD
    0x080044c8   0x080044c8   0x0000024a   Code   RO          604    .text.HAL_RCC_ClockConfig  stm32h7xx_hal_rcc.o
    0x08004712   0x08004712   0x00000006   PAD
    0x08004718   0x08004718   0x00000058   Code   RO          622    .text.HAL_RCC_GetClockConfig  stm32h7xx_hal_rcc.o
    0x08004770   0x08004770   0x0000004c   Code   RO          614    .text.HAL_RCC_GetHCLKFreq  stm32h7xx_hal_rcc.o
    0x080047bc   0x080047bc   0x00000004   PAD
    0x080047c0   0x080047c0   0x00000060   Code   RO          616    .text.HAL_RCC_GetPCLK1Freq  stm32h7xx_hal_rcc.o
    0x08004820   0x08004820   0x00000060   Code   RO          618    .text.HAL_RCC_GetPCLK2Freq  stm32h7xx_hal_rcc.o
    0x08004880   0x08004880   0x0000010c   Code   RO          606    .text.HAL_RCC_GetSysClockFreq  stm32h7xx_hal_rcc.o
    0x0800498c   0x0800498c   0x00000004   PAD
    0x08004990   0x08004990   0x0000062e   Code   RO          602    .text.HAL_RCC_OscConfig  stm32h7xx_hal_rcc.o
    0x08004fbe   0x08004fbe   0x00000002   PAD
    0x08004fc0   0x08004fc0   0x00000410   Code   RO         1590    .text.HAL_SAI_Init  stm32h7xx_hal_sai.o
    0x080053d0   0x080053d0   0x000000ec   Code   RO          338    .text.HAL_SAI_MspInit  sai.o
    0x080054bc   0x080054bc   0x00000004   PAD
    0x080054c0   0x080054c0   0x00000050   Code   RO         1446    .text.HAL_SDRAM_Init  stm32h7xx_hal_sdram.o
    0x08005510   0x08005510   0x00000108   Code   RO          288    .text.HAL_SDRAM_MspInit  fmc.o
    0x08005618   0x08005618   0x0000003a   Code   RO         1490    .text.HAL_SDRAM_ProgramRefreshRate  stm32h7xx_hal_sdram.o
    0x08005652   0x08005652   0x00000006   PAD
    0x08005658   0x08005658   0x00000044   Code   RO         1488    .text.HAL_SDRAM_SendCommand  stm32h7xx_hal_sdram.o
    0x0800569c   0x0800569c   0x00000004   PAD
    0x080056a0   0x080056a0   0x00000014   Code   RO         1115    .text.HAL_SYSCFG_AnalogSwitchConfig  stm32h7xx_hal.o
    0x080056b4   0x080056b4   0x00000004   PAD
    0x080056b8   0x080056b8   0x00000002   Code   RO         1996    .text.HAL_TIMEx_Break2Callback  stm32h7xx_hal_tim_ex.o
    0x080056ba   0x080056ba   0x00000006   PAD
    0x080056c0   0x080056c0   0x00000002   Code   RO         1994    .text.HAL_TIMEx_BreakCallback  stm32h7xx_hal_tim_ex.o
    0x080056c2   0x080056c2   0x00000006   PAD
    0x080056c8   0x080056c8   0x00000002   Code   RO         1990    .text.HAL_TIMEx_CommutCallback  stm32h7xx_hal_tim_ex.o
    0x080056ca   0x080056ca   0x00000006   PAD
    0x080056d0   0x080056d0   0x00000060   Code   RO         1683    .text.HAL_TIM_Base_Init  stm32h7xx_hal_tim.o
    0x08005730   0x08005730   0x00000002   Code   RO         1685    .text.HAL_TIM_Base_MspInit  stm32h7xx_hal_tim.o
    0x08005732   0x08005732   0x00000006   PAD
    0x08005738   0x08005738   0x000000b2   Code   RO         1697    .text.HAL_TIM_Base_Start_IT  stm32h7xx_hal_tim.o
    0x080057ea   0x080057ea   0x00000006   PAD
    0x080057f0   0x080057f0   0x00000002   Code   RO         1819    .text.HAL_TIM_IC_CaptureCallback  stm32h7xx_hal_tim.o
    0x080057f2   0x080057f2   0x00000006   PAD
    0x080057f8   0x080057f8   0x00000188   Code   RO         1817    .text.HAL_TIM_IRQHandler  stm32h7xx_hal_tim.o
    0x08005980   0x08005980   0x00000002   Code   RO         1821    .text.HAL_TIM_OC_DelayElapsedCallback  stm32h7xx_hal_tim.o
    0x08005982   0x08005982   0x00000006   PAD
    0x08005988   0x08005988   0x00000002   Code   RO         1823    .text.HAL_TIM_PWM_PulseFinishedCallback  stm32h7xx_hal_tim.o
    0x0800598a   0x0800598a   0x00000006   PAD
    0x08005990   0x08005990   0x00000014   Code   RO          103    .text.HAL_TIM_PeriodElapsedCallback  main_1.o
    0x080059a4   0x080059a4   0x00000004   PAD
    0x080059a8   0x080059a8   0x00000002   Code   RO         1827    .text.HAL_TIM_TriggerCallback  stm32h7xx_hal_tim.o
    0x080059aa   0x080059aa   0x00000006   PAD
    0x080059b0   0x080059b0   0x00000036   Code   RO         2173    .text.HAL_UARTEx_DisableFifoMode  stm32h7xx_hal_uart_ex.o
    0x080059e6   0x080059e6   0x00000002   PAD
    0x080059e8   0x080059e8   0x0000005a   Code   RO         2181    .text.HAL_UARTEx_ReceiveToIdle_IT  stm32h7xx_hal_uart_ex.o
    0x08005a42   0x08005a42   0x00000006   PAD
    0x08005a48   0x08005a48   0x00000094   Code   RO          363    .text.HAL_UARTEx_RxEventCallback  usart_1.o
    0x08005adc   0x08005adc   0x00000004   PAD
    0x08005ae0   0x08005ae0   0x00000002   Code   RO         2159    .text.HAL_UARTEx_RxFifoFullCallback  stm32h7xx_hal_uart_ex.o
    0x08005ae2   0x08005ae2   0x00000006   PAD
    0x08005ae8   0x08005ae8   0x00000092   Code   RO         2177    .text.HAL_UARTEx_SetRxFifoThreshold  stm32h7xx_hal_uart_ex.o
    0x08005b7a   0x08005b7a   0x00000006   PAD
    0x08005b80   0x08005b80   0x00000092   Code   RO         2175    .text.HAL_UARTEx_SetTxFifoThreshold  stm32h7xx_hal_uart_ex.o
    0x08005c12   0x08005c12   0x00000006   PAD
    0x08005c18   0x08005c18   0x00000002   Code   RO         2161    .text.HAL_UARTEx_TxFifoEmptyCallback  stm32h7xx_hal_uart_ex.o
    0x08005c1a   0x08005c1a   0x00000006   PAD
    0x08005c20   0x08005c20   0x00000002   Code   RO         2157    .text.HAL_UARTEx_WakeupCallback  stm32h7xx_hal_uart_ex.o
    0x08005c22   0x08005c22   0x00000006   PAD
    0x08005c28   0x08005c28   0x00000002   Code   RO         2098    .text.HAL_UART_ErrorCallback  stm32h7xx_hal_uart.o
    0x08005c2a   0x08005c2a   0x00000006   PAD
    0x08005c30   0x08005c30   0x0000039e   Code   RO         2094    .text.HAL_UART_IRQHandler  stm32h7xx_hal_uart.o
    0x08005fce   0x08005fce   0x00000002   PAD
    0x08005fd0   0x08005fd0   0x00000062   Code   RO         2010    .text.HAL_UART_Init  stm32h7xx_hal_uart.o
    0x08006032   0x08006032   0x00000006   PAD
    0x08006038   0x08006038   0x0000016c   Code   RO          359    .text.HAL_UART_MspInit  usart_1.o
    0x080061a4   0x080061a4   0x00000004   PAD
    0x080061a8   0x080061a8   0x00000002   Code   RO         2106    .text.HAL_UART_RxCpltCallback  stm32h7xx_hal_uart.o
    0x080061aa   0x080061aa   0x00000006   PAD
    0x080061b0   0x080061b0   0x000000ca   Code   RO         2030    .text.HAL_UART_Transmit  stm32h7xx_hal_uart.o
    0x0800627a   0x0800627a   0x00000006   PAD
    0x08006280   0x08006280   0x00000002   Code   RO         2102    .text.HAL_UART_TxCpltCallback  stm32h7xx_hal_uart.o
    0x08006282   0x08006282   0x00000006   PAD
    0x08006288   0x08006288   0x00000002   Code   RO          386    .text.HardFault_Handler  stm32h7xx_it_1.o
    0x0800628a   0x0800628a   0x00000006   PAD
    0x08006290   0x08006290   0x0000003c   Code   RO          261    .text.MX_DCMI_Init  dcmi.o
    0x080062cc   0x080062cc   0x00000004   PAD
    0x080062d0   0x080062d0   0x00000044   Code   RO          277    .text.MX_DMA_Init   dma_1.o
    0x08006314   0x08006314   0x00000004   PAD
    0x08006318   0x08006318   0x00000068   Code   RO          286    .text.MX_FMC_Init   fmc.o
    0x08006380   0x08006380   0x000000da   Code   RO          251    .text.MX_GPIO_Init  gpio.o
    0x0800645a   0x0800645a   0x00000006   PAD
    0x08006460   0x08006460   0x0000006a   Code   RO          303    .text.MX_I2C1_Init  i2c.o
    0x080064ca   0x080064ca   0x00000006   PAD
    0x080064d0   0x080064d0   0x0000006a   Code   RO          305    .text.MX_I2C2_Init  i2c.o
    0x0800653a   0x0800653a   0x00000006   PAD
    0x08006540   0x08006540   0x00000042   Code   RO          321    .text.MX_QUADSPI_Init  quadspi.o
    0x08006582   0x08006582   0x00000006   PAD
    0x08006588   0x08006588   0x00000078   Code   RO          336    .text.MX_SAI1_Init  sai.o
    0x08006600   0x08006600   0x0000007c   Code   RO          353    .text.MX_UART4_Init  usart_1.o
    0x0800667c   0x0800667c   0x00000004   PAD
    0x08006680   0x08006680   0x0000007c   Code   RO          355    .text.MX_USART1_UART_Init  usart_1.o
    0x080066fc   0x080066fc   0x00000004   PAD
    0x08006700   0x08006700   0x00000084   Code   RO          357    .text.MX_USART3_UART_Init  usart_1.o
    0x08006784   0x08006784   0x00000004   PAD
    0x08006788   0x08006788   0x00000002   Code   RO          388    .text.MemManage_Handler  stm32h7xx_it_1.o
    0x0800678a   0x0800678a   0x00000006   PAD
    0x08006790   0x08006790   0x00000002   Code   RO          384    .text.NMI_Handler   stm32h7xx_it_1.o
    0x08006792   0x08006792   0x00000006   PAD
    0x08006798   0x08006798   0x00000002   Code   RO          398    .text.PendSV_Handler  stm32h7xx_it_1.o
    0x0800679a   0x0800679a   0x00000006   PAD
    0x080067a0   0x080067a0   0x000001d6   Code   RO         1538    .text.QSPI_Config   stm32h7xx_hal_qspi.o
    0x08006976   0x08006976   0x00000002   PAD
    0x08006978   0x08006978   0x0000011e   Code   RO          638    .text.RCCEx_PLL2_Config  stm32h7xx_hal_rcc_ex.o
    0x08006a96   0x08006a96   0x00000002   PAD
    0x08006a98   0x08006a98   0x0000011e   Code   RO          640    .text.RCCEx_PLL3_Config  stm32h7xx_hal_rcc_ex.o
    0x08006bb6   0x08006bb6   0x00000002   PAD
    0x08006bb8   0x08006bb8   0x00000002   Code   RO          394    .text.SVC_Handler   stm32h7xx_it_1.o
    0x08006bba   0x08006bba   0x00000006   PAD
    0x08006bc0   0x08006bc0   0x00000002   Code   RO          400    .text.SysTick_Handler  stm32h7xx_it_1.o
    0x08006bc2   0x08006bc2   0x00000006   PAD
    0x08006bc8   0x08006bc8   0x000000c6   Code   RO           91    .text.SystemClock_Config  main_1.o
    0x08006c8e   0x08006c8e   0x00000002   PAD
    0x08006c90   0x08006c90   0x000000e2   Code   RO         2196    .text.SystemInit    system_stm32h7xx_dualcore_boot_cm4_cm7.o
    0x08006d72   0x08006d72   0x00000006   PAD
    0x08006d78   0x08006d78   0x0000000c   Code   RO          406    .text.TIM3_IRQHandler  stm32h7xx_it_1.o
    0x08006d84   0x08006d84   0x00000004   PAD
    0x08006d88   0x08006d88   0x0000013c   Code   RO         1687    .text.TIM_Base_SetConfig  stm32h7xx_hal_tim.o
    0x08006ec4   0x08006ec4   0x00000004   PAD
    0x08006ec8   0x08006ec8   0x000000a8   Code   RO          243    .text.Tri_Color_LED_Init  gpio.o
    0x08006f70   0x08006f70   0x0000003c   Code   RO          249    .text.Tri_LED_Off   gpio.o
    0x08006fac   0x08006fac   0x00000004   PAD
    0x08006fb0   0x08006fb0   0x0000003c   Code   RO          247    .text.Tri_LED_On    gpio.o
    0x08006fec   0x08006fec   0x00000004   PAD
    0x08006ff0   0x08006ff0   0x00000024   Code   RO          412    .text.UART4_IRQHandler  stm32h7xx_it_1.o
    0x08007014   0x08007014   0x00000004   PAD
    0x08007018   0x08007018   0x000000e0   Code   RO         2016    .text.UART_AdvFeatureConfig  stm32h7xx_hal_uart.o
    0x080070f8   0x080070f8   0x000000ba   Code   RO         2018    .text.UART_CheckIdleState  stm32h7xx_hal_uart.o
    0x080071b2   0x080071b2   0x00000006   PAD
    0x080071b8   0x080071b8   0x00000010   Code   RO         2096    .text.UART_DMAAbortOnError  stm32h7xx_hal_uart.o
    0x080071c8   0x080071c8   0x000000ce   Code   RO         2136    .text.UART_RxISR_16BIT  stm32h7xx_hal_uart.o
    0x08007296   0x08007296   0x00000002   PAD
    0x08007298   0x08007298   0x000001d0   Code   RO         2132    .text.UART_RxISR_16BIT_FIFOEN  stm32h7xx_hal_uart.o
    0x08007468   0x08007468   0x000000ce   Code   RO         2138    .text.UART_RxISR_8BIT  stm32h7xx_hal_uart.o
    0x08007536   0x08007536   0x00000002   PAD
    0x08007538   0x08007538   0x000001d4   Code   RO         2134    .text.UART_RxISR_8BIT_FIFOEN  stm32h7xx_hal_uart.o
    0x0800770c   0x0800770c   0x00000004   PAD
    0x08007710   0x08007710   0x00000448   Code   RO         2014    .text.UART_SetConfig  stm32h7xx_hal_uart.o
    0x08007b58   0x08007b58   0x0000011c   Code   RO         2048    .text.UART_Start_Receive_IT  stm32h7xx_hal_uart.o
    0x08007c74   0x08007c74   0x00000004   PAD
    0x08007c78   0x08007c78   0x00000136   Code   RO         2032    .text.UART_WaitOnFlagUntilTimeout  stm32h7xx_hal_uart.o
    0x08007dae   0x08007dae   0x00000002   PAD
    0x08007db0   0x08007db0   0x0000000c   Code   RO          408    .text.USART1_IRQHandler  stm32h7xx_it_1.o
    0x08007dbc   0x08007dbc   0x00000004   PAD
    0x08007dc0   0x08007dc0   0x0000000c   Code   RO          410    .text.USART3_IRQHandler  stm32h7xx_it_1.o
    0x08007dcc   0x08007dcc   0x00000004   PAD
    0x08007dd0   0x08007dd0   0x00000002   Code   RO          392    .text.UsageFault_Handler  stm32h7xx_it_1.o
    0x08007dd2   0x08007dd2   0x00000006   PAD
    0x08007dd8   0x08007dd8   0x000000d6   Code   RO           44    .text.W25Q256JVFIQ_EraseSector  qspi_flash_drv.o
    0x08007eae   0x08007eae   0x00000002   PAD
    0x08007eb0   0x08007eb0   0x000000ec   Code   RO           40    .text.W25Q256JVFIQ_PageWrite  qspi_flash_drv.o
    0x08007f9c   0x08007f9c   0x00000004   PAD
    0x08007fa0   0x08007fa0   0x00000060   Code   RO           42    .text.W25Q256JVFIQ_Read  qspi_flash_drv.o
    0x08008000   0x08008000   0x0000063e   Code   RO          483    .text.arm_convolve_HWC_u4_u4_u4_icn  arm_convolve_hwc_u4_u4_u4_icn.o
    0x0800863e   0x0800863e   0x00000002   PAD
    0x08008640   0x08008640   0x00000680   Code   RO          444    .text.arm_convolve_HWC_u8_u4_u4_icn  arm_convolve_hwc_u8_u4_u4_icn.o
    0x08008cc0   0x08008cc0   0x000004c6   Code   RO          473    .text.arm_depthwise_separable_conv_HWC_u4_u4_u4_icn  arm_depthwise_separable_conv_hwc_u4_u4_u4_icn.o
    0x08009186   0x08009186   0x00000002   PAD
    0x08009188   0x08009188   0x0000028a   Code   RO          463    .text.arm_nn_mat_mult_kernel_reordered_u4_int16_u4_icn  arm_nn_mat_mult_kernel_reordered_u4_int16_u4_icn.o
    0x08009412   0x08009412   0x00000006   PAD
    0x08009418   0x08009418   0x000000fc   Code   RO          493    .text.arm_u4_to_int16_reordered  arm_u4_to_int16_reordered.o
    0x08009514   0x08009514   0x00000004   PAD
    0x08009518   0x08009518   0x0000007a   Code   RO          454    .text.arm_u8_to_int16_reordered  arm_u8_to_int16_reordered.o
    0x08009592   0x08009592   0x00000006   PAD
    0x08009598   0x08009598   0x00000014   Code   RO           83    .text.fputc         main_1.o
    0x080095ac   0x080095ac   0x00000004   PAD
    0x080095b0   0x080095b0   0x00000a2c   Code   RO           95    .text.invoke_layers  main_1.o
    0x08009fdc   0x08009fdc   0x00000004   PAD
    0x08009fe0   0x08009fe0   0x000003cc   Code   RO           89    .text.main          main_1.o
    0x0800a3ac   0x0800a3ac   0x00000020   Code   RO         2840    i.__0printf         mc_w.l(printfa.o)
    0x0800a3cc   0x0800a3cc   0x0000000e   Code   RO         2947    i.__scatterload_copy  mc_w.l(handlers.o)
    0x0800a3da   0x0800a3da   0x00000002   Code   RO         2948    i.__scatterload_null  mc_w.l(handlers.o)
    0x0800a3dc   0x0800a3dc   0x0000000e   Code   RO         2949    i.__scatterload_zeroinit  mc_w.l(handlers.o)
    0x0800a3ea   0x0800a3ea   0x00000002   PAD
    0x0800a3ec   0x0800a3ec   0x00000184   Code   RO         2847    i._fp_digits        mc_w.l(printfa.o)
    0x0800a570   0x0800a570   0x000006dc   Code   RO         2848    i._printf_core      mc_w.l(printfa.o)
    0x0800ac4c   0x0800ac4c   0x00000024   Code   RO         2849    i._printf_post_padding  mc_w.l(printfa.o)
    0x0800ac70   0x0800ac70   0x0000002e   Code   RO         2850    i._printf_pre_padding  mc_w.l(printfa.o)
    0x0800ac9e   0x0800ac9e   0x00000002   PAD
    0x0800aca0   0x0800aca0   0x0000000c   Code   RO         2587    i.putchar           mc_w.l(putchar.o)
    0x0800acac   0x0800acac   0x00000024   Code   RO         2585    i.puts              mc_w.l(puts.o)
    0x0800acd0   0x0800acd0   0x00000006   Data   RO         2145    .rodata..Lswitch.table.UART_SetConfig.5  stm32h7xx_hal_uart.o
    0x0800acd6   0x0800acd6   0x00000006   Data   RO         2146    .rodata..Lswitch.table.UART_SetConfig.7  stm32h7xx_hal_uart.o
    0x0800acdc   0x0800acdc   0x00000020   Data   RO          106    .rodata.BIAS_0      main_1.o
    0x0800acfc   0x0800acfc   0x00000020   Data   RO          110    .rodata.BIAS_1      main_1.o
    0x0800ad1c   0x0800ad1c   0x00000100   Data   RO          146    .rodata.BIAS_10     main_1.o
    0x0800ae1c   0x0800ae1c   0x00000100   Data   RO          150    .rodata.BIAS_11     main_1.o
    0x0800af1c   0x0800af1c   0x00000200   Data   RO          154    .rodata.BIAS_12     main_1.o
    0x0800b11c   0x0800b11c   0x00000200   Data   RO          158    .rodata.BIAS_13     main_1.o
    0x0800b31c   0x0800b31c   0x00000200   Data   RO          162    .rodata.BIAS_14     main_1.o
    0x0800b51c   0x0800b51c   0x00000200   Data   RO          166    .rodata.BIAS_15     main_1.o
    0x0800b71c   0x0800b71c   0x00000200   Data   RO          170    .rodata.BIAS_16     main_1.o
    0x0800b91c   0x0800b91c   0x00000200   Data   RO          174    .rodata.BIAS_17     main_1.o
    0x0800bb1c   0x0800bb1c   0x00000200   Data   RO          178    .rodata.BIAS_18     main_1.o
    0x0800bd1c   0x0800bd1c   0x00000200   Data   RO          182    .rodata.BIAS_19     main_1.o
    0x0800bf1c   0x0800bf1c   0x00000040   Data   RO          114    .rodata.BIAS_2      main_1.o
    0x0800bf5c   0x0800bf5c   0x00000200   Data   RO          186    .rodata.BIAS_20     main_1.o
    0x0800c15c   0x0800c15c   0x00000200   Data   RO          190    .rodata.BIAS_21     main_1.o
    0x0800c35c   0x0800c35c   0x00000200   Data   RO          194    .rodata.BIAS_22     main_1.o
    0x0800c55c   0x0800c55c   0x00000200   Data   RO          198    .rodata.BIAS_23     main_1.o
    0x0800c75c   0x0800c75c   0x00000400   Data   RO          202    .rodata.BIAS_24     main_1.o
    0x0800cb5c   0x0800cb5c   0x00000400   Data   RO          206    .rodata.BIAS_25     main_1.o
    0x0800cf5c   0x0800cf5c   0x00000400   Data   RO          210    .rodata.BIAS_26     main_1.o
    0x0800d35c   0x0800d35c   0x00000040   Data   RO          118    .rodata.BIAS_3      main_1.o
    0x0800d39c   0x0800d39c   0x00000080   Data   RO          122    .rodata.BIAS_4      main_1.o
    0x0800d41c   0x0800d41c   0x00000080   Data   RO          126    .rodata.BIAS_5      main_1.o
    0x0800d49c   0x0800d49c   0x00000080   Data   RO          130    .rodata.BIAS_6      main_1.o
    0x0800d51c   0x0800d51c   0x00000080   Data   RO          134    .rodata.BIAS_7      main_1.o
    0x0800d59c   0x0800d59c   0x00000100   Data   RO          138    .rodata.BIAS_8      main_1.o
    0x0800d69c   0x0800d69c   0x00000100   Data   RO          142    .rodata.BIAS_9      main_1.o
    0x0800d79c   0x0800d79c   0x00000010   Data   RO         2202    .rodata.D1CorePrescTable  system_stm32h7xx_dualcore_boot_cm4_cm7.o
    0x0800d7ac   0x0800d7ac   0x00000020   Data   RO          107    .rodata.M_ZERO_0    main_1.o
    0x0800d7cc   0x0800d7cc   0x00000020   Data   RO          111    .rodata.M_ZERO_1    main_1.o
    0x0800d7ec   0x0800d7ec   0x00000100   Data   RO          147    .rodata.M_ZERO_10   main_1.o
    0x0800d8ec   0x0800d8ec   0x00000100   Data   RO          151    .rodata.M_ZERO_11   main_1.o
    0x0800d9ec   0x0800d9ec   0x00000200   Data   RO          155    .rodata.M_ZERO_12   main_1.o
    0x0800dbec   0x0800dbec   0x00000200   Data   RO          159    .rodata.M_ZERO_13   main_1.o
    0x0800ddec   0x0800ddec   0x00000200   Data   RO          163    .rodata.M_ZERO_14   main_1.o
    0x0800dfec   0x0800dfec   0x00000200   Data   RO          167    .rodata.M_ZERO_15   main_1.o
    0x0800e1ec   0x0800e1ec   0x00000200   Data   RO          171    .rodata.M_ZERO_16   main_1.o
    0x0800e3ec   0x0800e3ec   0x00000200   Data   RO          175    .rodata.M_ZERO_17   main_1.o
    0x0800e5ec   0x0800e5ec   0x00000200   Data   RO          179    .rodata.M_ZERO_18   main_1.o
    0x0800e7ec   0x0800e7ec   0x00000200   Data   RO          183    .rodata.M_ZERO_19   main_1.o
    0x0800e9ec   0x0800e9ec   0x00000040   Data   RO          115    .rodata.M_ZERO_2    main_1.o
    0x0800ea2c   0x0800ea2c   0x00000200   Data   RO          187    .rodata.M_ZERO_20   main_1.o
    0x0800ec2c   0x0800ec2c   0x00000200   Data   RO          191    .rodata.M_ZERO_21   main_1.o
    0x0800ee2c   0x0800ee2c   0x00000200   Data   RO          195    .rodata.M_ZERO_22   main_1.o
    0x0800f02c   0x0800f02c   0x00000200   Data   RO          199    .rodata.M_ZERO_23   main_1.o
    0x0800f22c   0x0800f22c   0x00000400   Data   RO          203    .rodata.M_ZERO_24   main_1.o
    0x0800f62c   0x0800f62c   0x00000400   Data   RO          207    .rodata.M_ZERO_25   main_1.o
    0x0800fa2c   0x0800fa2c   0x00000400   Data   RO          211    .rodata.M_ZERO_26   main_1.o
    0x0800fe2c   0x0800fe2c   0x00000040   Data   RO          119    .rodata.M_ZERO_3    main_1.o
    0x0800fe6c   0x0800fe6c   0x00000080   Data   RO          123    .rodata.M_ZERO_4    main_1.o
    0x0800feec   0x0800feec   0x00000080   Data   RO          127    .rodata.M_ZERO_5    main_1.o
    0x0800ff6c   0x0800ff6c   0x00000080   Data   RO          131    .rodata.M_ZERO_6    main_1.o
    0x0800ffec   0x0800ffec   0x00000080   Data   RO          135    .rodata.M_ZERO_7    main_1.o
    0x0801006c   0x0801006c   0x00000100   Data   RO          139    .rodata.M_ZERO_8    main_1.o
    0x0801016c   0x0801016c   0x00000100   Data   RO          143    .rodata.M_ZERO_9    main_1.o
    0x0801026c   0x0801026c   0x00000008   Data   RO          108    .rodata.N_ZERO_0    main_1.o
    0x08010274   0x08010274   0x00000008   Data   RO          112    .rodata.N_ZERO_1    main_1.o
    0x0801027c   0x0801027c   0x00000040   Data   RO          148    .rodata.N_ZERO_10   main_1.o
    0x080102bc   0x080102bc   0x00000040   Data   RO          152    .rodata.N_ZERO_11   main_1.o
    0x080102fc   0x080102fc   0x00000080   Data   RO          156    .rodata.N_ZERO_12   main_1.o
    0x0801037c   0x0801037c   0x00000080   Data   RO          160    .rodata.N_ZERO_13   main_1.o
    0x080103fc   0x080103fc   0x00000080   Data   RO          164    .rodata.N_ZERO_14   main_1.o
    0x0801047c   0x0801047c   0x00000080   Data   RO          168    .rodata.N_ZERO_15   main_1.o
    0x080104fc   0x080104fc   0x00000080   Data   RO          172    .rodata.N_ZERO_16   main_1.o
    0x0801057c   0x0801057c   0x00000080   Data   RO          176    .rodata.N_ZERO_17   main_1.o
    0x080105fc   0x080105fc   0x00000080   Data   RO          180    .rodata.N_ZERO_18   main_1.o
    0x0801067c   0x0801067c   0x00000080   Data   RO          184    .rodata.N_ZERO_19   main_1.o
    0x080106fc   0x080106fc   0x00000010   Data   RO          116    .rodata.N_ZERO_2    main_1.o
    0x0801070c   0x0801070c   0x00000080   Data   RO          188    .rodata.N_ZERO_20   main_1.o
    0x0801078c   0x0801078c   0x00000080   Data   RO          192    .rodata.N_ZERO_21   main_1.o
    0x0801080c   0x0801080c   0x00000080   Data   RO          196    .rodata.N_ZERO_22   main_1.o
    0x0801088c   0x0801088c   0x00000080   Data   RO          200    .rodata.N_ZERO_23   main_1.o
    0x0801090c   0x0801090c   0x00000100   Data   RO          204    .rodata.N_ZERO_24   main_1.o
    0x08010a0c   0x08010a0c   0x00000100   Data   RO          208    .rodata.N_ZERO_25   main_1.o
    0x08010b0c   0x08010b0c   0x00000100   Data   RO          212    .rodata.N_ZERO_26   main_1.o
    0x08010c0c   0x08010c0c   0x00000010   Data   RO          120    .rodata.N_ZERO_3    main_1.o
    0x08010c1c   0x08010c1c   0x00000020   Data   RO          124    .rodata.N_ZERO_4    main_1.o
    0x08010c3c   0x08010c3c   0x00000020   Data   RO          128    .rodata.N_ZERO_5    main_1.o
    0x08010c5c   0x08010c5c   0x00000020   Data   RO          132    .rodata.N_ZERO_6    main_1.o
    0x08010c7c   0x08010c7c   0x00000020   Data   RO          136    .rodata.N_ZERO_7    main_1.o
    0x08010c9c   0x08010c9c   0x00000040   Data   RO          140    .rodata.N_ZERO_8    main_1.o
    0x08010cdc   0x08010cdc   0x00000040   Data   RO          144    .rodata.N_ZERO_9    main_1.o
    0x08010d1c   0x08010d1c   0x00000018   Data   RO         2144    .rodata.UARTPrescTable  stm32h7xx_hal_uart.o
    0x08010d34   0x08010d34   0x00000120   Data   RO          105    .rodata.WEIGHT_0    main_1.o
    0x08010e54   0x08010e54   0x00000024   Data   RO          109    .rodata.WEIGHT_1    main_1.o
    0x08010e78   0x08010e78   0x00000800   Data   RO          145    .rodata.WEIGHT_10   main_1.o
    0x08011678   0x08011678   0x00000120   Data   RO          149    .rodata.WEIGHT_11   main_1.o
    0x08011798   0x08011798   0x00001000   Data   RO          153    .rodata.WEIGHT_12   main_1.o
    0x08012798   0x08012798   0x00000240   Data   RO          157    .rodata.WEIGHT_13   main_1.o
    0x080129d8   0x080129d8   0x00002000   Data   RO          161    .rodata.WEIGHT_14   main_1.o
    0x080149d8   0x080149d8   0x00000240   Data   RO          165    .rodata.WEIGHT_15   main_1.o
    0x08014c18   0x08014c18   0x00002000   Data   RO          169    .rodata.WEIGHT_16   main_1.o
    0x08016c18   0x08016c18   0x00000240   Data   RO          173    .rodata.WEIGHT_17   main_1.o
    0x08016e58   0x08016e58   0x00002000   Data   RO          177    .rodata.WEIGHT_18   main_1.o
    0x08018e58   0x08018e58   0x00000240   Data   RO          181    .rodata.WEIGHT_19   main_1.o
    0x08019098   0x08019098   0x00000040   Data   RO          113    .rodata.WEIGHT_2    main_1.o
    0x080190d8   0x080190d8   0x00002000   Data   RO          185    .rodata.WEIGHT_20   main_1.o
    0x0801b0d8   0x0801b0d8   0x00000240   Data   RO          189    .rodata.WEIGHT_21   main_1.o
    0x0801b318   0x0801b318   0x00002000   Data   RO          193    .rodata.WEIGHT_22   main_1.o
    0x0801d318   0x0801d318   0x00000240   Data   RO          197    .rodata.WEIGHT_23   main_1.o
    0x0801d558   0x0801d558   0x00004000   Data   RO          201    .rodata.WEIGHT_24   main_1.o
    0x08021558   0x08021558   0x00000480   Data   RO          205    .rodata.WEIGHT_25   main_1.o
    0x080219d8   0x080219d8   0x00008000   Data   RO          209    .rodata.WEIGHT_26   main_1.o
    0x080299d8   0x080299d8   0x00000048   Data   RO          117    .rodata.WEIGHT_3    main_1.o
    0x08029a20   0x08029a20   0x00000100   Data   RO          121    .rodata.WEIGHT_4    main_1.o
    0x08029b20   0x08029b20   0x00000090   Data   RO          125    .rodata.WEIGHT_5    main_1.o
    0x08029bb0   0x08029bb0   0x00000200   Data   RO          129    .rodata.WEIGHT_6    main_1.o
    0x08029db0   0x08029db0   0x00000090   Data   RO          133    .rodata.WEIGHT_7    main_1.o
    0x08029e40   0x08029e40   0x00000400   Data   RO          137    .rodata.WEIGHT_8    main_1.o
    0x0802a240   0x0802a240   0x00000120   Data   RO          141    .rodata.WEIGHT_9    main_1.o
    0x0802a360   0x0802a360   0x00000010   Data   RO         2187    .rodata.cst8        stm32h7xx_hal_uart_ex.o
    0x0802a370   0x0802a370   0x00019000   Data   RO          218    .rodata.input_image  main_1.o
    0x08043370   0x08043370   0x00000143   Data   RO          222    .rodata.str1.1      main_1.o
    0x080434b3   0x080434b3   0x00000001   PAD
    0x080434b4   0x080434b4   0x00000012   Data   RO          221    .rodata.str1.4      main_1.o
    0x080434c6   0x080434c6   0x00000002   PAD
    0x080434c8   0x080434c8   0x00000020   Data   RO         2946    Region$$Table       anon$$obj.o


    Execution Region RW_IRAM1 (Exec base: 0x20000000, Load base: 0x080434e8, Size: 0x00017e80, Max: 0x00020000, ABSOLUTE)

    Exec Addr    Load Addr    Size         Type   Attr      Idx    E Section Name        Object

    0x20000000   0x080434e8   0x00001000   Data   RW          228    .ARM.__at_0x20000000  main_1.o
    0x20001000   0x080444e8   0x00000004   Data   RW         2200    .data.SystemCoreClock  system_stm32h7xx_dualcore_boot_cm4_cm7.o
    0x20001004   0x080444ec   0x00000004   Data   RW         2201    .data.SystemD2Clock  system_stm32h7xx_dualcore_boot_cm4_cm7.o
    0x20001008   0x080444f0   0x00000001   Data   RW         1188    .data.uwTickFreq    stm32h7xx_hal.o
    0x20001009   0x080444f1   0x00000003   PAD
    0x2000100c   0x080444f4   0x00000004   Data   RW         1187    .data.uwTickPrio    stm32h7xx_hal.o
    0x20001010        -       0x00000001   Zero   RW          293    .bss.FMC_Initialized  fmc.o
    0x20001011   0x080444f8   0x00000003   PAD
    0x20001014        -       0x00000004   Zero   RW          343    .bss.SAI1_client    sai.o
    0x20001018        -       0x00000054   Zero   RW          233    .bss.__stdout       main_1.o
    0x2000106c        -       0x00006400   Zero   RW          226    .bss.buffer0        main_1.o
    0x2000746c        -       0x0000c800   Zero   RW          223    .bss.buffer1        main_1.o
    0x20013c6c        -       0x00002400   Zero   RW          224    .bss.bufferA        main_1.o
    0x2001606c        -       0x00001200   Zero   RW          225    .bss.bufferB        main_1.o
    0x2001726c        -       0x00000100   Zero   RW          373    .bss.dbg_rx_final_buf  usart_1.o
    0x2001736c        -       0x00000001   Zero   RW          365    .bss.dbg_rx_size    usart_1.o
    0x2001736d   0x080444f8   0x00000003   PAD
    0x20017370        -       0x00000080   Zero   RW          372    .bss.dbg_rx_tmp_buf  usart_1.o
    0x200173f0        -       0x00000050   Zero   RW          267    .bss.hdcmi          dcmi.o
    0x20017440        -       0x00000078   Zero   RW          268    .bss.hdma_dcmi      dcmi.o
    0x200174b8        -       0x00000078   Zero   RW          344    .bss.hdma_sai1_a    sai.o
    0x20017530        -       0x00000054   Zero   RW          311    .bss.hi2c1          i2c.o
    0x20017584        -       0x00000054   Zero   RW          312    .bss.hi2c2          i2c.o
    0x200175d8        -       0x0000004c   Zero   RW          327    .bss.hqspi          quadspi.o
    0x20017624        -       0x00000098   Zero   RW          342    .bss.hsai_BlockA1   sai.o
    0x200176bc        -       0x00000034   Zero   RW          292    .bss.hsdram1        fmc.o
    0x200176f0        -       0x0000004c   Zero   RW          435    .bss.htim3          stm32h7xx_hal_timebase_tim.o
    0x2001773c        -       0x00000094   Zero   RW          370    .bss.huart1         usart_1.o
    0x200177d0        -       0x00000094   Zero   RW          371    .bss.huart3         usart_1.o
    0x20017864        -       0x00000094   Zero   RW          369    .bss.huart4         usart_1.o
    0x200178f8        -       0x00000004   Zero   RW         1189    .bss.uwTick         stm32h7xx_hal.o
    0x200178fc        -       0x00000100   Zero   RW          375    .bss.wifi_rx_final_buf  usart_1.o
    0x200179fc        -       0x00000080   Zero   RW          374    .bss.wifi_rx_tmp_buf  usart_1.o
    0x20017a7c   0x080444f8   0x00000004   PAD
    0x20017a80        -       0x00000400   Zero   RW            1    STACK               startup_stm32h747xx_cm7.o



  Load Region LR$$.ARM.__at_0x24000000 (Base: 0x24000000, Size: 0x00000100, Max: 0x00000100, ABSOLUTE)

    Execution Region ER$$.ARM.__at_0x24000000 (Exec base: 0x24000000, Load base: 0x24000000, Size: 0x00000100, Max: 0x00000100, ABSOLUTE, UNINIT)

    Exec Addr    Load Addr    Size         Type   Attr      Idx    E Section Name        Object

    0x24000000   0x24000000   0x00000100   Data   RW           29    .ARM.__at_0x24000000  microphone_sai_drv.o



  Load Region LR$$.ARM.__at_0x24010000 (Base: 0x24010000, Size: 0x00000200, Max: 0x00000200, ABSOLUTE)

    Execution Region ER$$.ARM.__at_0x24010000 (Exec base: 0x24010000, Load base: 0x24010000, Size: 0x00000200, Max: 0x00000200, ABSOLUTE, UNINIT)

    Exec Addr    Load Addr    Size         Type   Attr      Idx    E Section Name        Object

    0x24010000   0x24010000   0x00000200   Data   RW           32    .ARM.__at_0x24010000  microphone_sai_drv.o



  Load Region LR$$.ARM.__at_0x24030000 (Base: 0x24030000, Size: 0x00001000, Max: 0x00001000, ABSOLUTE)

    Execution Region ER$$.ARM.__at_0x24030000 (Exec base: 0x24030000, Load base: 0x24030000, Size: 0x00001000, Max: 0x00001000, ABSOLUTE, UNINIT)

    Exec Addr    Load Addr    Size         Type   Attr      Idx    E Section Name        Object

    0x24030000   0x24030000   0x00001000   Data   RW          229    .ARM.__at_0x24030000  main_1.o


==============================================================================

Image component sizes


      Code (inc. data)   RO Data    RW Data    ZI Data      Debug   Object Name

      1598          0          0          0          0       6417   arm_convolve_hwc_u4_u4_u4_icn.o
      1664          0          0          0          0       6446   arm_convolve_hwc_u8_u4_u4_icn.o
      1222          0          0          0          0       8783   arm_depthwise_separable_conv_hwc_u4_u4_u4_icn.o
       650          0          0          0          0       5421   arm_nn_mat_mult_kernel_reordered_u4_int16_u4_icn.o
       252          0          0          0          0       2548   arm_u4_to_int16_reordered.o
       122          0          0          0          0       1700   arm_u8_to_int16_reordered.o
       406          0          0          0        200       6695   dcmi.o
        68          0          0          0          0       5617   dma_1.o
       368          0          0          0         53       8644   fmc.o
       506          0          0          0          0       4297   gpio.o
       464          0          0          0        168       8535   i2c.o
      3824        148     231345       8192      90708      22611   main_1.o
         0          0          0        768          0       2226   microphone_sai_drv.o
       546          0          0          0          0       6852   qspi_flash_drv.o
       306          0          0          0         76       8192   quadspi.o
       356          0          0          0        276       8750   sai.o
       130          0          0          0          0       3326   sdram_fmc_drv.o
        36          8        664          0       1024        836   startup_stm32h747xx_cm7.o
       212          0          0          5          4      17170   stm32h7xx_hal.o
       308          0          0          0          0      12373   stm32h7xx_hal_cortex.o
       162          0          0          0          0       9095   stm32h7xx_hal_dcmi.o
      6442         12          0          0          0      17883   stm32h7xx_hal_dma.o
       428          0          0          0          0       7201   stm32h7xx_hal_gpio.o
        46          0          0          0          0       3275   stm32h7xx_hal_hsem.o
       164          0          0          0          0      62534   stm32h7xx_hal_i2c.o
       146          0          0          0          0       7650   stm32h7xx_hal_i2c_ex.o
        32          0          0          0          0       2250   stm32h7xx_hal_msp_1.o
       130          0          0          0          0      11847   stm32h7xx_hal_pwr_ex.o
      1518          0          0          0          0      20396   stm32h7xx_hal_qspi.o
      2792         16          0          0          0      11689   stm32h7xx_hal_rcc.o
      5146        210          0          0          0      18396   stm32h7xx_hal_rcc_ex.o
      1040          6          0          0          0      21964   stm32h7xx_hal_sai.o
       206          0          0          0          0      13184   stm32h7xx_hal_sdram.o
       992          0          0          0          0      66443   stm32h7xx_hal_tim.o
         6          0          0          0          0      25714   stm32h7xx_hal_tim_ex.o
       168          0          0          0         76       9925   stm32h7xx_hal_timebase_tim.o
      4692        300         36          0          0      36657   stm32h7xx_hal_uart.o
       442          0         16          0          0      11043   stm32h7xx_hal_uart_ex.o
       114          0          0          0          0       7278   stm32h7xx_it_1.o
       418          0          0          0          0       9062   stm32h7xx_ll_fmc.o
       226          0         16          8          0       6241   system_stm32h7xx_dualcore_boot_cm4_cm7.o
       892          0          0          0       1213      13208   usart_1.o

    ----------------------------------------------------------------------
     39744        708     232112       8976      93808     540374   Object Totals
         0          0         32          0          0          0   (incl. Generated)
       504          8          3          3         10          0   (incl. Padding)

    ----------------------------------------------------------------------

      Code (inc. data)   RO Data    RW Data    ZI Data      Debug   Library Member Name

         0          0          0          0          0          0   entry.o
         0          0          0          0          0          0   entry10a.o
         0          0          0          0          0          0   entry11a.o
         8          4          0          0          0          0   entry2.o
         4          0          0          0          0          0   entry5.o
         0          0          0          0          0          0   entry7b.o
         0          0          0          0          0          0   entry8b.o
         8          4          0          0          0          0   entry9a.o
        30          0          0          0          0          0   handlers.o
        48         10          0          0          0         68   init.o
         0          0          0          0          0          0   iusefp.o
        30          0          0          0          0         68   llshl.o
        36          0          0          0          0         68   llsshr.o
        32          0          0          0          0         68   llushr.o
        64          0          0          0          0         76   memmovea.o
        36          0          0          0          0        108   memseta.o
      2258         90          0          0          0        452   printfa.o
        12          6          0          0          0         68   putchar.o
        36          6          0          0          0         80   puts.o
        14          0          0          0          0         68   strlen.o
        44          0          0          0          0         80   uidiv.o
        98          0          0          0          0         92   uldiv.o
        48          0          0          0          0         68   cdrcmple.o
       334          0          0          0          0        148   dadd.o
       222          0          0          0          0        100   ddiv.o
       186          0          0          0          0        176   depilogue.o
        48          0          0          0          0         68   dfixul.o
       228          0          0          0          0         96   dmul.o

    ----------------------------------------------------------------------
      3832        120          0          0          0       1952   Library Totals
         8          0          0          0          0          0   (incl. Padding)

    ----------------------------------------------------------------------

      Code (inc. data)   RO Data    RW Data    ZI Data      Debug   Library Name

      2758        120          0          0          0       1296   mc_w.l
      1066          0          0          0          0        656   mf_w.l

    ----------------------------------------------------------------------
      3832        120          0          0          0       1952   Library Totals

    ----------------------------------------------------------------------

==============================================================================


      Code (inc. data)   RO Data    RW Data    ZI Data      Debug   

     43576        828     232112       8976      93808     540762   Grand Totals
     43576        828     232112       8976      93808     540762   ELF Image Totals
     43576        828     232112       8976          0          0   ROM Totals

==============================================================================

    Total RO  Size (Code + RO Data)               275688 ( 269.23kB)
    Total RW  Size (RW Data + ZI Data)            102784 ( 100.38kB)
    Total ROM Size (Code + RO Data + RW Data)     284664 ( 277.99kB)

==============================================================================

