<html>
<body>
<pre>
<h1>µVision Build Log</h1>
<h2>Tool Versions:</h2>
IDE-Version: ¦ÌVision V5.41.0.0
Copyright (C) 2024 ARM Ltd and ARM Germany GmbH. All rights reserved.
License Information: Ke SheldonLiu
SDNU
User-based license: Keil MDK Community (non-commercial free of charge)
Valid until: Jun 1 2033. Cached until: Feb 15 2026
 
Tool Versions:
Toolchain:       Keil MDK Community (non-commercial free of charge  Version: 5.41.0.0
Toolchain Path:  C:\Users\SheldonLiu\AppData\Local\Keil_v5\ARM\ARMCLANG\Bin
C Compiler:      ArmClang.exe V6.22
Assembler:       Armasm.exe V6.22
Linker/Locator:  ArmLink.exe V6.22
Library Manager: ArmAr.exe V6.22
Hex Converter:   FromElf.exe V6.22
CPU DLL:         SARMCM3.DLL V5.41.0.0
Dialog DLL:      DCM.DLL V1.17.5.0
Target DLL:      CMSIS_AGDI.dll V1.33.21.0
Dialog DLL:      TCM.DLL V1.56.4.0
 
<h2>Project:</h2>
D:\ScholarStation\SelfBoardProject\MDK-ARM\TinyMLPT.uvprojx
Project File Date:  02/12/2026

<h2>Output:</h2>
*** Using Compiler 'V6.22', folder: 'C:\Users\SheldonLiu\AppData\Local\Keil_v5\ARM\ARMCLANG\Bin'
Build target 'TinyMLPT_CM7'
Note: source file '../CM7/Core/Src/main.c' - object file renamed from 'TinyMLPT_CM7\main.o' to 'TinyMLPT_CM7\main_1.o'.
Note: source file '../CM7/Core/Src/dma.c' - object file renamed from 'TinyMLPT_CM7\dma.o' to 'TinyMLPT_CM7\dma_1.o'.
Note: source file '../CM7/Core/Src/usart.c' - object file renamed from 'TinyMLPT_CM7\usart.o' to 'TinyMLPT_CM7\usart_1.o'.
Note: source file '../CM7/Core/Src/stm32h7xx_it.c' - object file renamed from 'TinyMLPT_CM7\stm32h7xx_it.o' to 'TinyMLPT_CM7\stm32h7xx_it_1.o'.
Note: source file '../CM7/Core/Src/stm32h7xx_hal_msp.c' - object file renamed from 'TinyMLPT_CM7\stm32h7xx_hal_msp.o' to 'TinyMLPT_CM7\stm32h7xx_hal_msp_1.o'.
compiling main.c...
linking...
Program Size: Code=43576 RO-data=232112 RW-data=8976 ZI-data=93808  
FromELF: creating hex file...
"TinyMLPT_CM7\TinyMLPT_CM7.axf" - 0 Error(s), 0 Warning(s).

<h2>Software Packages used:</h2>

Package Vendor: Keil
                https://www.keil.com/pack/Keil.STM32H7xx_DFP.4.0.0.pack
                Keil::STM32H7xx_DFP@4.0.0
                STMicroelectronics STM32H7 Series Device Support

<h2>Collection of Component include folders:</h2>

<h2>Collection of Component Files used:</h2>
Build Time Elapsed:  00:00:01
</pre>
</body>
</html>
