<html>
<body>
<pre>
<h1>µVision Build Log</h1>
<h2>Tool Versions:</h2>
IDE-Version: ¦ÌVision V5.41.0.0
Copyright (C) 2024 ARM Ltd and ARM Germany GmbH. All rights reserved.
License Information: Ke SheldonLiu
SDNU
User-based license: Keil MDK Community (non-commercial free of charge)
Valid until: Jun 1 2033. Cached until: Feb 20 2026
 
Tool Versions:
Toolchain:       Keil MDK Community (non-commercial free of charge  Version: 5.41.0.0
Toolchain Path:  C:\Users\SheldonLiu\AppData\Local\Keil_v5\ARM\ARMCLANG\Bin
C Compiler:      ArmClang.exe V6.22
Assembler:       Armasm.exe V6.22
Linker/Locator:  ArmLink.exe V6.22
Library Manager: ArmAr.exe V6.22
Hex Converter:   FromElf.exe V6.22
CPU DLL:         SARMCM3.DLL V5.41.0.0
Dialog DLL:      DCM.DLL V1.17.5.0
Target DLL:      CMSIS_AGDI.dll V1.33.21.0
Dialog DLL:      TCM.DLL V1.56.4.0
 
<h2>Project:</h2>
D:\ScholarStation\SelfBoardProject\MDK-ARM\TinyMLPT.uvprojx
Project File Date:  02/13/2026

<h2>Output:</h2>
*** Using Compiler 'V6.22', folder: 'C:\Users\SheldonLiu\AppData\Local\Keil_v5\ARM\ARMCLANG\Bin'
Rebuild target 'TinyMLPT_CM7'
Note: source file '../CM7/Core/Src/main.c' - object file renamed from 'TinyMLPT_CM7\main.o' to 'TinyMLPT_CM7\main_1.o'.
Note: source file '../CM7/Core/Src/dma.c' - object file renamed from 'TinyMLPT_CM7\dma.o' to 'TinyMLPT_CM7\dma_1.o'.
Note: source file '../CM7/Core/Src/usart.c' - object file renamed from 'TinyMLPT_CM7\usart.o' to 'TinyMLPT_CM7\usart_1.o'.
Note: source file '../CM7/Core/Src/stm32h7xx_it.c' - object file renamed from 'TinyMLPT_CM7\stm32h7xx_it.o' to 'TinyMLPT_CM7\stm32h7xx_it_1.o'.
Note: source file '../CM7/Core/Src/stm32h7xx_hal_msp.c' - object file renamed from 'TinyMLPT_CM7\stm32h7xx_hal_msp.o' to 'TinyMLPT_CM7\stm32h7xx_hal_msp_1.o'.
compiling arm_nn_mat_mult_kernel_reordered_u4_int16_u4_icn.c...
compiling dma.c...
assembling startup_stm32h747xx_CM7.s...
compiling arm_convolve_HWC_u4_u4_u4_icn.c...
compiling dcmi.c...
compiling arm_u4_to_int16_reordered.c...
compiling arm_u8_to_int16_reordered.c...
compiling arm_depthwise_separable_conv_HWC_u4_u4_u4_icn.c...
compiling arm_convolve_HWC_u8_u4_u4_icn.c...
compiling i2c.c...
compiling sai.c...
compiling quadspi.c...
compiling fmc.c...
compiling gpio.c...
compiling stm32h7xx_it.c...
compiling usart.c...
compiling stm32h7xx_hal_msp.c...
compiling stm32h7xx_hal_timebase_tim.c...
compiling main.c...
compiling stm32h7xx_hal_cortex.c...
compiling stm32h7xx_hal_dcmi.c...
compiling stm32h7xx_hal_tim_ex.c...
compiling stm32h7xx_hal_gpio.c...
compiling stm32h7xx_hal_rcc.c...
compiling stm32h7xx_hal_flash.c...
compiling stm32h7xx_hal_flash_ex.c...
compiling stm32h7xx_hal_hsem.c...
compiling stm32h7xx_hal_rcc_ex.c...
compiling stm32h7xx_hal_dma_ex.c...
compiling stm32h7xx_hal_pwr.c...
compiling stm32h7xx_hal_tim.c...
compiling stm32h7xx_hal_mdma.c...
compiling stm32h7xx_hal_dma.c...
compiling stm32h7xx_hal_pwr_ex.c...
compiling stm32h7xx_hal.c...
compiling stm32h7xx_hal_i2c_ex.c...
compiling stm32h7xx_hal_exti.c...
compiling stm32h7xx_hal_nor.c...
compiling stm32h7xx_hal_sram.c...
compiling stm32h7xx_ll_fmc.c...
compiling stm32h7xx_hal_nand.c...
compiling stm32h7xx_hal_sdram.c...
compiling stm32h7xx_hal_sai_ex.c...
compiling stm32h7xx_hal_i2c.c...
compiling stm32h7xx_hal_qspi.c...
compiling stm32h7xx_hal_sai.c...
compiling stm32h7xx_hal_uart_ex.c...
compiling arm_nn_activations_q7.c...
compiling system_stm32h7xx_dualcore_boot_cm4_cm7.c...
compiling arm_nn_activations_q15.c...
compiling arm_relu_q7.c...
compiling arm_relu_q15.c...
compiling stm32h7xx_hal_uart.c...
compiling arm_convolve_1x1_HWC_q7_fast_nonsquare.c...
compiling arm_convolve_HWC_q7_basic.c...
compiling arm_convolve_HWC_q7_basic_nonsquare.c...
compiling arm_convolve_HWC_q7_RGB.c...
compiling arm_convolve_HWC_q7_fast.c...
compiling arm_convolve_HWC_q7_fast_nonsquare.c...
compiling arm_convolve_HWC_q15_basic.c...
compiling arm_convolve_HWC_q15_fast.c...
compiling arm_convolve_HWC_q15_fast_nonsquare.c...
compiling arm_depthwise_conv_u8_basic_ver1.c...
compiling arm_depthwise_separable_conv_HWC_q7.c...
compiling arm_depthwise_separable_conv_HWC_q7_nonsquare.c...
compiling arm_nn_mat_mult_kernel_q7_q15.c...
compiling arm_nn_mat_mult_kernel_q7_q15_reordered.c...
compiling arm_fully_connected_mat_q7_vec_q15.c...
compiling arm_fully_connected_mat_q7_vec_q15_opt.c...
compiling arm_fully_connected_q7.c...
compiling arm_fully_connected_q7_opt.c...
compiling arm_fully_connected_q15.c...
compiling arm_fully_connected_q15_opt.c...
compiling arm_nn_mult_q7.c...
compiling arm_nn_mult_q15.c...
compiling arm_nntables.c...
compiling arm_q7_to_q15_no_shift.c...
compiling arm_q7_to_q15_reordered_no_shift.c...
compiling arm_softmax_q7.c...
compiling arm_pool_q7_HWC.c...
compiling arm_softmax_q15.c...
compiling microphone_sai_drv.c...
compiling ov5640_dcmi_drv.c...
compiling qspi_flash_drv.c...
compiling ov5640_reg.c...
compiling sdram_fmc_drv.c...
compiling stm32_pico_uart_drv.c...
compiling ov5640.c...
linking...
Program Size: Code=43192 RO-data=233064 RW-data=784 ZI-data=93880  
FromELF: creating hex file...
"TinyMLPT_CM7\TinyMLPT_CM7.axf" - 0 Error(s), 0 Warning(s).

<h2>Software Packages used:</h2>

Package Vendor: Keil
                https://www.keil.com/pack/Keil.STM32H7xx_DFP.4.0.0.pack
                Keil::STM32H7xx_DFP@4.0.0
                STMicroelectronics STM32H7 Series Device Support

<h2>Collection of Component include folders:</h2>

<h2>Collection of Component Files used:</h2>
Build Time Elapsed:  00:00:05
</pre>
</body>
</html>
